Archive member included because of file (symbol)

/usr/local/opt/gcc-arm-none-eabi-4_9-2015q2/bin/../lib/gcc/arm-none-eabi/4.9.3/../../../../arm-none-eabi/lib/armv7e-m/fpu/libc_nano.a(lib_a-exit.o)
                              /usr/local/opt/gcc-arm-none-eabi-4_9-2015q2/bin/../lib/gcc/arm-none-eabi/4.9.3/../../../../arm-none-eabi/lib/armv7e-m/fpu/crt0.o (exit)
/usr/local/opt/gcc-arm-none-eabi-4_9-2015q2/bin/../lib/gcc/arm-none-eabi/4.9.3/../../../../arm-none-eabi/lib/armv7e-m/fpu/libc_nano.a(lib_a-impure.o)
                              /usr/local/opt/gcc-arm-none-eabi-4_9-2015q2/bin/../lib/gcc/arm-none-eabi/4.9.3/../../../../arm-none-eabi/lib/armv7e-m/fpu/libc_nano.a(lib_a-exit.o) (_global_impure_ptr)
/usr/local/opt/gcc-arm-none-eabi-4_9-2015q2/bin/../lib/gcc/arm-none-eabi/4.9.3/../../../../arm-none-eabi/lib/armv7e-m/fpu/libc_nano.a(lib_a-init.o)
                              /usr/local/opt/gcc-arm-none-eabi-4_9-2015q2/bin/../lib/gcc/arm-none-eabi/4.9.3/../../../../arm-none-eabi/lib/armv7e-m/fpu/crt0.o (__libc_init_array)
/usr/local/opt/gcc-arm-none-eabi-4_9-2015q2/bin/../lib/gcc/arm-none-eabi/4.9.3/../../../../arm-none-eabi/lib/armv7e-m/fpu/libc_nano.a(lib_a-memset.o)
                              /usr/local/opt/gcc-arm-none-eabi-4_9-2015q2/bin/../lib/gcc/arm-none-eabi/4.9.3/../../../../arm-none-eabi/lib/armv7e-m/fpu/crt0.o (memset)
/usr/local/opt/gcc-arm-none-eabi-4_9-2015q2/bin/../lib/gcc/arm-none-eabi/4.9.3/../../../../arm-none-eabi/lib/armv7e-m/fpu/libnosys.a(_exit.o)
                              /usr/local/opt/gcc-arm-none-eabi-4_9-2015q2/bin/../lib/gcc/arm-none-eabi/4.9.3/../../../../arm-none-eabi/lib/armv7e-m/fpu/libc_nano.a(lib_a-exit.o) (_exit)
/usr/local/opt/gcc-arm-none-eabi-4_9-2015q2/bin/../lib/gcc/arm-none-eabi/4.9.3/../../../../arm-none-eabi/lib/armv7e-m/fpu/libc_nano.a(lib_a-memcmp.o)
                              _build/device_manager_peripheral.o (memcmp)
/usr/local/opt/gcc-arm-none-eabi-4_9-2015q2/bin/../lib/gcc/arm-none-eabi/4.9.3/../../../../arm-none-eabi/lib/armv7e-m/fpu/libc_nano.a(lib_a-memcpy.o)
                              _build/SEGGER_RTT.o (memcpy)
/usr/local/opt/gcc-arm-none-eabi-4_9-2015q2/bin/../lib/gcc/arm-none-eabi/4.9.3/../../../../arm-none-eabi/lib/armv7e-m/fpu/libc_nano.a(lib_a-strcpy.o)
                              _build/SEGGER_RTT.o (strcpy)
/usr/local/opt/gcc-arm-none-eabi-4_9-2015q2/bin/../lib/gcc/arm-none-eabi/4.9.3/../../../../arm-none-eabi/lib/armv7e-m/fpu/libc_nano.a(lib_a-strlen.o)
                              _build/SEGGER_RTT.o (strlen)

Allocating common symbols
Common symbol       size              file

nrf_nvic_state      0xc               _build/softdevice_handler.o
xQueueRegistry      0x10              _build/queue.o
_SEGGER_RTT         0x78              _build/SEGGER_RTT.o

Discarded input sections

 .text          0x0000000000000000        0x0 /usr/local/opt/gcc-arm-none-eabi-4_9-2015q2/bin/../lib/gcc/arm-none-eabi/4.9.3/armv7e-m/fpu/crti.o
 .data          0x0000000000000000        0x0 /usr/local/opt/gcc-arm-none-eabi-4_9-2015q2/bin/../lib/gcc/arm-none-eabi/4.9.3/armv7e-m/fpu/crti.o
 .bss           0x0000000000000000        0x0 /usr/local/opt/gcc-arm-none-eabi-4_9-2015q2/bin/../lib/gcc/arm-none-eabi/4.9.3/armv7e-m/fpu/crti.o
 .data          0x0000000000000000        0x4 /usr/local/opt/gcc-arm-none-eabi-4_9-2015q2/bin/../lib/gcc/arm-none-eabi/4.9.3/armv7e-m/fpu/crtbegin.o
 .data          0x0000000000000000        0x0 /usr/local/opt/gcc-arm-none-eabi-4_9-2015q2/bin/../lib/gcc/arm-none-eabi/4.9.3/../../../../arm-none-eabi/lib/armv7e-m/fpu/crt0.o
 .bss           0x0000000000000000        0x0 /usr/local/opt/gcc-arm-none-eabi-4_9-2015q2/bin/../lib/gcc/arm-none-eabi/4.9.3/../../../../arm-none-eabi/lib/armv7e-m/fpu/crt0.o
 .ARM.extab     0x0000000000000000        0x0 /usr/local/opt/gcc-arm-none-eabi-4_9-2015q2/bin/../lib/gcc/arm-none-eabi/4.9.3/../../../../arm-none-eabi/lib/armv7e-m/fpu/crt0.o
 .text          0x0000000000000000        0x0 /usr/local/opt/gcc-arm-none-eabi-4_9-2015q2/bin/../lib/gcc/arm-none-eabi/4.9.3/../../../../arm-none-eabi/lib/armv7e-m/fpu/libc_nano.a(lib_a-exit.o)
 .data          0x0000000000000000        0x0 /usr/local/opt/gcc-arm-none-eabi-4_9-2015q2/bin/../lib/gcc/arm-none-eabi/4.9.3/../../../../arm-none-eabi/lib/armv7e-m/fpu/libc_nano.a(lib_a-exit.o)
 .bss           0x0000000000000000        0x0 /usr/local/opt/gcc-arm-none-eabi-4_9-2015q2/bin/../lib/gcc/arm-none-eabi/4.9.3/../../../../arm-none-eabi/lib/armv7e-m/fpu/libc_nano.a(lib_a-exit.o)
 .text          0x0000000000000000        0x0 /usr/local/opt/gcc-arm-none-eabi-4_9-2015q2/bin/../lib/gcc/arm-none-eabi/4.9.3/../../../../arm-none-eabi/lib/armv7e-m/fpu/libc_nano.a(lib_a-impure.o)
 .data          0x0000000000000000        0x0 /usr/local/opt/gcc-arm-none-eabi-4_9-2015q2/bin/../lib/gcc/arm-none-eabi/4.9.3/../../../../arm-none-eabi/lib/armv7e-m/fpu/libc_nano.a(lib_a-impure.o)
[...]
Memory Configuration

Name             Origin             Length             Attributes
FLASH            0x000000000001c000 0x0000000000064000 xr
RAM              0x0000000020002080 0x000000000000df80 xrw
*default*        0x0000000000000000 0xffffffffffffffff

Linker script and memory map


.text           0x000000000001c000     0x80a4
 *(.isr_vector)
 .isr_vector    0x000000000001c000      0x400 _build/gcc_startup_nrf52.o
                0x000000000001c000                __isr_vector
 *(.text*)
 .text          0x000000000001c400       0x5c /usr/local/opt/gcc-arm-none-eabi-4_9-2015q2/bin/../lib/gcc/arm-none-eabi/4.9.3/armv7e-m/fpu/crtbegin.o
 .text          0x000000000001c45c       0x74 /usr/local/opt/gcc-arm-none-eabi-4_9-2015q2/bin/../lib/gcc/arm-none-eabi/4.9.3/../../../../arm-none-eabi/lib/armv7e-m/fpu/crt0.o
                0x000000000001c45c                _mainCRTStartup
                0x000000000001c45c                _start
 .text.exit     0x000000000001c4d0       0x28 /usr/local/opt/gcc-arm-none-eabi-4_9-2015q2/bin/../lib/gcc/arm-none-eabi/4.9.3/../../../../arm-none-eabi/lib/armv7e-m/fpu/libc_nano.a(lib_a-exit.o)
                0x000000000001c4d0                exit
 .text.__libc_init_array
                0x000000000001c4f8       0x4c /usr/local/opt/gcc-arm-none-eabi-4_9-2015q2/bin/../lib/gcc/arm-none-eabi/4.9.3/../../../../arm-none-eabi/lib/armv7e-m/fpu/libc_nano.a(lib_a-init.o)
                0x000000000001c4f8                __libc_init_array
 .text.memset   0x000000000001c544       0x10 /usr/local/opt/gcc-arm-none-eabi-4_9-2015q2/bin/../lib/gcc/arm-none-eabi/4.9.3/../../../../arm-none-eabi/lib/armv7e-m/fpu/libc_nano.a(lib_a-memset.o)
                0x000000000001c544                memset
 .text._exit    0x000000000001c554        0x4 /usr/local/opt/gcc-arm-none-eabi-4_9-2015q2/bin/../lib/gcc/arm-none-eabi/4.9.3/../../../../arm-none-eabi/lib/armv7e-m/fpu/libnosys.a(_exit.o)
                0x000000000001c554                _exit
 .text.detection_delay_timeout_handler
                0x000000000001c558       0xa4 _build/app_button.o
 .text.gpiote_event_handler
                0x000000000001c5fc       0x5c _build/app_button.o
 .text.app_button_init
                0x000000000001c658       0xb0 _build/app_button.o
                0x000000000001c658                app_button_init
 .text.app_button_enable
                0x000000000001c708       0x2c _build/app_button.o
                0x000000000001c708                app_button_enable
 .text.app_error_handler_bare
                0x000000000001c734       0x20 _build/app_error.o
                0x000000000001c734                app_error_handler_bare
 .text.app_error_fault_handler
                0x000000000001c754       0x24 _build/app_error_weak.o
                0x000000000001c754                app_error_fault_handler
 .text.app_timer_callback
                0x000000000001c778       0x18 _build/app_timer_freertos.o
 .text.app_timer_init
                0x000000000001c790       0x10 _build/app_timer_freertos.o
                0x000000000001c790                app_timer_init
 .text.app_timer_create
                0x000000000001c7a0       0x58 _build/app_timer_freertos.o
                0x000000000001c7a0                app_timer_create
 .text.app_timer_start
                0x000000000001c7f8       0xe4 _build/app_timer_freertos.o
                0x000000000001c7f8                app_timer_start
 .text.app_timer_stop
                0x000000000001c8dc       0x60 _build/app_timer_freertos.o
                0x000000000001c8dc                app_timer_stop
 .text.fs_queued_op_count_get
                0x000000000001c93c       0x14 _build/fstorage.o
                0x000000000001c93c                fs_queued_op_count_get
 .text.pvPortMalloc
                0x000000000001c950       0x58 _build/heap_1.o
                0x000000000001c950                pvPortMalloc
 .text.vPortFree
                0x000000000001c9a8        0x4 _build/heap_1.o
                0x000000000001c9a8                vPortFree
 .text.vListInitialise
                0x000000000001c9ac       0x18 _build/list.o
                0x000000000001c9ac                vListInitialise
 .text.vListInitialiseItem
                0x000000000001c9c4        0x8 _build/list.o
                0x000000000001c9c4                vListInitialiseItem
 .text.vListInsertEnd
                0x000000000001c9cc       0x18 _build/list.o
                0x000000000001c9cc                vListInsertEnd
 .text.vListInsert
                0x000000000001c9e4       0x34 _build/list.o
                0x000000000001c9e4                vListInsert
 .text.uxListRemove
                0x000000000001ca18       0x24 _build/list.o
                0x000000000001ca18                uxListRemove
 .text.vPortStartFirstTask
                0x000000000001ca3c       0x24 _build/port.o
                0x000000000001ca3c                vPortStartFirstTask
 .text.SVC_Handler
                0x000000000001ca60       0x20 _build/port.o
                0x000000000001ca60                SVC_Handler
 .text.PendSV_Handler
                0x000000000001ca80       0x60 _build/port.o
                0x000000000001ca80                PendSV_Handler
 .text.prvTaskExitError
                0x000000000001cae0        0x8 _build/port_cmsis.o
 .text.pxPortInitialiseStack
                0x000000000001cae8       0x2c _build/port_cmsis.o
                0x000000000001cae8                pxPortInitialiseStack
 .text.xPortStartScheduler
                0x000000000001cb14       0x4c _build/port_cmsis.o
                0x000000000001cb14                xPortStartScheduler
 .text.vPortEnterCritical
                0x000000000001cb60       0x14 _build/port_cmsis.o
                0x000000000001cb60                vPortEnterCritical
 .text.vPortExitCritical
                0x000000000001cb74       0x14 _build/port_cmsis.o
                0x000000000001cb74                vPortExitCritical
 .text.sd_app_evt_wait
                0x000000000001cb88        0x4 _build/port_cmsis_systick.o
 .text.RTC1_IRQHandler
                0x000000000001cb8c       0x78 _build/port_cmsis_systick.o
                0x000000000001cb8c                RTC1_IRQHandler
 .text.vPortSetupTimerInterrupt
                0x000000000001cc04       0x38 _build/port_cmsis_systick.o
                0x000000000001cc04                vPortSetupTimerInterrupt
 .text.vPortSuppressTicksAndSleep
                0x000000000001cc3c       0x80 _build/port_cmsis_systick.o
                0x000000000001cc3c                vPortSuppressTicksAndSleep
 .text.xQueueGenericCreate
                0x000000000001ccbc       0x70 _build/queue.o
                0x000000000001ccbc                xQueueGenericCreate
 .text.xQueueGenericSend
                0x000000000001cd2c      0x320 _build/queue.o
                0x000000000001cd2c                xQueueGenericSend
 .text.xQueueGenericSendFromISR
                0x000000000001d04c       0xd8 _build/queue.o
                0x000000000001d04c                xQueueGenericSendFromISR
 .text.xQueueGenericReceive
                0x000000000001d124      0x2d4 _build/queue.o
                0x000000000001d124                xQueueGenericReceive
 .text.vQueueAddToRegistry
                0x000000000001d3f8       0x24 _build/queue.o
                0x000000000001d3f8                vQueueAddToRegistry
 .text.vQueueWaitForMessageRestricted
                0x000000000001d41c       0xb0 _build/queue.o
                0x000000000001d41c                vQueueWaitForMessageRestricted
 .text.xTaskGenericCreate
                0x000000000001d4cc      0x1ec _build/tasks.o
                0x000000000001d4cc                xTaskGenericCreate
 .text.vTaskStartScheduler
                0x000000000001d6b8      0x1a4 _build/tasks.o
                0x000000000001d6b8                vTaskStartScheduler
 .text.vTaskSuspendAll
                0x000000000001d85c       0x10 _build/tasks.o
                0x000000000001d85c                vTaskSuspendAll
 .text.xTaskGetTickCount
                0x000000000001d86c        0xc _build/tasks.o
                0x000000000001d86c                xTaskGetTickCount
 .text.xTaskGetTickCountFromISR
                0x000000000001d878        0xc _build/tasks.o
                0x000000000001d878                xTaskGetTickCountFromISR
 .text.vTaskStepTick
                0x000000000001d884       0x10 _build/tasks.o
                0x000000000001d884                vTaskStepTick
 .text.xTaskIncrementTick
                0x000000000001d894      0x11c _build/tasks.o
                0x000000000001d894                xTaskIncrementTick
 .text.xTaskResumeAll
                0x000000000001d9b0       0xf4 _build/tasks.o
                0x000000000001d9b0                xTaskResumeAll
 .text.prvIdleTask
                0x000000000001daa4       0xf8 _build/tasks.o
 .text.vTaskSwitchContext
                0x000000000001db9c       0x58 _build/tasks.o
                0x000000000001db9c                vTaskSwitchContext
 .text.vTaskPlaceOnEventList
                0x000000000001dbf4       0x94 _build/tasks.o
                0x000000000001dbf4                vTaskPlaceOnEventList
 .text.vTaskPlaceOnEventListRestricted
                0x000000000001dc88       0x80 _build/tasks.o
                0x000000000001dc88                vTaskPlaceOnEventListRestricted
 .text.xTaskRemoveFromEventList
                0x000000000001dd08       0x9c _build/tasks.o
                0x000000000001dd08                xTaskRemoveFromEventList
 .text.vTaskSetTimeOutState
                0x000000000001dda4       0x18 _build/tasks.o
                0x000000000001dda4                vTaskSetTimeOutState
 .text.xTaskCheckForTimeOut
                0x000000000001ddbc       0x60 _build/tasks.o
                0x000000000001ddbc                xTaskCheckForTimeOut
 .text.vTaskMissedYield
                0x000000000001de1c        0xc _build/tasks.o
                0x000000000001de1c                vTaskMissedYield
 .text.eTaskConfirmSleepModeStatus
                0x000000000001de28       0x20 _build/tasks.o
                0x000000000001de28                eTaskConfirmSleepModeStatus
 .text.xTaskGetSchedulerState
                0x000000000001de48       0x20 _build/tasks.o
                0x000000000001de48                xTaskGetSchedulerState
 .text.vTaskPriorityInherit
                0x000000000001de68       0x9c _build/tasks.o
                0x000000000001de68                vTaskPriorityInherit
 .text.xTaskPriorityDisinherit
                0x000000000001df04       0x84 _build/tasks.o
                0x000000000001df04                xTaskPriorityDisinherit
 .text.pvTaskIncrementMutexHeldCount
                0x000000000001df88       0x18 _build/tasks.o
                0x000000000001df88                pvTaskIncrementMutexHeldCount
 .text.xTimerCreateTimerTask
                0x000000000001dfa0       0x88 _build/timers.o
                0x000000000001dfa0                xTimerCreateTimerTask
 .text.xTimerCreate
                0x000000000001e028       0xa8 _build/timers.o
                0x000000000001e028                xTimerCreate
 .text.xTimerGenericCommand
                0x000000000001e0d0       0x58 _build/timers.o
                0x000000000001e0d0                xTimerGenericCommand
 .text.prvTimerTask
                0x000000000001e128      0x2c8 _build/timers.o
 .text.xTimerIsTimerActive
                0x000000000001e3f0       0x18 _build/timers.o
                0x000000000001e3f0                xTimerIsTimerActive
 .text.pvTimerGetTimerID
                0x000000000001e408       0x14 _build/timers.o
                0x000000000001e408                pvTimerGetTimerID
 .text.nrf_drv_common_irq_enable
                0x000000000001e41c       0x50 _build/nrf_drv_common.o
                0x000000000001e41c                nrf_drv_common_irq_enable
 .text.sd_flash_write
                0x000000000001e46c        0x4 _build/pstorage.o
 .text.sd_flash_page_erase
                0x000000000001e470        0x4 _build/pstorage.o
 .text.flash_api_err_code_process
                0x000000000001e474       0x60 _build/pstorage.o
 .text.state_entry_action_run
                0x000000000001e4d4      0x19c _build/pstorage.o
 .text.clear_operation_execute
                0x000000000001e670      0x160 _build/pstorage.o
 .text.unlikely.cmd_queue_enqueue
                0x000000000001e7d0       0x98 _build/pstorage.o
 .text.tail_restore_state_run
                0x000000000001e868       0xc4 _build/pstorage.o
 .text.state_write_data_swap_entry_run
                0x000000000001e92c       0xb0 _build/pstorage.o
 .text.state_restore_head_entry_run
                0x000000000001e9dc       0xb0 _build/pstorage.o
 .text.data_to_swap_write_state_run
                0x000000000001ea8c       0xac _build/pstorage.o
 .text.state_restore_tail_entry_run
                0x000000000001eb38       0xc0 _build/pstorage.o
 .text.state_erase_data_page_entry_run
                0x000000000001ebf8       0x74 _build/pstorage.o
 .text.swap_erase_state_run
                0x000000000001ec6c       0xd8 _build/pstorage.o
 .text.state_swap_erase_entry_run
                0x000000000001ed44       0xa0 _build/pstorage.o
 .text.store_cmd_flash_write_execute
                0x000000000001ede4      0x120 _build/pstorage.o
 .text.head_restore_state_run
                0x000000000001ef04      0x1d8 _build/pstorage.o
 .text.data_page_erase_state_run
                0x000000000001f0dc      0x254 _build/pstorage.o
 .text.command_end_procedure_run
                0x000000000001f330       0xc4 _build/pstorage.o
 .text.pstorage_sys_event_handler
                0x000000000001f3f4      0x1d4 _build/pstorage.o
                0x000000000001f3f4                pstorage_sys_event_handler
 .text.pstorage_init
                0x000000000001f5c8      0x150 _build/pstorage.o
                0x000000000001f5c8                pstorage_init
 .text.pstorage_register
                0x000000000001f718       0xe8 _build/pstorage.o
                0x000000000001f718                pstorage_register
 .text.pstorage_block_identifier_get
                0x000000000001f800       0x58 _build/pstorage.o
                0x000000000001f800                pstorage_block_identifier_get
 .text.pstorage_store
                0x000000000001f858       0x80 _build/pstorage.o
                0x000000000001f858                pstorage_store
 .text.pstorage_update
                0x000000000001f8d8       0x80 _build/pstorage.o
                0x000000000001f8d8                pstorage_update
 .text.pstorage_load
                0x000000000001f958       0xa4 _build/pstorage.o
                0x000000000001f958                pstorage_load
 .text.pstorage_clear
                0x000000000001f9fc       0x8c _build/pstorage.o
                0x000000000001f9fc                pstorage_clear
 .text.pstorage_access_status_get
                0x000000000001fa88       0x24 _build/pstorage.o
                0x000000000001fa88                pstorage_access_status_get
 .text.nrf_drv_clock_lfclk_request
                0x000000000001faac        0xc _build/nrf_drv_clock.o
                0x000000000001faac                nrf_drv_clock_lfclk_request
 .text.nrf_drv_gpiote_init
                0x000000000001fab8       0x70 _build/nrf_drv_gpiote.o
                0x000000000001fab8                nrf_drv_gpiote_init
 .text.nrf_drv_gpiote_is_init
                0x000000000001fb28       0x14 _build/nrf_drv_gpiote.o
                0x000000000001fb28                nrf_drv_gpiote_is_init
 .text.nrf_drv_gpiote_in_init
                0x000000000001fb3c      0x194 _build/nrf_drv_gpiote.o
                0x000000000001fb3c                nrf_drv_gpiote_in_init
 .text.nrf_drv_gpiote_in_event_enable
                0x000000000001fcd0       0xc4 _build/nrf_drv_gpiote.o
                0x000000000001fcd0                nrf_drv_gpiote_in_event_enable
 .text.nrf_drv_gpiote_in_is_set
                0x000000000001fd94       0x14 _build/nrf_drv_gpiote.o
                0x000000000001fd94                nrf_drv_gpiote_in_is_set
 .text.GPIOTE_IRQHandler
                0x000000000001fda8      0x3d0 _build/nrf_drv_gpiote.o
                0x000000000001fda8                GPIOTE_IRQHandler
 .text.alert_timer_handler
                0x0000000000020178       0x1c _build/bsp.o
 .text.bsp_button_event_handler
                0x0000000000020194       0xc4 _build/bsp.o
 .text.leds_timer_handler
                0x0000000000020258      0x3b4 _build/bsp.o
 .text.button_timer_handler
                0x000000000002060c       0x44 _build/bsp.o
 .text.bsp_button_is_pressed
                0x0000000000020650       0x30 _build/bsp.o
                0x0000000000020650                bsp_button_is_pressed
 .text.bsp_indication_set
                0x0000000000020680      0x404 _build/bsp.o
                0x0000000000020680                bsp_indication_set
 .text.bsp_init
                0x0000000000020a84       0xbc _build/bsp.o
                0x0000000000020a84                bsp_init
 .text.bsp_event_to_button_action_assign
                0x0000000000020b40       0x50 _build/bsp.o
                0x0000000000020b40                bsp_event_to_button_action_assign
 .text.bsp_wakeup_buttons_set
                0x0000000000020b90       0x88 _build/bsp.o
                0x0000000000020b90                bsp_wakeup_buttons_set
 .text.bsp_btn_ble_sleep_mode_prepare
                0x0000000000020c18       0x14 _build/bsp_btn_ble.o
                0x0000000000020c18                bsp_btn_ble_sleep_mode_prepare
 .text.bsp_btn_ble_on_ble_evt
                0x0000000000020c2c       0xb0 _build/bsp_btn_ble.o
                0x0000000000020c2c                bsp_btn_ble_on_ble_evt
 .text.bsp_btn_ble_init
                0x0000000000020cdc       0x8c _build/bsp_btn_ble.o
                0x0000000000020cdc                bsp_btn_ble_init
 .text.startup.main
                0x0000000000020d68        0xc _build/main.o
                0x0000000000020d68                main
 .text.sd_ble_gap_disconnect
                0x0000000000020d74        0x4 _build/ble_main.o
 .text.sd_ble_gap_ppcp_set
                0x0000000000020d78        0x4 _build/ble_main.o
 .text.sd_ble_gap_device_name_set
                0x0000000000020d7c        0x4 _build/ble_main.o
 .text.sd_power_system_off
                0x0000000000020d80        0x4 _build/ble_main.o
 .text.conn_params_error_handler
                0x0000000000020d84        0x4 _build/ble_main.o
 .text.device_manager_evt_handler
                0x0000000000020d88       0x14 _build/ble_main.o
 .text.sys_evt_dispatch
                0x0000000000020d9c       0x14 _build/ble_main.o
 .text.on_conn_params_evt
                0x0000000000020db0       0x24 _build/ble_main.o
 .text.on_ble_data_receive
                0x0000000000020dd4       0x5c _build/ble_main.o
 .text.ble_evt_dispatch
                0x0000000000020e30       0x54 _build/ble_main.o
 .text.bsp_event_handler
                0x0000000000020e84       0x5c _build/ble_main.o
                0x0000000000020e84                bsp_event_handler
 .text.on_adv_evt
                0x0000000000020ee0       0x3c _build/ble_main.o
 .text.timers_init
                0x0000000000020f1c       0x20 _build/ble_main.o
                0x0000000000020f1c                timers_init
 .text.gap_params_init
                0x0000000000020f3c       0x68 _build/ble_main.o
                0x0000000000020f3c                gap_params_init
 .text.services_init
                0x0000000000020fa4       0x10 _build/ble_main.o
                0x0000000000020fa4                services_init
 .text.conn_params_init
                0x0000000000020fb4       0x4c _build/ble_main.o
                0x0000000000020fb4                conn_params_init
 .text.ble_stack_init
                0x0000000000021000       0x8c _build/ble_main.o
                0x0000000000021000                ble_stack_init
 .text.device_manager_init
                0x000000000002108c       0x78 _build/ble_main.o
                0x000000000002108c                device_manager_init
 .text.advertising_init
                0x0000000000021104       0x5c _build/ble_main.o
                0x0000000000021104                advertising_init
 .text.buttons_leds_init
                0x0000000000021160       0x44 _build/ble_main.o
                0x0000000000021160                buttons_leds_init
 .text.ble_stack_task
                0x00000000000211a4       0x58 _build/hal.o
                0x00000000000211a4                ble_stack_task
 .text.init_hal
                0x00000000000211fc       0x64 _build/hal.o
                0x00000000000211fc                init_hal
 .text.sd_ble_gatts_service_add
                0x0000000000021260        0x4 _build/ble_rs.o
 .text.sd_ble_gatts_characteristic_add
                0x0000000000021264        0x4 _build/ble_rs.o
 .text.sd_ble_gatts_value_get
                0x0000000000021268        0x4 _build/ble_rs.o
 .text.sd_ble_gatts_hvx
                0x000000000002126c        0x4 _build/ble_rs.o
 .text.sd_ble_uuid_vs_add
                0x0000000000021270        0x4 _build/ble_rs.o
 .text.ble_rs_on_ble_evt
                0x0000000000021274       0x88 _build/ble_rs.o
                0x0000000000021274                ble_rs_on_ble_evt
 .text.ble_rs_init
                0x00000000000212fc      0x3d8 _build/ble_rs.o
                0x00000000000212fc                ble_rs_init
 .text.main_rotor_characteristic_update
                0x00000000000216d4       0x4c _build/ble_rs.o
                0x00000000000216d4                main_rotor_characteristic_update
 .text.tail_rotor_characteristic_update
                0x0000000000021720       0x4c _build/ble_rs.o
                0x0000000000021720                tail_rotor_characteristic_update
 .text.sd_ble_gap_address_get
                0x000000000002176c        0x4 _build/ble_advdata.o
 .text.sd_ble_gap_adv_data_set
                0x0000000000021770        0x4 _build/ble_advdata.o
 .text.sd_ble_gap_appearance_get
                0x0000000000021774        0x4 _build/ble_advdata.o
 .text.sd_ble_gap_device_name_get
                0x0000000000021778        0x4 _build/ble_advdata.o
 .text.sd_ble_uuid_encode
                0x000000000002177c        0x4 _build/ble_advdata.o
 .text.name_encode
                0x0000000000021780       0x90 _build/ble_advdata.o
 .text.uuid_list_sized_encode
                0x0000000000021810       0xc0 _build/ble_advdata.o
 .text.adv_data_encode
                0x00000000000218d0      0x554 _build/ble_advdata.o
                0x00000000000218d0                adv_data_encode
 .text.ble_advdata_set
                0x0000000000021e24      0x5b8 _build/ble_advdata.o
                0x0000000000021e24                ble_advdata_set
 .text.sd_ble_gap_adv_start
                0x00000000000223dc        0x4 _build/ble_advertising.o
 .text.sd_ble_gap_adv_stop
                0x00000000000223e0        0x4 _build/ble_advertising.o
 .text.ble_advertising_init
                0x00000000000223e4      0x188 _build/ble_advertising.o
                0x00000000000223e4                ble_advertising_init
 .text.ble_advertising_start
                0x000000000002256c      0x2b8 _build/ble_advertising.o
                0x000000000002256c                ble_advertising_start
 .text.ble_advertising_on_ble_evt
                0x0000000000022824       0xb8 _build/ble_advertising.o
                0x0000000000022824                ble_advertising_on_ble_evt
 .text.ble_advertising_on_sys_evt
                0x00000000000228dc       0x38 _build/ble_advertising.o
                0x00000000000228dc                ble_advertising_on_sys_evt
 .text.ble_advertising_restart_without_whitelist
                0x0000000000022914       0x68 _build/ble_advertising.o
                0x0000000000022914                ble_advertising_restart_without_whitelist
 .text.sd_ble_gap_conn_param_update
                0x000000000002297c        0x4 _build/ble_conn_params.o
 .text.sd_ble_gap_disconnect
                0x0000000000022980        0x4 _build/ble_conn_params.o
 .text.sd_ble_gap_ppcp_set
                0x0000000000022984        0x4 _build/ble_conn_params.o
 .text.sd_ble_gap_ppcp_get
                0x0000000000022988        0x4 _build/ble_conn_params.o
 .text.update_timeout_handler
                0x000000000002298c       0x74 _build/ble_conn_params.o
 .text.conn_params_negotiation
                0x0000000000022a00       0x94 _build/ble_conn_params.o
 .text.ble_conn_params_init
                0x0000000000022a94       0x74 _build/ble_conn_params.o
                0x0000000000022a94                ble_conn_params_init
 .text.ble_conn_params_on_ble_evt
                0x0000000000022b08       0xb4 _build/ble_conn_params.o
                0x0000000000022b08                ble_conn_params_on_ble_evt
 .text.sd_ble_gap_sec_params_reply
                0x0000000000022bbc        0x4 _build/device_manager_peripheral.o
 .text.sd_ble_gap_sec_info_reply
                0x0000000000022bc0        0x4 _build/device_manager_peripheral.o
 .text.sd_ble_gatts_service_changed
                0x0000000000022bc4        0x4 _build/device_manager_peripheral.o
 .text.sd_ble_gatts_sys_attr_set
                0x0000000000022bc8        0x4 _build/device_manager_peripheral.o
 .text.sd_ble_gatts_sys_attr_get
                0x0000000000022bcc        0x4 _build/device_manager_peripheral.o
 .text.storage_operation_dummy_handler
                0x0000000000022bd0        0x4 _build/device_manager_peripheral.o
 .text.no_service_context_store
                0x0000000000022bd4        0x4 _build/device_manager_peripheral.o
 .text.gattc_context_store
                0x0000000000022bd8        0x4 _build/device_manager_peripheral.o
 .text.no_service_context_load
                0x0000000000022bdc        0x4 _build/device_manager_peripheral.o
 .text.gattc_context_load
                0x0000000000022be0        0x4 _build/device_manager_peripheral.o
 .text.no_service_context_apply
                0x0000000000022be4        0x4 _build/device_manager_peripheral.o
 .text.gattc_context_apply
                0x0000000000022be8        0x4 _build/device_manager_peripheral.o
 .text.gatts_context_apply
                0x0000000000022bec       0xe4 _build/device_manager_peripheral.o
 .text.gatts_context_store
                0x0000000000022cd0       0xd8 _build/device_manager_peripheral.o
 .text.gatts_context_load
                0x0000000000022da8       0x34 _build/device_manager_peripheral.o
 .text.dm_pstorage_cb_handler
                0x0000000000022ddc      0x170 _build/device_manager_peripheral.o
 .text.gattsc_context_load
                0x0000000000022f4c       0x34 _build/device_manager_peripheral.o
 .text.gattsc_context_apply
                0x0000000000022f80       0xd0 _build/device_manager_peripheral.o
 .text.gattsc_context_store
                0x0000000000023050       0xd8 _build/device_manager_peripheral.o
 .text.dm_init  0x0000000000023128      0x148 _build/device_manager_peripheral.o
                0x0000000000023128                dm_init
 .text.dm_register
                0x0000000000023270       0x74 _build/device_manager_peripheral.o
                0x0000000000023270                dm_register
 .text.bond_data_load
                0x00000000000232e4       0x4c _build/device_manager_peripheral.o
                0x00000000000232e4                bond_data_load
 .text.dm_ble_evt_handler
                0x0000000000023330      0x71c _build/device_manager_peripheral.o
                0x0000000000023330                dm_ble_evt_handler
 .text.SystemInit
                0x0000000000023a4c      0x2b0 _build/system_nrf52.o
                0x0000000000023a4c                SystemInit
 .text.sd_evt_get
                0x0000000000023cfc        0x4 _build/softdevice_handler.o
 .text.sd_softdevice_enable
                0x0000000000023d00        0x4 _build/softdevice_handler.o
 .text.sd_ble_enable
                0x0000000000023d04        0x4 _build/softdevice_handler.o
 .text.sd_ble_evt_get
                0x0000000000023d08        0x4 _build/softdevice_handler.o
 .text.softdevice_fault_handler
                0x0000000000023d0c        0x8 _build/softdevice_handler.o
                0x0000000000023d0c                softdevice_fault_handler
 .text.intern_softdevice_events_execute.part.0
                0x0000000000023d14       0xc8 _build/softdevice_handler.o
 .text.intern_softdevice_events_execute
                0x0000000000023ddc       0x10 _build/softdevice_handler.o
                0x0000000000023ddc                intern_softdevice_events_execute
 .text.softdevice_handler_init
                0x0000000000023dec       0x7c _build/softdevice_handler.o
                0x0000000000023dec                softdevice_handler_init
 .text.softdevice_ble_evt_handler_set
                0x0000000000023e68       0x14 _build/softdevice_handler.o
                0x0000000000023e68                softdevice_ble_evt_handler_set
 .text.softdevice_sys_evt_handler_set
                0x0000000000023e7c       0x14 _build/softdevice_handler.o
                0x0000000000023e7c                softdevice_sys_evt_handler_set
 .text.SWI2_EGU2_IRQHandler
                0x0000000000023e90       0x30 _build/softdevice_handler.o
                0x0000000000023e90                SWI2_EGU2_IRQHandler
 .text.softdevice_enable_get_default_config
                0x0000000000023ec0       0x30 _build/softdevice_handler.o
                0x0000000000023ec0                softdevice_enable_get_default_config
 .text.sd_check_ram_start
                0x0000000000023ef0       0x14 _build/softdevice_handler.o
                0x0000000000023ef0                sd_check_ram_start
 .text.softdevice_enable
                0x0000000000023f04       0x20 _build/softdevice_handler.o
                0x0000000000023f04                softdevice_enable
 .text          0x0000000000023f24       0x3c _build/gcc_startup_nrf52.o
                0x0000000000023f24                Reset_Handler
                0x0000000000023f4c                NMI_Handler
                0x0000000000023f4e                HardFault_Handler
                0x0000000000023f50                MemoryManagement_Handler
                0x0000000000023f52                BusFault_Handler
                0x0000000000023f54                UsageFault_Handler
                0x0000000000023f58                DebugMonitor_Handler
                0x0000000000023f5c                SysTick_Handler
                0x0000000000023f5e                QDEC_IRQHandler
                0x0000000000023f5e                TIMER3_IRQHandler
                0x0000000000023f5e                FPU_IRQHandler
                0x0000000000023f5e                SPIM0_SPIS0_TWIM0_TWIS0_SPI0_TWI0_IRQHandler
                0x0000000000023f5e                UARTE0_UART0_IRQHandler
                0x0000000000023f5e                TIMER4_IRQHandler
                0x0000000000023f5e                I2S_IRQHandler
                0x0000000000023f5e                SWI4_EGU4_IRQHandler
                0x0000000000023f5e                TIMER0_IRQHandler
                0x0000000000023f5e                TIMER1_IRQHandler
                0x0000000000023f5e                PWM2_IRQHandler
                0x0000000000023f5e                ECB_IRQHandler
                0x0000000000023f5e                SPIM1_SPIS1_TWIM1_TWIS1_SPI1_TWI1_IRQHandler
                0x0000000000023f5e                Default_Handler
                0x0000000000023f5e                SAADC_IRQHandler
                0x0000000000023f5e                CCM_AAR_IRQHandler
                0x0000000000023f5e                WDT_IRQHandler
                0x0000000000023f5e                SWI5_EGU5_IRQHandler
                0x0000000000023f5e                RNG_IRQHandler
                0x0000000000023f5e                RTC2_IRQHandler
                0x0000000000023f5e                PWM0_IRQHandler
                0x0000000000023f5e                SWI3_EGU3_IRQHandler
                0x0000000000023f5e                SWI1_EGU1_IRQHandler
                0x0000000000023f5e                SPIM2_SPIS2_SPI2_IRQHandler
                0x0000000000023f5e                NFCT_IRQHandler
                0x0000000000023f5e                MWU_IRQHandler
                0x0000000000023f5e                TIMER2_IRQHandler
                0x0000000000023f5e                COMP_LPCOMP_IRQHandler
                0x0000000000023f5e                RTC0_IRQHandler
                0x0000000000023f5e                SWI0_EGU0_IRQHandler
                0x0000000000023f5e                PWM1_IRQHandler
                0x0000000000023f5e                POWER_CLOCK_IRQHandler
                0x0000000000023f5e                RADIO_IRQHandler
                0x0000000000023f5e                PDM_IRQHandler
                0x0000000000023f5e                TEMP_IRQHandler
 .text.memcmp   0x0000000000023f60       0x20 /usr/local/opt/gcc-arm-none-eabi-4_9-2015q2/bin/../lib/gcc/arm-none-eabi/4.9.3/../../../../arm-none-eabi/lib/armv7e-m/fpu/libc_nano.a(lib_a-memcmp.o)
                0x0000000000023f60                memcmp
 .text.memcpy   0x0000000000023f80       0x16 /usr/local/opt/gcc-arm-none-eabi-4_9-2015q2/bin/../lib/gcc/arm-none-eabi/4.9.3/../../../../arm-none-eabi/lib/armv7e-m/fpu/libc_nano.a(lib_a-memcpy.o)
                0x0000000000023f80                memcpy
 .text.strlen   0x0000000000023f96       0x10 /usr/local/opt/gcc-arm-none-eabi-4_9-2015q2/bin/../lib/gcc/arm-none-eabi/4.9.3/../../../../arm-none-eabi/lib/armv7e-m/fpu/libc_nano.a(lib_a-strlen.o)
                0x0000000000023f96                strlen
 *(.init)
 *fill*         0x0000000000023fa6        0x2 
 .init          0x0000000000023fa8        0x4 /usr/local/opt/gcc-arm-none-eabi-4_9-2015q2/bin/../lib/gcc/arm-none-eabi/4.9.3/armv7e-m/fpu/crti.o
                0x0000000000023fa8                _init
 .init          0x0000000000023fac        0x8 /usr/local/opt/gcc-arm-none-eabi-4_9-2015q2/bin/../lib/gcc/arm-none-eabi/4.9.3/armv7e-m/fpu/crtn.o
 *(.fini)
 .fini          0x0000000000023fb4        0x4 /usr/local/opt/gcc-arm-none-eabi-4_9-2015q2/bin/../lib/gcc/arm-none-eabi/4.9.3/armv7e-m/fpu/crti.o
                0x0000000000023fb4                _fini
 .fini          0x0000000000023fb8        0x8 /usr/local/opt/gcc-arm-none-eabi-4_9-2015q2/bin/../lib/gcc/arm-none-eabi/4.9.3/armv7e-m/fpu/crtn.o
 *crtbegin.o(.ctors)
 *crtbegin?.o(.ctors)
 *(EXCLUDE_FILE(*crtend.o *crtend?.o) .ctors)
 *(SORT(.ctors.*))
 *(.ctors)
 *crtbegin.o(.dtors)
 *crtbegin?.o(.dtors)
 *(EXCLUDE_FILE(*crtend.o *crtend?.o) .dtors)
 *(SORT(.dtors.*))
 *(.dtors)
 *(.rodata*)
 .rodata.str1.1
                0x0000000000023fc0        0x2 /usr/local/opt/gcc-arm-none-eabi-4_9-2015q2/bin/../lib/gcc/arm-none-eabi/4.9.3/../../../../arm-none-eabi/lib/armv7e-m/fpu/libc_nano.a(lib_a-impure.o)
 *fill*         0x0000000000023fc2        0x2 
 .rodata._global_impure_ptr
                0x0000000000023fc4        0x4 /usr/local/opt/gcc-arm-none-eabi-4_9-2015q2/bin/../lib/gcc/arm-none-eabi/4.9.3/../../../../arm-none-eabi/lib/armv7e-m/fpu/libc_nano.a(lib_a-impure.o)
                0x0000000000023fc4                _global_impure_ptr
 .rodata.m_detection_delay_timer_id
                0x0000000000023fc8        0x4 _build/app_button.o
 .rodata.str1.4
                0x0000000000023fcc        0x2 _build/app_timer_freertos.o
 *fill*         0x0000000000023fce        0x2 
 .rodata.str1.4
                0x0000000000023fd0       0x10 _build/timers.o
 .rodata.swap_sub_state_sm_lut.7840
                0x0000000000023fe0       0x14 _build/pstorage.o
 .rodata.swap_sub_state_sm_lut.7915
                0x0000000000023ff4       0x14 _build/pstorage.o
 .rodata.m_button_timer_id
                0x0000000000024008        0x4 _build/bsp.o
 .rodata.m_buttons_list
                0x000000000002400c       0x10 _build/bsp.o
 .rodata.m_leds_timer_id
                0x000000000002401c        0x4 _build/bsp.o
 .rodata.app_buttons
                0x0000000000024020       0x20 _build/bsp.o
 .rodata.m_alert_timer_id
                0x0000000000024040        0x4 _build/bsp.o
 .rodata        0x0000000000024044        0x4 _build/ble_main.o
 .rodata.str1.4
                0x0000000000024048        0xb _build/ble_main.o
 *fill*         0x0000000000024053        0x1 
 .rodata.str1.4
                0x0000000000024054        0x4 _build/hal.o
 .rodata        0x0000000000024058       0x10 _build/ble_rs.o
 .rodata.m_conn_params_timer_id
                0x0000000000024068        0x4 _build/ble_conn_params.o
 .rodata.m_service_context_store
                0x000000000002406c       0x10 _build/device_manager_peripheral.o
                0x000000000002406c                m_service_context_store
 .rodata.m_service_context_load
                0x000000000002407c       0x10 _build/device_manager_peripheral.o
                0x000000000002407c                m_service_context_load
 .rodata.m_service_context_apply
                0x000000000002408c       0x10 _build/device_manager_peripheral.o
                0x000000000002408c                m_service_context_apply
 .rodata.m_context_init_len
                0x000000000002409c        0x4 _build/device_manager_peripheral.o
                0x000000000002409c                m_context_init_len
 *(.eh_frame*)
 .eh_frame      0x00000000000240a0        0x0 /usr/local/opt/gcc-arm-none-eabi-4_9-2015q2/bin/../lib/gcc/arm-none-eabi/4.9.3/armv7e-m/fpu/crtbegin.o
 .eh_frame      0x00000000000240a0        0x4 /usr/local/opt/gcc-arm-none-eabi-4_9-2015q2/bin/../lib/gcc/arm-none-eabi/4.9.3/armv7e-m/fpu/crtend.o

.glue_7         0x00000000000240a4        0x0
 .glue_7        0x0000000000000000        0x0 linker stubs

.glue_7t        0x00000000000240a4        0x0
 .glue_7t       0x0000000000000000        0x0 linker stubs

.vfp11_veneer   0x00000000000240a4        0x0
 .vfp11_veneer  0x0000000000000000        0x0 linker stubs

.v4_bx          0x00000000000240a4        0x0
 .v4_bx         0x0000000000000000        0x0 linker stubs

.iplt           0x00000000000240a4        0x0
 .iplt          0x0000000000000000        0x0 /usr/local/opt/gcc-arm-none-eabi-4_9-2015q2/bin/../lib/gcc/arm-none-eabi/4.9.3/armv7e-m/fpu/crtbegin.o

.ARM.extab
 *(.ARM.extab* .gnu.linkonce.armextab.*)
                0x00000000000240a4                __exidx_start = .

.ARM.exidx      0x00000000000240a4        0x8
 *(.ARM.exidx* .gnu.linkonce.armexidx.*)
 .ARM.exidx     0x00000000000240a4        0x8 /usr/local/opt/gcc-arm-none-eabi-4_9-2015q2/bin/../lib/gcc/arm-none-eabi/4.9.3/../../../../arm-none-eabi/lib/armv7e-m/fpu/crt0.o
                0x00000000000240ac                __exidx_end = .
                0x00000000000240ac                __etext = .

.rel.dyn        0x00000000000240ac        0x0
 .rel.iplt      0x0000000000000000        0x0 /usr/local/opt/gcc-arm-none-eabi-4_9-2015q2/bin/../lib/gcc/arm-none-eabi/4.9.3/armv7e-m/fpu/crtbegin.o

.data           0x0000000020002080       0x78 load address 0x00000000000240ac
                0x0000000020002080                __data_start__ = .
 *(vtable)
 *(.data*)
 .data.impure_data
                0x0000000020002080       0x60 /usr/local/opt/gcc-arm-none-eabi-4_9-2015q2/bin/../lib/gcc/arm-none-eabi/4.9.3/../../../../arm-none-eabi/lib/armv7e-m/fpu/libc_nano.a(lib_a-impure.o)
 .data.xNextTaskUnblockTime
                0x00000000200020e0        0x4 _build/tasks.o
 .data.m_conn_handle
                0x00000000200020e4        0x2 _build/ble_main.o
 .data.current_slave_link_conn_handle.7726
                0x00000000200020e6        0x2 _build/ble_advertising.o
 .data.SystemCoreClock
                0x00000000200020e8        0x4 _build/system_nrf52.o
                0x00000000200020e8                SystemCoreClock
                0x00000000200020ec                . = ALIGN (0x4)
                0x00000000200020ec                PROVIDE (__preinit_array_start, .)
 *(.preinit_array)
                0x00000000200020ec                PROVIDE (__preinit_array_end, .)
                0x00000000200020ec                . = ALIGN (0x4)
                0x00000000200020ec                PROVIDE (__init_array_start, .)
 *(SORT(.init_array.*))
 *(.init_array)
 .init_array    0x00000000200020ec        0x4 /usr/local/opt/gcc-arm-none-eabi-4_9-2015q2/bin/../lib/gcc/arm-none-eabi/4.9.3/armv7e-m/fpu/crtbegin.o
                0x00000000200020f0                PROVIDE (__init_array_end, .)
                0x00000000200020f0                . = ALIGN (0x4)
                0x00000000200020f0                PROVIDE (__fini_array_start, .)
 *(SORT(.fini_array.*))
 *(.fini_array)
 .fini_array    0x00000000200020f0        0x4 /usr/local/opt/gcc-arm-none-eabi-4_9-2015q2/bin/../lib/gcc/arm-none-eabi/4.9.3/armv7e-m/fpu/crtbegin.o
                0x00000000200020f4                PROVIDE (__fini_array_end, .)
 *(.jcr*)
 .jcr           0x00000000200020f4        0x0 /usr/local/opt/gcc-arm-none-eabi-4_9-2015q2/bin/../lib/gcc/arm-none-eabi/4.9.3/armv7e-m/fpu/crtbegin.o
 .jcr           0x00000000200020f4        0x4 /usr/local/opt/gcc-arm-none-eabi-4_9-2015q2/bin/../lib/gcc/arm-none-eabi/4.9.3/armv7e-m/fpu/crtend.o
                0x00000000200020f8                . = ALIGN (0x4)
                0x00000000200020f8                __data_end__ = .
LOAD /usr/local/opt/gcc-arm-none-eabi-4_9-2015q2/bin/../lib/gcc/arm-none-eabi/4.9.3/armv7e-m/fpu/crti.o
LOAD /usr/local/opt/gcc-arm-none-eabi-4_9-2015q2/bin/../lib/gcc/arm-none-eabi/4.9.3/armv7e-m/fpu/crtbegin.o
LOAD /usr/local/opt/gcc-arm-none-eabi-4_9-2015q2/bin/../lib/gcc/arm-none-eabi/4.9.3/../../../../arm-none-eabi/lib/armv7e-m/fpu/crt0.o
LOAD /usr/local/opt/gcc-arm-none-eabi-4_9-2015q2/bin/../lib/gcc/arm-none-eabi/4.9.3/../../../../arm-none-eabi/lib/armv7e-m/fpu/libc_nano.a
LOAD /usr/local/opt/gcc-arm-none-eabi-4_9-2015q2/bin/../lib/gcc/arm-none-eabi/4.9.3/../../../../arm-none-eabi/lib/armv7e-m/fpu/libnosys.a
LOAD _build/app_button.o
LOAD _build/app_error.o
LOAD _build/app_error_weak.o
LOAD _build/app_timer_freertos.o
LOAD _build/app_trace.o
LOAD _build/app_util_platform.o
LOAD _build/fstorage.o
LOAD _build/nrf_assert.o
LOAD _build/nrf_log.o
LOAD _build/sensorsim.o
LOAD _build/RTT_Syscalls_GCC.o
LOAD _build/SEGGER_RTT.o
LOAD _build/SEGGER_RTT_printf.o
LOAD _build/croutine.o
LOAD _build/event_groups.o
LOAD _build/heap_1.o
LOAD _build/list.o
LOAD _build/port.o
LOAD _build/port_cmsis.o
LOAD _build/port_cmsis_systick.o
LOAD _build/queue.o
LOAD _build/tasks.o
LOAD _build/timers.o
LOAD _build/app_fifo.o
LOAD _build/nrf_delay.o
LOAD _build/nrf_drv_common.o
LOAD _build/pstorage.o
LOAD _build/nrf_drv_clock.o
LOAD _build/nrf_drv_gpiote.o
LOAD _build/bsp.o
LOAD _build/bsp_btn_ble.o
LOAD _build/main.o
LOAD _build/ble_main.o
LOAD _build/hal.o
LOAD _build/ble_rs.o
LOAD _build/ble_advdata.o
LOAD _build/ble_advertising.o
LOAD _build/ble_conn_params.o
LOAD _build/ble_srv_common.o
LOAD _build/device_manager_peripheral.o
LOAD _build/system_nrf52.o
LOAD _build/softdevice_handler.o
LOAD _build/gcc_startup_nrf52.o
LOAD /usr/local/opt/gcc-arm-none-eabi-4_9-2015q2/bin/../lib/gcc/arm-none-eabi/4.9.3/../../../../arm-none-eabi/lib/armv7e-m/fpu/libm.a
START GROUP
LOAD /usr/local/opt/gcc-arm-none-eabi-4_9-2015q2/bin/../lib/gcc/arm-none-eabi/4.9.3/armv7e-m/fpu/libgcc.a
LOAD /usr/local/opt/gcc-arm-none-eabi-4_9-2015q2/bin/../lib/gcc/arm-none-eabi/4.9.3/../../../../arm-none-eabi/lib/armv7e-m/fpu/libc_nano.a
END GROUP
START GROUP
LOAD /usr/local/opt/gcc-arm-none-eabi-4_9-2015q2/bin/../lib/gcc/arm-none-eabi/4.9.3/armv7e-m/fpu/libgcc.a
LOAD /usr/local/opt/gcc-arm-none-eabi-4_9-2015q2/bin/../lib/gcc/arm-none-eabi/4.9.3/../../../../arm-none-eabi/lib/armv7e-m/fpu/libc_nano.a
END GROUP
LOAD /usr/local/opt/gcc-arm-none-eabi-4_9-2015q2/bin/../lib/gcc/arm-none-eabi/4.9.3/armv7e-m/fpu/crtend.o
LOAD /usr/local/opt/gcc-arm-none-eabi-4_9-2015q2/bin/../lib/gcc/arm-none-eabi/4.9.3/armv7e-m/fpu/crtn.o
START GROUP
LOAD /usr/local/opt/gcc-arm-none-eabi-4_9-2015q2/bin/../lib/gcc/arm-none-eabi/4.9.3/armv7e-m/fpu/libgcc.a
LOAD /usr/local/opt/gcc-arm-none-eabi-4_9-2015q2/bin/../lib/gcc/arm-none-eabi/4.9.3/../../../../arm-none-eabi/lib/armv7e-m/fpu/libc.a
LOAD /usr/local/opt/gcc-arm-none-eabi-4_9-2015q2/bin/../lib/gcc/arm-none-eabi/4.9.3/../../../../arm-none-eabi/lib/armv7e-m/fpu/libnosys.a
END GROUP

.igot.plt       0x00000000200020f8        0x0 load address 0x0000000000024124
 .igot.plt      0x0000000000000000        0x0 /usr/local/opt/gcc-arm-none-eabi-4_9-2015q2/bin/../lib/gcc/arm-none-eabi/4.9.3/armv7e-m/fpu/crtbegin.o

.fs_data        0x00000000200020f8        0x0
                0x00000000200020f8                PROVIDE (__start_fs_data, .)
 *(.fs_data)
                0x00000000200020f8                PROVIDE (__stop_fs_data, .)

.bss            0x00000000200020f8     0x18fc load address 0x0000000000024124
                0x00000000200020f8                . = ALIGN (0x4)
                0x00000000200020f8                __bss_start__ = .
 *(.bss*)
 .bss           0x00000000200020f8       0x1c /usr/local/opt/gcc-arm-none-eabi-4_9-2015q2/bin/../lib/gcc/arm-none-eabi/4.9.3/armv7e-m/fpu/crtbegin.o
 .bss.m_detection_delay
                0x0000000020002114        0x4 _build/app_button.o
 .bss.mp_buttons
                0x0000000020002118        0x4 _build/app_button.o
 .bss.m_button_count
                0x000000002000211c        0x1 _build/app_button.o
 *fill*         0x000000002000211d        0x3 
 .bss.m_detection_delay_timer_id_data
                0x0000000020002120       0x20 _build/app_button.o
 .bss.m_pin_state
                0x0000000020002140        0x4 _build/app_button.o
 .bss.m_pin_transition
                0x0000000020002144        0x4 _build/app_button.o
 .bss.m_prescaler
                0x0000000020002148        0x4 _build/app_timer_freertos.o
 .bss.m_queue   0x000000002000214c       0x58 _build/fstorage.o
 .bss.xNextFreeByte
                0x00000000200021a4        0x4 _build/heap_1.o
 .bss.pucAlignedHeap.7745
                0x00000000200021a8        0x4 _build/heap_1.o
 .bss.ucHeap    0x00000000200021ac     0x1000 _build/heap_1.o
 .bss.uxCriticalNesting
                0x00000000200031ac        0x4 _build/port_cmsis.o
 .bss.xNumOfOverflows
                0x00000000200031b0        0x4 _build/tasks.o
 .bss.pxDelayedTaskList
                0x00000000200031b4        0x4 _build/tasks.o
 .bss.xSchedulerRunning
                0x00000000200031b8        0x4 _build/tasks.o
 .bss.uxTasksDeleted
                0x00000000200031bc        0x4 _build/tasks.o
 .bss.xTasksWaitingTermination
                0x00000000200031c0       0x14 _build/tasks.o
 .bss.xSuspendedTaskList
                0x00000000200031d4       0x14 _build/tasks.o
 .bss.pxReadyTasksLists
                0x00000000200031e8       0x3c _build/tasks.o
 .bss.uxSchedulerSuspended
                0x0000000020003224        0x4 _build/tasks.o
 .bss.pxCurrentTCB
                0x0000000020003228        0x4 _build/tasks.o
                0x0000000020003228                pxCurrentTCB
 .bss.xPendingReadyList
                0x000000002000322c       0x14 _build/tasks.o
 .bss.xIdleTaskHandle
                0x0000000020003240        0x4 _build/tasks.o
 .bss.xTickCount
                0x0000000020003244        0x4 _build/tasks.o
 .bss.pxOverflowDelayedTaskList
                0x0000000020003248        0x4 _build/tasks.o
 .bss.uxTaskNumber
                0x000000002000324c        0x4 _build/tasks.o
 .bss.xDelayedTaskList1
                0x0000000020003250       0x14 _build/tasks.o
 .bss.xDelayedTaskList2
                0x0000000020003264       0x14 _build/tasks.o
 .bss.uxPendedTicks
                0x0000000020003278        0x4 _build/tasks.o
 .bss.uxCurrentNumberOfTasks
                0x000000002000327c        0x4 _build/tasks.o
 .bss.uxTopReadyPriority
                0x0000000020003280        0x4 _build/tasks.o
 .bss.xYieldPending
                0x0000000020003284        0x4 _build/tasks.o
 .bss.pxCurrentTimerList
                0x0000000020003288        0x4 _build/timers.o
 .bss.xActiveTimerList1
                0x000000002000328c       0x14 _build/timers.o
 .bss.xActiveTimerList2
                0x00000000200032a0       0x14 _build/timers.o
 .bss.xLastTime.8001
                0x00000000200032b4        0x4 _build/timers.o
 .bss.xTimerQueue
                0x00000000200032b8        0x4 _build/timers.o
 .bss.pxOverflowTimerList
                0x00000000200032bc        0x4 _build/timers.o
 .bss.xTimerTaskHandle
                0x00000000200032c0        0x4 _build/timers.o
 .bss.m_cmd_queue
                0x00000000200032c4       0xcc _build/pstorage.o
 .bss.m_num_of_bytes_written
                0x0000000020003390        0x4 _build/pstorage.o
 .bss.m_tail_word_size
                0x0000000020003394        0x4 _build/pstorage.o
 .bss.m_app_table
                0x0000000020003398       0x18 _build/pstorage.o
 .bss.m_next_app_instance
                0x00000000200033b0        0x2 _build/pstorage.o
 *fill*         0x00000000200033b2        0x2 
 .bss.m_flags   0x00000000200033b4        0x4 _build/pstorage.o
 .bss.m_swap_sub_state
                0x00000000200033b8        0x1 _build/pstorage.o
 .bss.m_state   0x00000000200033b9        0x1 _build/pstorage.o
 *fill*         0x00000000200033ba        0x2 
 .bss.m_next_page_addr
                0x00000000200033bc        0x4 _build/pstorage.o
 .bss.m_app_data_size
                0x00000000200033c0        0x4 _build/pstorage.o
 .bss.m_num_of_command_retries
                0x00000000200033c4        0x4 _build/pstorage.o
 .bss.m_head_word_size
                0x00000000200033c8        0x4 _build/pstorage.o
 .bss.m_current_page_id
                0x00000000200033cc        0x4 _build/pstorage.o
 .bss.m_cb      0x00000000200033d0       0x58 _build/nrf_drv_gpiote.o
 .bss.m_leds_timer_id_data
                0x0000000020003428       0x20 _build/bsp.o
 .bss.m_alert_mask
                0x0000000020003448        0x4 _build/bsp.o
 .bss.m_indication_type
                0x000000002000344c        0x4 _build/bsp.o
 .bss.m_alert_timer_id_data
                0x0000000020003450       0x20 _build/bsp.o
 .bss.current_long_push_pin_no.7179
                0x0000000020003470        0x1 _build/bsp.o
 *fill*         0x0000000020003471        0x3 
 .bss.m_app_ticks_per_100ms
                0x0000000020003474        0x4 _build/bsp.o
 .bss.m_registered_callback
                0x0000000020003478        0x4 _build/bsp.o
 .bss.m_button_timer_id_data
                0x000000002000347c       0x20 _build/bsp.o
 .bss.m_stable_state
                0x000000002000349c        0x1 _build/bsp.o
 *fill*         0x000000002000349d        0x3 
 .bss.release_event_at_push.7180
                0x00000000200034a0        0x4 _build/bsp.o
 .bss.m_events_list
                0x00000000200034a4        0xc _build/bsp.o
 .bss.m_error_handler
                0x00000000200034b0        0x4 _build/bsp_btn_ble.o
 .bss.m_num_connections
                0x00000000200034b4        0x4 _build/bsp_btn_ble.o
 .bss.BLE_EVT_BUFFER.10085
                0x00000000200034b8       0x48 _build/ble_main.o
 .bss.m_app_handle
                0x0000000020003500        0x1 _build/ble_main.o
 *fill*         0x0000000020003501        0x3 
 .bss.m_rs      0x0000000020003504       0x28 _build/ble_main.o
 .bss.APP_TIMER_BUF.10013
                0x000000002000352c      0x1c8 _build/ble_main.o
 .bss.m_ble_event_ready
                0x00000000200036f4        0x4 _build/hal.o
 .bss.m_ble_stack_task
                0x00000000200036f8        0x4 _build/hal.o
 .bss.m_advdata
                0x00000000200036fc       0x38 _build/ble_advertising.o
 .bss.m_manuf_specific_data
                0x0000000020003734        0xc _build/ble_advertising.o
 .bss.m_evt_handler
                0x0000000020003740        0x4 _build/ble_advertising.o
 .bss.m_advertising_start_pending
                0x0000000020003744        0x1 _build/ble_advertising.o
 *fill*         0x0000000020003745        0x3 
 .bss.m_manuf_data_array
                0x0000000020003748       0x1f _build/ble_advertising.o
 .bss.m_whitelist_temporarily_disabled
                0x0000000020003767        0x1 _build/ble_advertising.o
 .bss.m_error_handler
                0x0000000020003768        0x4 _build/ble_advertising.o
 .bss.m_peer_address
                0x000000002000376c        0x7 _build/ble_advertising.o
 *fill*         0x0000000020003773        0x1 
 .bss.m_adv_modes_config
                0x0000000020003774       0x24 _build/ble_advertising.o
 .bss.mp_whitelist_addr
                0x0000000020003798       0x20 _build/ble_advertising.o
 .bss.m_tx_power_level
                0x00000000200037b8        0x1 _build/ble_advertising.o
 *fill*         0x00000000200037b9        0x3 
 .bss.m_whitelist
                0x00000000200037bc       0x10 _build/ble_advertising.o
 .bss.m_service_data_array
                0x00000000200037cc       0x1f _build/ble_advertising.o
 .bss.m_whitelist_reply_expected
                0x00000000200037eb        0x1 _build/ble_advertising.o
 .bss.mp_whitelist_irk
                0x00000000200037ec       0x20 _build/ble_advertising.o
 .bss.m_adv_mode_current
                0x000000002000380c        0x1 _build/ble_advertising.o
 .bss.m_peer_addr_reply_expected
                0x000000002000380d        0x1 _build/ble_advertising.o
 *fill*         0x000000002000380e        0x2 
 .bss.m_slave_conn_int
                0x0000000020003810        0x4 _build/ble_advertising.o
 .bss.m_service_data
                0x0000000020003814        0xc _build/ble_advertising.o
 .bss.m_adv_evt
                0x0000000020003820        0x1 _build/ble_advertising.o
 .bss.m_change_param
                0x0000000020003821        0x1 _build/ble_conn_params.o
 *fill*         0x0000000020003822        0x2 
 .bss.m_current_conn_params
                0x0000000020003824        0x8 _build/ble_conn_params.o
 .bss.m_update_count
                0x000000002000382c        0x1 _build/ble_conn_params.o
 *fill*         0x000000002000382d        0x3 
 .bss.m_conn_params_config
                0x0000000020003830       0x1c _build/ble_conn_params.o
 .bss.m_conn_params_timer_id_data
                0x000000002000384c       0x20 _build/ble_conn_params.o
 .bss.m_conn_handle
                0x000000002000386c        0x2 _build/ble_conn_params.o
 *fill*         0x000000002000386e        0x2 
 .bss.m_preferred_conn_params
                0x0000000020003870        0x8 _build/ble_conn_params.o
 .bss.m_app_context_table
                0x0000000020003878       0x1c _build/device_manager_peripheral.o
 .bss.m_irk_index_table
                0x0000000020003894        0x7 _build/device_manager_peripheral.o
 .bss.m_module_initialized
                0x000000002000389b        0x1 _build/device_manager_peripheral.o
 .bss.m_connection_table
                0x000000002000389c        0xc _build/device_manager_peripheral.o
 .bss.m_peer_table
                0x00000000200038a8       0xc4 _build/device_manager_peripheral.o
 .bss.m_storage_handle
                0x000000002000396c        0x8 _build/device_manager_peripheral.o
 .bss.m_bond_table
                0x0000000020003974       0x1c _build/device_manager_peripheral.o
 .bss.m_gatts_table
                0x0000000020003990       0x24 _build/device_manager_peripheral.o
 .bss.m_peer_addr_update
                0x00000000200039b4        0x4 _build/device_manager_peripheral.o
 .bss.m_application_table
                0x00000000200039b8        0xc _build/device_manager_peripheral.o
 .bss.m_softdevice_enabled
                0x00000000200039c4        0x1 _build/softdevice_handler.o
 *fill*         0x00000000200039c5        0x1 
 .bss.m_ble_evt_buffer_size
                0x00000000200039c6        0x2 _build/softdevice_handler.o
 .bss.mp_ble_evt_buffer
                0x00000000200039c8        0x4 _build/softdevice_handler.o
 .bss.m_sys_evt_handler
                0x00000000200039cc        0x4 _build/softdevice_handler.o
 .bss.m_ble_evt_handler
                0x00000000200039d0        0x4 _build/softdevice_handler.o
 .bss.m_evt_schedule_func
                0x00000000200039d4        0x4 _build/softdevice_handler.o
 *(COMMON)
 COMMON         0x00000000200039d8       0x10 _build/queue.o
                0x00000000200039d8                xQueueRegistry
 COMMON         0x00000000200039e8        0xc _build/softdevice_handler.o
                0x00000000200039e8                nrf_nvic_state
                0x00000000200039f4                . = ALIGN (0x4)
                0x00000000200039f4                __bss_end__ = .

.heap           0x00000000200039f8     0x2000
                0x00000000200039f8                __end__ = .
                0x00000000200039f8                PROVIDE (end, .)
 *(.heap*)
 .heap          0x00000000200039f8     0x2000 _build/gcc_startup_nrf52.o
                0x00000000200039f8                __HeapBase
                0x00000000200059f8                __HeapLimit = .

.stack_dummy    0x00000000200039f8     0x2000
 *(.stack*)
 .stack         0x00000000200039f8     0x2000 _build/gcc_startup_nrf52.o
                0x0000000020010000                __StackTop = (ORIGIN (RAM) + 0xdf80)
                0x000000002000e000                __StackLimit = (__StackTop - SIZEOF (.stack_dummy))
                0x0000000020010000                PROVIDE (__stack, __StackTop)
                0x0000000000000001                ASSERT ((__StackLimit >= __HeapLimit), region RAM overflowed with stack)
OUTPUT(_build/nrf52832_xxaa_s132.out elf32-littlearm)

.ARM.attributes
                0x0000000000000000       0x30
 .ARM.attributes
                0x0000000000000000       0x22 /usr/local/opt/gcc-arm-none-eabi-4_9-2015q2/bin/../lib/gcc/arm-none-eabi/4.9.3/armv7e-m/fpu/crti.o
 .ARM.attributes
                0x0000000000000022       0x34 /usr/local/opt/gcc-arm-none-eabi-4_9-2015q2/bin/../lib/gcc/arm-none-eabi/4.9.3/armv7e-m/fpu/crtbegin.o
 .ARM.attributes
                0x0000000000000056       0x20 /usr/local/opt/gcc-arm-none-eabi-4_9-2015q2/bin/../lib/gcc/arm-none-eabi/4.9.3/../../../../arm-none-eabi/lib/armv7e-m/fpu/crt0.o
 .ARM.attributes
                0x0000000000000076       0x34 /usr/local/opt/gcc-arm-none-eabi-4_9-2015q2/bin/../lib/gcc/arm-none-eabi/4.9.3/../../../../arm-none-eabi/lib/armv7e-m/fpu/libc_nano.a(lib_a-exit.o)
 .ARM.attributes
                0x00000000000000aa       0x34 /usr/local/opt/gcc-arm-none-eabi-4_9-2015q2/bin/../lib/gcc/arm-none-eabi/4.9.3/../../../../arm-none-eabi/lib/armv7e-m/fpu/libc_nano.a(lib_a-impure.o)
 .ARM.attributes
                0x00000000000000de       0x34 /usr/local/opt/gcc-arm-none-eabi-4_9-2015q2/bin/../lib/gcc/arm-none-eabi/4.9.3/../../../../arm-none-eabi/lib/armv7e-m/fpu/libc_nano.a(lib_a-init.o)
 .ARM.attributes
                0x0000000000000112       0x34 /usr/local/opt/gcc-arm-none-eabi-4_9-2015q2/bin/../lib/gcc/arm-none-eabi/4.9.3/../../../../arm-none-eabi/lib/armv7e-m/fpu/libc_nano.a(lib_a-memset.o)
 .ARM.attributes
                0x0000000000000146       0x34 /usr/local/opt/gcc-arm-none-eabi-4_9-2015q2/bin/../lib/gcc/arm-none-eabi/4.9.3/../../../../arm-none-eabi/lib/armv7e-m/fpu/libnosys.a(_exit.o)
 .ARM.attributes
                0x000000000000017a       0x39 _build/app_button.o
 .ARM.attributes
                0x00000000000001b3       0x39 _build/app_error.o
 .ARM.attributes
                0x00000000000001ec       0x39 _build/app_error_weak.o
 .ARM.attributes
                0x0000000000000225       0x39 _build/app_timer_freertos.o
 .ARM.attributes
                0x000000000000025e       0x39 _build/fstorage.o
 .ARM.attributes
                0x0000000000000297       0x39 _build/heap_1.o
 .ARM.attributes
                0x00000000000002d0       0x39 _build/list.o
 .ARM.attributes
                0x0000000000000309       0x39 _build/port.o
 .ARM.attributes
                0x0000000000000342       0x39 _build/port_cmsis.o
 .ARM.attributes
                0x000000000000037b       0x39 _build/port_cmsis_systick.o
 .ARM.attributes
                0x00000000000003b4       0x39 _build/queue.o
 .ARM.attributes
                0x00000000000003ed       0x39 _build/tasks.o
 .ARM.attributes
                0x0000000000000426       0x39 _build/timers.o
 .ARM.attributes
                0x000000000000045f       0x39 _build/nrf_drv_common.o
 .ARM.attributes
                0x0000000000000498       0x39 _build/pstorage.o
 .ARM.attributes
                0x00000000000004d1       0x39 _build/nrf_drv_clock.o
 .ARM.attributes
                0x000000000000050a       0x39 _build/nrf_drv_gpiote.o
 .ARM.attributes
                0x0000000000000543       0x39 _build/bsp.o
 .ARM.attributes
                0x000000000000057c       0x39 _build/bsp_btn_ble.o
 .ARM.attributes
                0x00000000000005b5       0x39 _build/main.o
 .ARM.attributes
                0x00000000000005ee       0x39 _build/ble_main.o
 .ARM.attributes
                0x0000000000000627       0x39 _build/hal.o
 .ARM.attributes
                0x0000000000000660       0x39 _build/ble_rs.o
 .ARM.attributes
                0x0000000000000699       0x39 _build/ble_advdata.o
 .ARM.attributes
                0x00000000000006d2       0x39 _build/ble_advertising.o
 .ARM.attributes
                0x000000000000070b       0x39 _build/ble_conn_params.o
 .ARM.attributes
                0x0000000000000744       0x39 _build/device_manager_peripheral.o
 .ARM.attributes
                0x000000000000077d       0x39 _build/system_nrf52.o
 .ARM.attributes
                0x00000000000007b6       0x39 _build/softdevice_handler.o
 .ARM.attributes
                0x00000000000007ef       0x1c _build/gcc_startup_nrf52.o
 .ARM.attributes
                0x000000000000080b       0x34 /usr/local/opt/gcc-arm-none-eabi-4_9-2015q2/bin/../lib/gcc/arm-none-eabi/4.9.3/../../../../arm-none-eabi/lib/armv7e-m/fpu/libc_nano.a(lib_a-memcmp.o)
 .ARM.attributes
                0x000000000000083f       0x34 /usr/local/opt/gcc-arm-none-eabi-4_9-2015q2/bin/../lib/gcc/arm-none-eabi/4.9.3/../../../../arm-none-eabi/lib/armv7e-m/fpu/libc_nano.a(lib_a-memcpy.o)
 .ARM.attributes
                0x0000000000000873       0x34 /usr/local/opt/gcc-arm-none-eabi-4_9-2015q2/bin/../lib/gcc/arm-none-eabi/4.9.3/../../../../arm-none-eabi/lib/armv7e-m/fpu/libc_nano.a(lib_a-strlen.o)
 .ARM.attributes
                0x00000000000008a7       0x34 /usr/local/opt/gcc-arm-none-eabi-4_9-2015q2/bin/../lib/gcc/arm-none-eabi/4.9.3/armv7e-m/fpu/crtend.o
 .ARM.attributes
                0x00000000000008db       0x22 /usr/local/opt/gcc-arm-none-eabi-4_9-2015q2/bin/../lib/gcc/arm-none-eabi/4.9.3/armv7e-m/fpu/crtn.o

.comment        0x0000000000000000       0x70
 .comment       0x0000000000000000       0x70 _build/app_button.o
                                         0x71 (size before relaxing)
 .comment       0x0000000000000000       0x71 _build/app_error.o
 .comment       0x0000000000000000       0x71 _build/app_error_weak.o
 .comment       0x0000000000000000       0x71 _build/app_timer_freertos.o
 .comment       0x0000000000000000       0x71 _build/fstorage.o
 .comment       0x0000000000000000       0x71 _build/heap_1.o
 .comment       0x0000000000000000       0x71 _build/list.o
 .comment       0x0000000000000000       0x71 _build/port.o
 .comment       0x0000000000000000       0x71 _build/port_cmsis.o
 .comment       0x0000000000000000       0x71 _build/port_cmsis_systick.o
 .comment       0x0000000000000000       0x71 _build/queue.o
 .comment       0x0000000000000000       0x71 _build/tasks.o
 .comment       0x0000000000000000       0x71 _build/timers.o
 .comment       0x0000000000000000       0x71 _build/nrf_drv_common.o
 .comment       0x0000000000000000       0x71 _build/pstorage.o
 .comment       0x0000000000000000       0x71 _build/nrf_drv_clock.o
 .comment       0x0000000000000000       0x71 _build/nrf_drv_gpiote.o
 .comment       0x0000000000000000       0x71 _build/bsp.o
 .comment       0x0000000000000000       0x71 _build/bsp_btn_ble.o
 .comment       0x0000000000000000       0x71 _build/main.o
 .comment       0x0000000000000000       0x71 _build/ble_main.o
 .comment       0x0000000000000000       0x71 _build/hal.o
 .comment       0x0000000000000000       0x71 _build/ble_rs.o
 .comment       0x0000000000000000       0x71 _build/ble_advdata.o
 .comment       0x0000000000000000       0x71 _build/ble_advertising.o
 .comment       0x0000000000000000       0x71 _build/ble_conn_params.o
 .comment       0x0000000000000000       0x71 _build/device_manager_peripheral.o
 .comment       0x0000000000000000       0x71 _build/system_nrf52.o
 .comment       0x0000000000000000       0x71 _build/softdevice_handler.o

.debug_frame    0x0000000000000000     0x29f4
 .debug_frame   0x0000000000000000       0x28 /usr/local/opt/gcc-arm-none-eabi-4_9-2015q2/bin/../lib/gcc/arm-none-eabi/4.9.3/../../../../arm-none-eabi/lib/armv7e-m/fpu/libc_nano.a(lib_a-exit.o)
 .debug_frame   0x0000000000000028       0x2c /usr/local/opt/gcc-arm-none-eabi-4_9-2015q2/bin/../lib/gcc/arm-none-eabi/4.9.3/../../../../arm-none-eabi/lib/armv7e-m/fpu/libc_nano.a(lib_a-init.o)
 .debug_frame   0x0000000000000054       0x20 /usr/local/opt/gcc-arm-none-eabi-4_9-2015q2/bin/../lib/gcc/arm-none-eabi/4.9.3/../../../../arm-none-eabi/lib/armv7e-m/fpu/libc_nano.a(lib_a-memset.o)
 .debug_frame   0x0000000000000074       0x20 /usr/local/opt/gcc-arm-none-eabi-4_9-2015q2/bin/../lib/gcc/arm-none-eabi/4.9.3/../../../../arm-none-eabi/lib/armv7e-m/fpu/libnosys.a(_exit.o)
 .debug_frame   0x0000000000000094       0xe4 _build/app_button.o
 .debug_frame   0x0000000000000178       0x70 _build/app_error.o
 .debug_frame   0x00000000000001e8       0x20 _build/app_error_weak.o
 .debug_frame   0x0000000000000208       0xc0 _build/app_timer_freertos.o
 .debug_frame   0x00000000000002c8      0x134 _build/fstorage.o
 .debug_frame   0x00000000000003fc       0x5c _build/heap_1.o
 .debug_frame   0x0000000000000458       0x70 _build/list.o
 .debug_frame   0x00000000000004c8       0x40 _build/port.o
 .debug_frame   0x0000000000000508       0x84 _build/port_cmsis.o
 .debug_frame   0x000000000000058c       0x80 _build/port_cmsis_systick.o
 .debug_frame   0x000000000000060c      0x26c _build/queue.o
 .debug_frame   0x0000000000000878      0x548 _build/tasks.o
 .debug_frame   0x0000000000000dc0      0x17c _build/timers.o
 .debug_frame   0x0000000000000f3c       0x2c _build/nrf_drv_common.o
 .debug_frame   0x0000000000000f68      0x5a8 _build/pstorage.o
 .debug_frame   0x0000000000001510      0x168 _build/nrf_drv_clock.o
 .debug_frame   0x0000000000001678      0x210 _build/nrf_drv_gpiote.o
 .debug_frame   0x0000000000001888      0x24c _build/bsp.o
 .debug_frame   0x0000000000001ad4       0x70 _build/bsp_btn_ble.o
 .debug_frame   0x0000000000001b44       0x28 _build/main.o
 .debug_frame   0x0000000000001b6c      0x240 _build/ble_main.o
 .debug_frame   0x0000000000001dac       0x4c _build/hal.o
 .debug_frame   0x0000000000001df8      0x114 _build/ble_rs.o
 .debug_frame   0x0000000000001f0c      0x124 _build/ble_advdata.o
 .debug_frame   0x0000000000002030      0x14c _build/ble_advertising.o
 .debug_frame   0x000000000000217c      0x13c _build/ble_conn_params.o
 .debug_frame   0x00000000000022b8      0x4f8 _build/device_manager_peripheral.o
 .debug_frame   0x00000000000027b0       0x40 _build/system_nrf52.o
 .debug_frame   0x00000000000027f0      0x194 _build/softdevice_handler.o
 .debug_frame   0x0000000000002984       0x28 /usr/local/opt/gcc-arm-none-eabi-4_9-2015q2/bin/../lib/gcc/arm-none-eabi/4.9.3/../../../../arm-none-eabi/lib/armv7e-m/fpu/libc_nano.a(lib_a-memcmp.o)
 .debug_frame   0x00000000000029ac       0x28 /usr/local/opt/gcc-arm-none-eabi-4_9-2015q2/bin/../lib/gcc/arm-none-eabi/4.9.3/../../../../arm-none-eabi/lib/armv7e-m/fpu/libc_nano.a(lib_a-memcpy.o)
 .debug_frame   0x00000000000029d4       0x20 /usr/local/opt/gcc-arm-none-eabi-4_9-2015q2/bin/../lib/gcc/arm-none-eabi/4.9.3/../../../../arm-none-eabi/lib/armv7e-m/fpu/libc_nano.a(lib_a-strlen.o)

.debug_info     0x0000000000000000    0x266f6
 .debug_info    0x0000000000000000      0x6d1 _build/app_button.o
 .debug_info    0x00000000000006d1      0x35b _build/app_error.o
 .debug_info    0x0000000000000a2c      0x315 _build/app_error_weak.o
 .debug_info    0x0000000000000d41      0xac7 _build/app_timer_freertos.o
 .debug_info    0x0000000000001808     0x1200 _build/fstorage.o
 .debug_info    0x0000000000002a08      0x1f8 _build/heap_1.o
 .debug_info    0x0000000000002c00      0x2df _build/list.o
 .debug_info    0x0000000000002edf      0x104 _build/port.o
 .debug_info    0x0000000000002fe3      0x881 _build/port_cmsis.o
 .debug_info    0x0000000000003864      0xfca _build/port_cmsis_systick.o
 .debug_info    0x000000000000482e     0x1caf _build/queue.o
 .debug_info    0x00000000000064dd     0x2bde _build/tasks.o
 .debug_info    0x00000000000090bb     0x16a6 _build/timers.o
 .debug_info    0x000000000000a761      0x602 _build/nrf_drv_common.o
 .debug_info    0x000000000000ad63     0x3624 _build/pstorage.o
 .debug_info    0x000000000000e387      0x888 _build/nrf_drv_clock.o
 .debug_info    0x000000000000ec0f     0x20e5 _build/nrf_drv_gpiote.o
 .debug_info    0x0000000000010cf4     0x10cb _build/bsp.o
 .debug_info    0x0000000000011dbf     0x175d _build/bsp_btn_ble.o
 .debug_info    0x000000000001351c      0x119 _build/main.o
 .debug_info    0x0000000000013635     0x3530 _build/ble_main.o
 .debug_info    0x0000000000016b65      0x681 _build/hal.o
 .debug_info    0x00000000000171e6     0x26d1 _build/ble_rs.o
 .debug_info    0x00000000000198b7     0x1caf _build/ble_advdata.o
 .debug_info    0x000000000001b566     0x219c _build/ble_advertising.o
 .debug_info    0x000000000001d702     0x1c6b _build/ble_conn_params.o
 .debug_info    0x000000000001f36d     0x4382 _build/device_manager_peripheral.o
 .debug_info    0x00000000000236ef      0xdc1 _build/system_nrf52.o
 .debug_info    0x00000000000244b0     0x2246 _build/softdevice_handler.o

.debug_abbrev   0x0000000000000000     0x582e
 .debug_abbrev  0x0000000000000000      0x21e _build/app_button.o
 .debug_abbrev  0x000000000000021e      0x141 _build/app_error.o
 .debug_abbrev  0x000000000000035f      0x128 _build/app_error_weak.o
 .debug_abbrev  0x0000000000000487      0x29f _build/app_timer_freertos.o
 .debug_abbrev  0x0000000000000726      0x3e9 _build/fstorage.o
 .debug_abbrev  0x0000000000000b0f      0x158 _build/heap_1.o
 .debug_abbrev  0x0000000000000c67      0x10a _build/list.o
 .debug_abbrev  0x0000000000000d71       0x7b _build/port.o
 .debug_abbrev  0x0000000000000dec      0x2cd _build/port_cmsis.o
 .debug_abbrev  0x00000000000010b9      0x343 _build/port_cmsis_systick.o
 .debug_abbrev  0x00000000000013fc      0x3e4 _build/queue.o
 .debug_abbrev  0x00000000000017e0      0x485 _build/tasks.o
 .debug_abbrev  0x0000000000001c65      0x3e3 _build/timers.o
 .debug_abbrev  0x0000000000002048      0x1a2 _build/nrf_drv_common.o
 .debug_abbrev  0x00000000000021ea      0x43e _build/pstorage.o
 .debug_abbrev  0x0000000000002628      0x3b1 _build/nrf_drv_clock.o
 .debug_abbrev  0x00000000000029d9      0x488 _build/nrf_drv_gpiote.o
 .debug_abbrev  0x0000000000002e61      0x3e7 _build/bsp.o
 .debug_abbrev  0x0000000000003248      0x303 _build/bsp_btn_ble.o
 .debug_abbrev  0x000000000000354b       0xb1 _build/main.o
 .debug_abbrev  0x00000000000035fc      0x4f0 _build/ble_main.o
 .debug_abbrev  0x0000000000003aec      0x1ef _build/hal.o
 .debug_abbrev  0x0000000000003cdb      0x407 _build/ble_rs.o
 .debug_abbrev  0x00000000000040e2      0x36d _build/ble_advdata.o
 .debug_abbrev  0x000000000000444f      0x443 _build/ble_advertising.o
 .debug_abbrev  0x0000000000004892      0x445 _build/ble_conn_params.o
 .debug_abbrev  0x0000000000004cd7      0x47f _build/device_manager_peripheral.o
 .debug_abbrev  0x0000000000005156      0x1d3 _build/system_nrf52.o
 .debug_abbrev  0x0000000000005329      0x505 _build/softdevice_handler.o

.debug_loc      0x0000000000000000    0x12b81
 .debug_loc     0x0000000000000000      0x3d7 _build/app_button.o
 .debug_loc     0x00000000000003d7      0x145 _build/app_error.o
 .debug_loc     0x000000000000051c       0x42 _build/app_error_weak.o
 .debug_loc     0x000000000000055e      0x434 _build/app_timer_freertos.o
 .debug_loc     0x0000000000000992      0x904 _build/fstorage.o
 .debug_loc     0x0000000000001296       0xae _build/heap_1.o
 .debug_loc     0x0000000000001344       0x70 _build/list.o
 .debug_loc     0x00000000000013b4       0x67 _build/port_cmsis.o
 .debug_loc     0x000000000000141b      0x149 _build/port_cmsis_systick.o
 .debug_loc     0x0000000000001564     0x12d0 _build/queue.o
 .debug_loc     0x0000000000002834     0x1c9d _build/tasks.o
 .debug_loc     0x00000000000044d1      0xe70 _build/timers.o
 .debug_loc     0x0000000000005341       0xd6 _build/nrf_drv_common.o
 .debug_loc     0x0000000000005417     0x3f40 _build/pstorage.o
 .debug_loc     0x0000000000009357      0x1a1 _build/nrf_drv_clock.o
 .debug_loc     0x00000000000094f8     0x1bf5 _build/nrf_drv_gpiote.o
 .debug_loc     0x000000000000b0ed     0x1870 _build/bsp.o
 .debug_loc     0x000000000000c95d      0x191 _build/bsp_btn_ble.o
 .debug_loc     0x000000000000caee      0x886 _build/ble_main.o
 .debug_loc     0x000000000000d374       0x34 _build/hal.o
 .debug_loc     0x000000000000d3a8      0x427 _build/ble_rs.o
 .debug_loc     0x000000000000d7cf     0x1d3f _build/ble_advdata.o
 .debug_loc     0x000000000000f50e      0x5eb _build/ble_advertising.o
 .debug_loc     0x000000000000faf9      0x39e _build/ble_conn_params.o
 .debug_loc     0x000000000000fe97     0x28ca _build/device_manager_peripheral.o
 .debug_loc     0x0000000000012761      0x420 _build/softdevice_handler.o

.debug_aranges  0x0000000000000000      0xce0
 .debug_aranges
                0x0000000000000000       0x48 _build/app_button.o
 .debug_aranges
                0x0000000000000048       0x30 _build/app_error.o
 .debug_aranges
                0x0000000000000078       0x20 _build/app_error_weak.o
 .debug_aranges
                0x0000000000000098       0x40 _build/app_timer_freertos.o
 .debug_aranges
                0x00000000000000d8       0x60 _build/fstorage.o
 .debug_aranges
                0x0000000000000138       0x38 _build/heap_1.o
 .debug_aranges
                0x0000000000000170       0x40 _build/list.o
 .debug_aranges
                0x00000000000001b0       0x30 _build/port.o
 .debug_aranges
                0x00000000000001e0       0x48 _build/port_cmsis.o
 .debug_aranges
                0x0000000000000228       0x38 _build/port_cmsis_systick.o
 .debug_aranges
                0x0000000000000260       0xc0 _build/queue.o
 .debug_aranges
                0x0000000000000320      0x180 _build/tasks.o
 .debug_aranges
                0x00000000000004a0       0x70 _build/timers.o
 .debug_aranges
                0x0000000000000510       0x20 _build/nrf_drv_common.o
 .debug_aranges
                0x0000000000000530       0xf0 _build/pstorage.o
 .debug_aranges
                0x0000000000000620       0x98 _build/nrf_drv_clock.o
 .debug_aranges
                0x00000000000006b8       0xb8 _build/nrf_drv_gpiote.o
 .debug_aranges
                0x0000000000000770       0x80 _build/bsp.o
 .debug_aranges
                0x00000000000007f0       0x30 _build/bsp_btn_ble.o
 .debug_aranges
                0x0000000000000820       0x20 _build/main.o
 .debug_aranges
                0x0000000000000840       0xc0 _build/ble_main.o
 .debug_aranges
                0x0000000000000900       0x28 _build/hal.o
 .debug_aranges
                0x0000000000000928       0x60 _build/ble_rs.o
 .debug_aranges
                0x0000000000000988       0x60 _build/ble_advdata.o
 .debug_aranges
                0x00000000000009e8       0x60 _build/ble_advertising.o
 .debug_aranges
                0x0000000000000a48       0x68 _build/ble_conn_params.o
 .debug_aranges
                0x0000000000000ab0      0x168 _build/device_manager_peripheral.o
 .debug_aranges
                0x0000000000000c18       0x28 _build/system_nrf52.o
 .debug_aranges
                0x0000000000000c40       0xa0 _build/softdevice_handler.o

.debug_ranges   0x0000000000000000     0x4298
 .debug_ranges  0x0000000000000000       0xa0 _build/app_button.o
 .debug_ranges  0x00000000000000a0       0x20 _build/app_error.o
 .debug_ranges  0x00000000000000c0       0x10 _build/app_error_weak.o
 .debug_ranges  0x00000000000000d0       0x30 _build/app_timer_freertos.o
 .debug_ranges  0x0000000000000100      0x1c0 _build/fstorage.o
 .debug_ranges  0x00000000000002c0       0x28 _build/heap_1.o
 .debug_ranges  0x00000000000002e8       0x30 _build/list.o
 .debug_ranges  0x0000000000000318       0x20 _build/port.o
 .debug_ranges  0x0000000000000338       0x50 _build/port_cmsis.o
 .debug_ranges  0x0000000000000388      0x1a0 _build/port_cmsis_systick.o
 .debug_ranges  0x0000000000000528      0x228 _build/queue.o
 .debug_ranges  0x0000000000000750      0x610 _build/tasks.o
 .debug_ranges  0x0000000000000d60      0x230 _build/timers.o
 .debug_ranges  0x0000000000000f90       0x30 _build/nrf_drv_common.o
 .debug_ranges  0x0000000000000fc0     0x1490 _build/pstorage.o
 .debug_ranges  0x0000000000002450       0xc8 _build/nrf_drv_clock.o
 .debug_ranges  0x0000000000002518      0x940 _build/nrf_drv_gpiote.o
 .debug_ranges  0x0000000000002e58      0x2a0 _build/bsp.o
 .debug_ranges  0x00000000000030f8       0x70 _build/bsp_btn_ble.o
 .debug_ranges  0x0000000000003168       0x10 _build/main.o
 .debug_ranges  0x0000000000003178      0x368 _build/ble_main.o
 .debug_ranges  0x00000000000034e0       0x18 _build/hal.o
 .debug_ranges  0x00000000000034f8       0xb8 _build/ble_rs.o
 .debug_ranges  0x00000000000035b0      0x320 _build/ble_advdata.o
 .debug_ranges  0x00000000000038d0      0x138 _build/ble_advertising.o
 .debug_ranges  0x0000000000003a08       0xd0 _build/ble_conn_params.o
 .debug_ranges  0x0000000000003ad8      0x558 _build/device_manager_peripheral.o
 .debug_ranges  0x0000000000004030       0xf0 _build/system_nrf52.o
 .debug_ranges  0x0000000000004120      0x178 _build/softdevice_handler.o

.debug_macro    0x0000000000000000    0x1cca7
 .debug_macro   0x0000000000000000      0x2c4 _build/app_button.o
 .debug_macro   0x00000000000002c4      0x904 _build/app_button.o
 .debug_macro   0x0000000000000bc8       0x22 _build/app_button.o
 .debug_macro   0x0000000000000bea       0x44 _build/app_button.o
 .debug_macro   0x0000000000000c2e       0x58 _build/app_button.o
 .debug_macro   0x0000000000000c86       0x22 _build/app_button.o
 .debug_macro   0x0000000000000ca8      0x1df _build/app_button.o
 .debug_macro   0x0000000000000e87       0x22 _build/app_button.o
 .debug_macro   0x0000000000000ea9       0x1c _build/app_button.o
 .debug_macro   0x0000000000000ec5       0x2d _build/app_button.o
 .debug_macro   0x0000000000000ef2       0x3b _build/app_button.o
 .debug_macro   0x0000000000000f2d       0x50 _build/app_button.o
 .debug_macro   0x0000000000000f7d      0xe66 _build/app_button.o
 .debug_macro   0x0000000000001de3      0x3a0 _build/app_button.o
 .debug_macro   0x0000000000002183    0x10245 _build/app_button.o
 .debug_macro   0x00000000000123c8     0x12c7 _build/app_button.o
 .debug_macro   0x000000000001368f       0x7c _build/app_button.o
 .debug_macro   0x000000000001370b       0x1c _build/app_button.o
 .debug_macro   0x0000000000013727       0x58 _build/app_button.o
 .debug_macro   0x000000000001377f       0x35 _build/app_button.o
 .debug_macro   0x00000000000137b4       0x9c _build/app_button.o
 .debug_macro   0x0000000000013850       0x16 _build/app_button.o
 .debug_macro   0x0000000000013866       0x97 _build/app_button.o
 .debug_macro   0x00000000000138fd      0x29d _build/app_button.o
 .debug_macro   0x0000000000013b9a       0xef _build/app_button.o
 .debug_macro   0x0000000000013c89       0x10 _build/app_button.o
 .debug_macro   0x0000000000013c99       0x52 _build/app_button.o
 .debug_macro   0x0000000000013ceb       0x16 _build/app_button.o
 .debug_macro   0x0000000000013d01       0x43 _build/app_button.o
 .debug_macro   0x0000000000013d44      0x180 _build/app_button.o
 .debug_macro   0x0000000000013ec4       0x10 _build/app_button.o
 .debug_macro   0x0000000000013ed4       0x22 _build/app_button.o
 .debug_macro   0x0000000000013ef6       0xbe _build/app_button.o
 .debug_macro   0x0000000000013fb4       0x16 _build/app_button.o
 .debug_macro   0x0000000000013fca      0x197 _build/app_button.o
 .debug_macro   0x0000000000014161       0x9a _build/app_button.o
 .debug_macro   0x00000000000141fb       0x70 _build/app_button.o
 .debug_macro   0x000000000001426b      0x11e _build/app_button.o
 .debug_macro   0x0000000000014389       0x52 _build/app_button.o
 .debug_macro   0x00000000000143db       0x67 _build/app_button.o
 .debug_macro   0x0000000000014442       0xb5 _build/app_button.o
 .debug_macro   0x00000000000144f7       0x2b _build/app_button.o
 .debug_macro   0x0000000000014522       0x10 _build/app_button.o
 .debug_macro   0x0000000000014532       0x1c _build/app_button.o
 .debug_macro   0x000000000001454e       0x47 _build/app_button.o
 .debug_macro   0x0000000000014595       0x11 _build/app_button.o
 .debug_macro   0x00000000000145a6      0x198 _build/app_button.o
 .debug_macro   0x000000000001473e       0x2e _build/app_button.o
 .debug_macro   0x000000000001476c       0x16 _build/app_button.o
 .debug_macro   0x0000000000014782       0x35 _build/app_button.o
 .debug_macro   0x00000000000147b7       0x22 _build/app_button.o
 .debug_macro   0x00000000000147d9       0x37 _build/app_button.o
 .debug_macro   0x0000000000014810      0x228 _build/app_error.o
 .debug_macro   0x0000000000014a38       0x35 _build/app_error.o
 .debug_macro   0x0000000000014a6d      0x222 _build/app_error_weak.o
 .debug_macro   0x0000000000014c8f      0x358 _build/app_timer_freertos.o
 .debug_macro   0x0000000000014fe7      0x166 _build/app_timer_freertos.o
 .debug_macro   0x000000000001514d       0x16 _build/app_timer_freertos.o
 .debug_macro   0x0000000000015163       0x40 _build/app_timer_freertos.o
 .debug_macro   0x00000000000151a3       0x64 _build/app_timer_freertos.o
 .debug_macro   0x0000000000015207      0x197 _build/app_timer_freertos.o
 .debug_macro   0x000000000001539e       0x5e _build/app_timer_freertos.o
 .debug_macro   0x00000000000153fc       0xe8 _build/app_timer_freertos.o
 .debug_macro   0x00000000000154e4       0x10 _build/app_timer_freertos.o
 .debug_macro   0x00000000000154f4       0x1f _build/app_timer_freertos.o
 .debug_macro   0x0000000000015513      0x322 _build/app_timer_freertos.o
 .debug_macro   0x0000000000015835       0xc0 _build/app_timer_freertos.o
 .debug_macro   0x00000000000158f5       0x8c _build/app_timer_freertos.o
 .debug_macro   0x0000000000015981       0x91 _build/app_timer_freertos.o
 .debug_macro   0x0000000000015a12       0x41 _build/app_timer_freertos.o
 .debug_macro   0x0000000000015a53       0x16 _build/app_timer_freertos.o
 .debug_macro   0x0000000000015a69       0x16 _build/app_timer_freertos.o
 .debug_macro   0x0000000000015a7f       0x29 _build/app_timer_freertos.o
 .debug_macro   0x0000000000015aa8      0x1ea _build/fstorage.o
 .debug_macro   0x0000000000015c92       0x52 _build/fstorage.o
 .debug_macro   0x0000000000015ce4       0x1c _build/fstorage.o
 .debug_macro   0x0000000000015d00       0x47 _build/fstorage.o
 .debug_macro   0x0000000000015d47       0x10 _build/fstorage.o
 .debug_macro   0x0000000000015d57      0x317 _build/heap_1.o
 .debug_macro   0x000000000001606e      0x2f6 _build/list.o
 .debug_macro   0x0000000000016364      0x2dd _build/port.o
 .debug_macro   0x0000000000016641      0x329 _build/port_cmsis.o
 .debug_macro   0x000000000001696a      0x330 _build/port_cmsis_systick.o
 .debug_macro   0x0000000000016c9a       0x22 _build/port_cmsis_systick.o
 .debug_macro   0x0000000000016cbc       0x10 _build/port_cmsis_systick.o
 .debug_macro   0x0000000000016ccc       0x10 _build/port_cmsis_systick.o
 .debug_macro   0x0000000000016cdc      0x368 _build/queue.o
 .debug_macro   0x0000000000017044       0xb0 _build/queue.o
 .debug_macro   0x00000000000170f4      0x3a4 _build/tasks.o
 .debug_macro   0x0000000000017498       0x16 _build/tasks.o
 .debug_macro   0x00000000000174ae      0x333 _build/timers.o
 .debug_macro   0x00000000000177e1      0x2a5 _build/nrf_drv_common.o
 .debug_macro   0x0000000000017a86      0x32a _build/pstorage.o
 .debug_macro   0x0000000000017db0       0x46 _build/pstorage.o
 .debug_macro   0x0000000000017df6       0x1c _build/pstorage.o
 .debug_macro   0x0000000000017e12       0x76 _build/pstorage.o
 .debug_macro   0x0000000000017e88      0x30a _build/nrf_drv_clock.o
 .debug_macro   0x0000000000018192       0x1c _build/nrf_drv_clock.o
 .debug_macro   0x00000000000181ae       0x8e _build/nrf_drv_clock.o
 .debug_macro   0x000000000001823c      0x2f5 _build/nrf_drv_gpiote.o
 .debug_macro   0x0000000000018531      0x2d9 _build/bsp.o
 .debug_macro   0x000000000001880a      0x280 _build/bsp.o
 .debug_macro   0x0000000000018a8a       0x22 _build/bsp.o
 .debug_macro   0x0000000000018aac       0x5e _build/bsp.o
 .debug_macro   0x0000000000018b0a      0x334 _build/bsp_btn_ble.o
 .debug_macro   0x0000000000018e3e       0xd6 _build/bsp_btn_ble.o
 .debug_macro   0x0000000000018f14      0x1fb _build/bsp_btn_ble.o
 .debug_macro   0x000000000001910f      0x3f4 _build/bsp_btn_ble.o
 .debug_macro   0x0000000000019503       0x3a _build/bsp_btn_ble.o
 .debug_macro   0x000000000001953d       0x22 _build/bsp_btn_ble.o
 .debug_macro   0x000000000001955f      0x201 _build/bsp_btn_ble.o
 .debug_macro   0x0000000000019760       0x1c _build/bsp_btn_ble.o
 .debug_macro   0x000000000001977c       0xdb _build/bsp_btn_ble.o
 .debug_macro   0x0000000000019857       0x24 _build/bsp_btn_ble.o
 .debug_macro   0x000000000001987b      0x52d _build/main.o
 .debug_macro   0x0000000000019da8       0xa6 _build/main.o
 .debug_macro   0x0000000000019e4e       0xb8 _build/main.o
 .debug_macro   0x0000000000019f06       0x40 _build/main.o
 .debug_macro   0x0000000000019f46      0x2ca _build/main.o
 .debug_macro   0x000000000001a210       0x46 _build/main.o
 .debug_macro   0x000000000001a256       0x16 _build/main.o
 .debug_macro   0x000000000001a26c       0x10 _build/main.o
 .debug_macro   0x000000000001a27c      0x401 _build/main.o
 .debug_macro   0x000000000001a67d       0x22 _build/main.o
 .debug_macro   0x000000000001a69f       0x28 _build/main.o
 .debug_macro   0x000000000001a6c7       0x98 _build/main.o
 .debug_macro   0x000000000001a75f       0x4c _build/main.o
 .debug_macro   0x000000000001a7ab       0x1c _build/main.o
 .debug_macro   0x000000000001a7c7       0x22 _build/main.o
 .debug_macro   0x000000000001a7e9       0x28 _build/main.o
 .debug_macro   0x000000000001a811       0x7f _build/main.o
 .debug_macro   0x000000000001a890       0x28 _build/main.o
 .debug_macro   0x000000000001a8b8      0x5a4 _build/ble_main.o
 .debug_macro   0x000000000001ae5c      0x524 _build/hal.o
 .debug_macro   0x000000000001b380      0x2e2 _build/ble_rs.o
 .debug_macro   0x000000000001b662      0x280 _build/ble_advdata.o
 .debug_macro   0x000000000001b8e2      0x2d4 _build/ble_advertising.o
 .debug_macro   0x000000000001bbb6      0x307 _build/ble_conn_params.o
 .debug_macro   0x000000000001bebd      0x4ba _build/device_manager_peripheral.o
 .debug_macro   0x000000000001c377       0x16 _build/device_manager_peripheral.o
 .debug_macro   0x000000000001c38d       0xe6 _build/system_nrf52.o
 .debug_macro   0x000000000001c473      0x3da _build/softdevice_handler.o
 .debug_macro   0x000000000001c84d       0x10 _build/softdevice_handler.o
 .debug_macro   0x000000000001c85d      0x3fa _build/softdevice_handler.o
 .debug_macro   0x000000000001cc57       0x40 _build/softdevice_handler.o
 .debug_macro   0x000000000001cc97       0x10 _build/softdevice_handler.o

.debug_line     0x0000000000000000    0x12935
 .debug_line    0x0000000000000000      0x82e _build/app_button.o
 .debug_line    0x000000000000082e      0x545 _build/app_error.o
 .debug_line    0x0000000000000d73      0x50c _build/app_error_weak.o
 .debug_line    0x000000000000127f      0x89b _build/app_timer_freertos.o
 .debug_line    0x0000000000001b1a      0x821 _build/fstorage.o
 .debug_line    0x000000000000233b      0x7bf _build/heap_1.o
 .debug_line    0x0000000000002afa      0x7c0 _build/list.o
 .debug_line    0x00000000000032ba      0x718 _build/port.o
 .debug_line    0x00000000000039d2      0x7ca _build/port_cmsis.o
 .debug_line    0x000000000000419c      0x991 _build/port_cmsis_systick.o
 .debug_line    0x0000000000004b2d      0xdb8 _build/queue.o
 .debug_line    0x00000000000058e5     0x12f7 _build/tasks.o
 .debug_line    0x0000000000006bdc      0x9d9 _build/timers.o
 .debug_line    0x00000000000075b5      0x693 _build/nrf_drv_common.o
 .debug_line    0x0000000000007c48     0x145d _build/pstorage.o
 .debug_line    0x00000000000090a5      0x8bf _build/nrf_drv_clock.o
 .debug_line    0x0000000000009964      0xf1c _build/nrf_drv_gpiote.o
 .debug_line    0x000000000000a880      0xae2 _build/bsp.o
 .debug_line    0x000000000000b362      0x721 _build/bsp_btn_ble.o
 .debug_line    0x000000000000ba83      0xcc7 _build/main.o
 .debug_line    0x000000000000c74a      0xf8c _build/ble_main.o
 .debug_line    0x000000000000d6d6      0xce9 _build/hal.o
 .debug_line    0x000000000000e3bf      0x873 _build/ble_rs.o
 .debug_line    0x000000000000ec32      0xa52 _build/ble_advdata.o
 .debug_line    0x000000000000f684      0xa41 _build/ble_advertising.o
 .debug_line    0x00000000000100c5      0x7ed _build/ble_conn_params.o
 .debug_line    0x00000000000108b2     0x1275 _build/device_manager_peripheral.o
 .debug_line    0x0000000000011b27      0x460 _build/system_nrf52.o
 .debug_line    0x0000000000011f87      0x9ae _build/softdevice_handler.o

.debug_str      0x0000000000000000    0x8d5e9
 .debug_str     0x0000000000000000    0x714b8 _build/app_button.o
                                      0x72051 (size before relaxing)
 .debug_str     0x00000000000714b8      0x13c _build/app_error.o
                                      0x70a91 (size before relaxing)
 .debug_str     0x00000000000715f4       0xcc _build/app_error_weak.o
                                      0x70a0b (size before relaxing)
 .debug_str     0x00000000000716c0     0x4250 _build/app_timer_freertos.o
                                      0x750ac (size before relaxing)
 .debug_str     0x0000000000075910     0x1146 _build/fstorage.o
                                      0x702d9 (size before relaxing)
 .debug_str     0x0000000000076a56      0x184 _build/heap_1.o
                                      0x742aa (size before relaxing)
 .debug_str     0x0000000000076bda      0x15c _build/list.o
                                      0x73cee (size before relaxing)
 .debug_str     0x0000000000076d36       0x66 _build/port.o
                                      0x740a1 (size before relaxing)
 .debug_str     0x0000000000076d9c      0x894 _build/port_cmsis.o
                                      0x74a8b (size before relaxing)
 .debug_str     0x0000000000077630      0x68c _build/port_cmsis_systick.o
                                      0x755ad (size before relaxing)
 .debug_str     0x0000000000077cbc     0x120b _build/queue.o
                                      0x755ca (size before relaxing)
 .debug_str     0x0000000000078ec7      0xf60 _build/tasks.o
                                      0x75dc6 (size before relaxing)
 .debug_str     0x0000000000079e27      0x467 _build/timers.o
                                      0x75ba0 (size before relaxing)
 .debug_str     0x000000000007a28e       0x84 _build/nrf_drv_common.o
                                      0x71df3 (size before relaxing)
 .debug_str     0x000000000007a312     0x11f4 _build/pstorage.o
                                      0x72a83 (size before relaxing)
 .debug_str     0x000000000007b506      0x932 _build/nrf_drv_clock.o
                                      0x72a2b (size before relaxing)
 .debug_str     0x000000000007be38      0xf2e _build/nrf_drv_gpiote.o
                                      0x73404 (size before relaxing)
 .debug_str     0x000000000007cd66     0x19ce _build/bsp.o
                                      0x7290a (size before relaxing)
 .debug_str     0x000000000007e734     0x4d10 _build/bsp_btn_ble.o
                                      0x76b6e (size before relaxing)
 .debug_str     0x0000000000083444     0x5d50 _build/main.o
                                      0x80a9a (size before relaxing)
 .debug_str     0x0000000000089194     0x16b0 _build/ble_main.o
                                      0x83909 (size before relaxing)
 .debug_str     0x000000000008a844      0x102 _build/hal.o
                                      0x80c8f (size before relaxing)
 .debug_str     0x000000000008a946      0x5f7 _build/ble_rs.o
                                      0x77251 (size before relaxing)
 .debug_str     0x000000000008af3d      0x3be _build/ble_advdata.o
                                      0x759a6 (size before relaxing)
 .debug_str     0x000000000008b2fb      0x39e _build/ble_advertising.o
                                      0x76c07 (size before relaxing)
 .debug_str     0x000000000008b699      0x214 _build/ble_conn_params.o
                                      0x77648 (size before relaxing)
 .debug_str     0x000000000008b8ad     0x1653 _build/device_manager_peripheral.o
                                      0x781e0 (size before relaxing)
 .debug_str     0x000000000008cf00      0x28c _build/system_nrf52.o
                                      0x6c624 (size before relaxing)
 .debug_str     0x000000000008d18c      0x45d _build/softdevice_handler.o
                                      0x7ab7e (size before relaxing)