Archive member included because of file (symbol)

/usr/local/opt/gcc-arm-none-eabi-4_9-2015q2/bin/../lib/gcc/arm-none-eabi/4.9.3/../../../../arm-none-eabi/lib/armv7e-m/fpu/libc_nano.a(lib_a-exit.o)
                              /usr/local/opt/gcc-arm-none-eabi-4_9-2015q2/bin/../lib/gcc/arm-none-eabi/4.9.3/../../../../arm-none-eabi/lib/armv7e-m/fpu/crt0.o (exit)
/usr/local/opt/gcc-arm-none-eabi-4_9-2015q2/bin/../lib/gcc/arm-none-eabi/4.9.3/../../../../arm-none-eabi/lib/armv7e-m/fpu/libc_nano.a(lib_a-impure.o)
                              /usr/local/opt/gcc-arm-none-eabi-4_9-2015q2/bin/../lib/gcc/arm-none-eabi/4.9.3/../../../../arm-none-eabi/lib/armv7e-m/fpu/libc_nano.a(lib_a-exit.o) (_global_impure_ptr)
/usr/local/opt/gcc-arm-none-eabi-4_9-2015q2/bin/../lib/gcc/arm-none-eabi/4.9.3/../../../../arm-none-eabi/lib/armv7e-m/fpu/libc_nano.a(lib_a-init.o)
                              /usr/local/opt/gcc-arm-none-eabi-4_9-2015q2/bin/../lib/gcc/arm-none-eabi/4.9.3/../../../../arm-none-eabi/lib/armv7e-m/fpu/crt0.o (__libc_init_array)
/usr/local/opt/gcc-arm-none-eabi-4_9-2015q2/bin/../lib/gcc/arm-none-eabi/4.9.3/../../../../arm-none-eabi/lib/armv7e-m/fpu/libc_nano.a(lib_a-memset.o)
                              /usr/local/opt/gcc-arm-none-eabi-4_9-2015q2/bin/../lib/gcc/arm-none-eabi/4.9.3/../../../../arm-none-eabi/lib/armv7e-m/fpu/crt0.o (memset)
/usr/local/opt/gcc-arm-none-eabi-4_9-2015q2/bin/../lib/gcc/arm-none-eabi/4.9.3/../../../../arm-none-eabi/lib/armv7e-m/fpu/libnosys.a(_exit.o)
                              /usr/local/opt/gcc-arm-none-eabi-4_9-2015q2/bin/../lib/gcc/arm-none-eabi/4.9.3/../../../../arm-none-eabi/lib/armv7e-m/fpu/libc_nano.a(lib_a-exit.o) (_exit)
/usr/local/opt/gcc-arm-none-eabi-4_9-2015q2/bin/../lib/gcc/arm-none-eabi/4.9.3/../../../../arm-none-eabi/lib/armv7e-m/fpu/libc_nano.a(lib_a-memcmp.o)
                              _build/device_manager_peripheral.o (memcmp)
/usr/local/opt/gcc-arm-none-eabi-4_9-2015q2/bin/../lib/gcc/arm-none-eabi/4.9.3/../../../../arm-none-eabi/lib/armv7e-m/fpu/libc_nano.a(lib_a-memcpy.o)
                              _build/SEGGER_RTT.o (memcpy)
/usr/local/opt/gcc-arm-none-eabi-4_9-2015q2/bin/../lib/gcc/arm-none-eabi/4.9.3/../../../../arm-none-eabi/lib/armv7e-m/fpu/libc_nano.a(lib_a-strcpy.o)
                              _build/SEGGER_RTT.o (strcpy)
/usr/local/opt/gcc-arm-none-eabi-4_9-2015q2/bin/../lib/gcc/arm-none-eabi/4.9.3/../../../../arm-none-eabi/lib/armv7e-m/fpu/libc_nano.a(lib_a-strlen.o)
                              _build/SEGGER_RTT.o (strlen)

Allocating common symbols
Common symbol       size              file

nrf_nvic_state      0xc               _build/softdevice_handler.o
m_rs                0x28              _build/main.o
xQueueRegistry      0x10              _build/queue.o
m_pwm_ready_counter
                    0x4               _build/app_pwm.o
m_pwm_PWM1_cb       0x24              _build/hal.o
_SEGGER_RTT         0x78              _build/SEGGER_RTT.o

Discarded input sections

 .text          0x0000000000000000        0x0 /usr/local/opt/gcc-arm-none-eabi-4_9-2015q2/bin/../lib/gcc/arm-none-eabi/4.9.3/armv7e-m/fpu/crti.o
 .data          0x0000000000000000        0x0 /usr/local/opt/gcc-arm-none-eabi-4_9-2015q2/bin/../lib/gcc/arm-none-eabi/4.9.3/armv7e-m/fpu/crti.o
 .bss           0x0000000000000000        0x0 /usr/local/opt/gcc-arm-none-eabi-4_9-2015q2/bin/../lib/gcc/arm-none-eabi/4.9.3/armv7e-m/fpu/crti.o
 .data          0x0000000000000000        0x4 /usr/local/opt/gcc-arm-none-eabi-4_9-2015q2/bin/../lib/gcc/arm-none-eabi/4.9.3/armv7e-m/fpu/crtbegin.o
 .data          0x0000000000000000        0x0 /usr/local/opt/gcc-arm-none-eabi-4_9-2015q2/bin/../lib/gcc/arm-none-eabi/4.9.3/../../../../arm-none-eabi/lib/armv7e-m/fpu/crt0.o
 .bss           0x0000000000000000        0x0 /usr/local/opt/gcc-arm-none-eabi-4_9-2015q2/bin/../lib/gcc/arm-none-eabi/4.9.3/../../../../arm-none-eabi/lib/armv7e-m/fpu/crt0.o
 .ARM.extab     0x0000000000000000        0x0 /usr/local/opt/gcc-arm-none-eabi-4_9-2015q2/bin/../lib/gcc/arm-none-eabi/4.9.3/../../../../arm-none-eabi/lib/armv7e-m/fpu/crt0.o
 .text          0x0000000000000000        0x0 /usr/local/opt/gcc-arm-none-eabi-4_9-2015q2/bin/../lib/gcc/arm-none-eabi/4.9.3/../../../../arm-none-eabi/lib/armv7e-m/fpu/libc_nano.a(lib_a-exit.o)
 .data          0x0000000000000000        0x0 /usr/local/opt/gcc-arm-none-eabi-4_9-2015q2/bin/../lib/gcc/arm-none-eabi/4.9.3/../../../../arm-none-eabi/lib/armv7e-m/fpu/libc_nano.a(lib_a-exit.o)
 .bss           0x0000000000000000        0x0 /usr/local/opt/gcc-arm-none-eabi-4_9-2015q2/bin/../lib/gcc/arm-none-eabi/4.9.3/../../../../arm-none-eabi/lib/armv7e-m/fpu/libc_nano.a(lib_a-exit.o)
 .text          0x0000000000000000        0x0 /usr/local/opt/gcc-arm-none-eabi-4_9-2015q2/bin/../lib/gcc/arm-none-eabi/4.9.3/../../../../arm-none-eabi/lib/armv7e-m/fpu/libc_nano.a(lib_a-impure.o)
[...]
Memory Configuration

Name             Origin             Length             Attributes
FLASH            0x000000000001c000 0x0000000000064000 xr
RAM              0x0000000020001fe8 0x000000000000e018 xrw
*default*        0x0000000000000000 0xffffffffffffffff

Linker script and memory map


.text           0x000000000001c000     0xad80
 *(.isr_vector)
 .isr_vector    0x000000000001c000      0x400 _build/gcc_startup_nrf52.o
                0x000000000001c000                __isr_vector
 *(.text*)
 .text          0x000000000001c400       0x5c /usr/local/opt/gcc-arm-none-eabi-4_9-2015q2/bin/../lib/gcc/arm-none-eabi/4.9.3/armv7e-m/fpu/crtbegin.o
 .text          0x000000000001c45c       0x74 /usr/local/opt/gcc-arm-none-eabi-4_9-2015q2/bin/../lib/gcc/arm-none-eabi/4.9.3/../../../../arm-none-eabi/lib/armv7e-m/fpu/crt0.o
                0x000000000001c45c                _mainCRTStartup
                0x000000000001c45c                _start
 .text.exit     0x000000000001c4d0       0x28 /usr/local/opt/gcc-arm-none-eabi-4_9-2015q2/bin/../lib/gcc/arm-none-eabi/4.9.3/../../../../arm-none-eabi/lib/armv7e-m/fpu/libc_nano.a(lib_a-exit.o)
                0x000000000001c4d0                exit
 .text.__libc_init_array
                0x000000000001c4f8       0x4c /usr/local/opt/gcc-arm-none-eabi-4_9-2015q2/bin/../lib/gcc/arm-none-eabi/4.9.3/../../../../arm-none-eabi/lib/armv7e-m/fpu/libc_nano.a(lib_a-init.o)
                0x000000000001c4f8                __libc_init_array
 .text.memset   0x000000000001c544       0x10 /usr/local/opt/gcc-arm-none-eabi-4_9-2015q2/bin/../lib/gcc/arm-none-eabi/4.9.3/../../../../arm-none-eabi/lib/armv7e-m/fpu/libc_nano.a(lib_a-memset.o)
                0x000000000001c544                memset
 .text._exit    0x000000000001c554        0x4 /usr/local/opt/gcc-arm-none-eabi-4_9-2015q2/bin/../lib/gcc/arm-none-eabi/4.9.3/../../../../arm-none-eabi/lib/armv7e-m/fpu/libnosys.a(_exit.o)
                0x000000000001c554                _exit
 .text.detection_delay_timeout_handler
                0x000000000001c558       0xa4 _build/app_button.o
 .text.gpiote_event_handler
                0x000000000001c5fc       0x5c _build/app_button.o
 .text.app_button_init
                0x000000000001c658       0xb0 _build/app_button.o
                0x000000000001c658                app_button_init
 .text.app_button_enable
                0x000000000001c708       0x2c _build/app_button.o
                0x000000000001c708                app_button_enable
 .text.app_error_handler_bare
                0x000000000001c734       0x20 _build/app_error.o
                0x000000000001c734                app_error_handler_bare
 .text.app_error_fault_handler
                0x000000000001c754       0x24 _build/app_error_weak.o
                0x000000000001c754                app_error_fault_handler
 .text.app_timer_callback
                0x000000000001c778       0x18 _build/app_timer_freertos.o
 .text.app_timer_init
                0x000000000001c790       0x10 _build/app_timer_freertos.o
                0x000000000001c790                app_timer_init
 .text.app_timer_create
                0x000000000001c7a0       0x58 _build/app_timer_freertos.o
                0x000000000001c7a0                app_timer_create
 .text.app_timer_start
                0x000000000001c7f8       0xe4 _build/app_timer_freertos.o
                0x000000000001c7f8                app_timer_start
 .text.app_timer_stop
                0x000000000001c8dc       0x60 _build/app_timer_freertos.o
                0x000000000001c8dc                app_timer_stop
 .text.app_util_critical_region_enter
                0x000000000001c93c       0x50 _build/app_util_platform.o
                0x000000000001c93c                app_util_critical_region_enter
 .text.app_util_critical_region_exit
                0x000000000001c98c       0x30 _build/app_util_platform.o
                0x000000000001c98c                app_util_critical_region_exit
 .text.fs_queued_op_count_get
                0x000000000001c9bc       0x14 _build/fstorage.o
                0x000000000001c9bc                fs_queued_op_count_get
 .text.log_rtt_init
                0x000000000001c9d0       0x50 _build/nrf_log.o
                0x000000000001c9d0                log_rtt_init
 .text.log_rtt_printf
                0x000000000001ca20       0x20 _build/nrf_log.o
                0x000000000001ca20                log_rtt_printf
 .text.pwm_ready_tick
                0x000000000001ca40       0xa0 _build/app_pwm.o
                0x000000000001ca40                pwm_ready_tick
 .text.pwm_transition_0or100_to_n
                0x000000000001cae0      0x138 _build/app_pwm.o
 .text.pwm_transition_n_to_0or100
                0x000000000001cc18      0x114 _build/app_pwm.o
 .text.pwm_transition_n_to_m
                0x000000000001cd2c       0xec _build/app_pwm.o
 .text.app_pwm_channel_duty_ticks_set
                0x000000000001ce18      0x1a0 _build/app_pwm.o
                0x000000000001ce18                app_pwm_channel_duty_ticks_set
 .text.app_pwm_channel_duty_set
                0x000000000001cfb8      0x1ac _build/app_pwm.o
                0x000000000001cfb8                app_pwm_channel_duty_set
 .text.app_pwm_init
                0x000000000001d164      0x548 _build/app_pwm.o
                0x000000000001d164                app_pwm_init
 .text.app_pwm_enable
                0x000000000001d6ac       0x8c _build/app_pwm.o
                0x000000000001d6ac                app_pwm_enable
 .text.app_pwm_disable
                0x000000000001d738       0x88 _build/app_pwm.o
                0x000000000001d738                app_pwm_disable
 .text.SEGGER_RTT_Write
                0x000000000001d7c0      0x200 _build/SEGGER_RTT.o
                0x000000000001d7c0                SEGGER_RTT_Write
 .text.SEGGER_RTT_ConfigUpBuffer
                0x000000000001d9c0       0xd8 _build/SEGGER_RTT.o
                0x000000000001d9c0                SEGGER_RTT_ConfigUpBuffer
 .text.SEGGER_RTT_ConfigDownBuffer
                0x000000000001da98       0xcc _build/SEGGER_RTT.o
                0x000000000001da98                SEGGER_RTT_ConfigDownBuffer
 .text._PrintUnsigned
                0x000000000001db64      0x1a0 _build/SEGGER_RTT_printf.o
 .text.SEGGER_RTT_vprintf
                0x000000000001dd04      0x4bc _build/SEGGER_RTT_printf.o
                0x000000000001dd04                SEGGER_RTT_vprintf
 .text.pvPortMalloc
                0x000000000001e1c0       0x58 _build/heap_1.o
                0x000000000001e1c0                pvPortMalloc
 .text.vPortFree
                0x000000000001e218        0x4 _build/heap_1.o
                0x000000000001e218                vPortFree
 .text.vListInitialise
                0x000000000001e21c       0x18 _build/list.o
                0x000000000001e21c                vListInitialise
 .text.vListInitialiseItem
                0x000000000001e234        0x8 _build/list.o
                0x000000000001e234                vListInitialiseItem
 .text.vListInsertEnd
                0x000000000001e23c       0x18 _build/list.o
                0x000000000001e23c                vListInsertEnd
 .text.vListInsert
                0x000000000001e254       0x34 _build/list.o
                0x000000000001e254                vListInsert
 .text.uxListRemove
                0x000000000001e288       0x24 _build/list.o
                0x000000000001e288                uxListRemove
 .text.vPortStartFirstTask
                0x000000000001e2ac       0x24 _build/port.o
                0x000000000001e2ac                vPortStartFirstTask
 .text.SVC_Handler
                0x000000000001e2d0       0x20 _build/port.o
                0x000000000001e2d0                SVC_Handler
 .text.PendSV_Handler
                0x000000000001e2f0       0x60 _build/port.o
                0x000000000001e2f0                PendSV_Handler
 .text.prvTaskExitError
                0x000000000001e350        0x8 _build/port_cmsis.o
 .text.pxPortInitialiseStack
                0x000000000001e358       0x2c _build/port_cmsis.o
                0x000000000001e358                pxPortInitialiseStack
 .text.xPortStartScheduler
                0x000000000001e384       0x4c _build/port_cmsis.o
                0x000000000001e384                xPortStartScheduler
 .text.vPortEnterCritical
                0x000000000001e3d0       0x14 _build/port_cmsis.o
                0x000000000001e3d0                vPortEnterCritical
 .text.vPortExitCritical
                0x000000000001e3e4       0x14 _build/port_cmsis.o
                0x000000000001e3e4                vPortExitCritical
 .text.sd_app_evt_wait
                0x000000000001e3f8        0x4 _build/port_cmsis_systick.o
 .text.RTC1_IRQHandler
                0x000000000001e3fc       0x78 _build/port_cmsis_systick.o
                0x000000000001e3fc                RTC1_IRQHandler
 .text.vPortSetupTimerInterrupt
                0x000000000001e474       0x38 _build/port_cmsis_systick.o
                0x000000000001e474                vPortSetupTimerInterrupt
 .text.vPortSuppressTicksAndSleep
                0x000000000001e4ac       0x80 _build/port_cmsis_systick.o
                0x000000000001e4ac                vPortSuppressTicksAndSleep
 .text.xQueueGenericCreate
                0x000000000001e52c       0x70 _build/queue.o
                0x000000000001e52c                xQueueGenericCreate
 .text.xQueueGenericSend
                0x000000000001e59c      0x320 _build/queue.o
                0x000000000001e59c                xQueueGenericSend
 .text.xQueueGenericSendFromISR
                0x000000000001e8bc       0xd8 _build/queue.o
                0x000000000001e8bc                xQueueGenericSendFromISR
 .text.xQueueGenericReceive
                0x000000000001e994      0x2d4 _build/queue.o
                0x000000000001e994                xQueueGenericReceive
 .text.vQueueAddToRegistry
                0x000000000001ec68       0x24 _build/queue.o
                0x000000000001ec68                vQueueAddToRegistry
 .text.vQueueWaitForMessageRestricted
                0x000000000001ec8c       0xb0 _build/queue.o
                0x000000000001ec8c                vQueueWaitForMessageRestricted
 .text.xTaskGenericCreate
                0x000000000001ed3c      0x1ec _build/tasks.o
                0x000000000001ed3c                xTaskGenericCreate
 .text.vTaskStartScheduler
                0x000000000001ef28      0x1a4 _build/tasks.o
                0x000000000001ef28                vTaskStartScheduler
 .text.vTaskSuspendAll
                0x000000000001f0cc       0x10 _build/tasks.o
                0x000000000001f0cc                vTaskSuspendAll
 .text.xTaskGetTickCount
                0x000000000001f0dc        0xc _build/tasks.o
                0x000000000001f0dc                xTaskGetTickCount
 .text.xTaskGetTickCountFromISR
                0x000000000001f0e8        0xc _build/tasks.o
                0x000000000001f0e8                xTaskGetTickCountFromISR
 .text.vTaskStepTick
                0x000000000001f0f4       0x10 _build/tasks.o
                0x000000000001f0f4                vTaskStepTick
 .text.xTaskIncrementTick
                0x000000000001f104      0x11c _build/tasks.o
                0x000000000001f104                xTaskIncrementTick
 .text.xTaskResumeAll
                0x000000000001f220       0xf4 _build/tasks.o
                0x000000000001f220                xTaskResumeAll
 .text.vTaskDelay
                0x000000000001f314       0xa0 _build/tasks.o
                0x000000000001f314                vTaskDelay
 .text.prvIdleTask
                0x000000000001f3b4       0xec _build/tasks.o
 .text.vTaskSwitchContext
                0x000000000001f4a0       0x58 _build/tasks.o
                0x000000000001f4a0                vTaskSwitchContext
 .text.vTaskPlaceOnEventList
                0x000000000001f4f8       0x94 _build/tasks.o
                0x000000000001f4f8                vTaskPlaceOnEventList
 .text.vTaskPlaceOnEventListRestricted
                0x000000000001f58c       0x80 _build/tasks.o
                0x000000000001f58c                vTaskPlaceOnEventListRestricted
 .text.xTaskRemoveFromEventList
                0x000000000001f60c       0x9c _build/tasks.o
                0x000000000001f60c                xTaskRemoveFromEventList
 .text.vTaskSetTimeOutState
                0x000000000001f6a8       0x18 _build/tasks.o
                0x000000000001f6a8                vTaskSetTimeOutState
 .text.xTaskCheckForTimeOut
                0x000000000001f6c0       0x60 _build/tasks.o
                0x000000000001f6c0                xTaskCheckForTimeOut
 .text.vTaskMissedYield
                0x000000000001f720        0xc _build/tasks.o
                0x000000000001f720                vTaskMissedYield
 .text.eTaskConfirmSleepModeStatus
                0x000000000001f72c       0x20 _build/tasks.o
                0x000000000001f72c                eTaskConfirmSleepModeStatus
 .text.xTaskGetSchedulerState
                0x000000000001f74c       0x20 _build/tasks.o
                0x000000000001f74c                xTaskGetSchedulerState
 .text.vTaskPriorityInherit
                0x000000000001f76c       0x9c _build/tasks.o
                0x000000000001f76c                vTaskPriorityInherit
 .text.xTaskPriorityDisinherit
                0x000000000001f808       0x84 _build/tasks.o
                0x000000000001f808                xTaskPriorityDisinherit
 .text.pvTaskIncrementMutexHeldCount
                0x000000000001f88c       0x18 _build/tasks.o
                0x000000000001f88c                pvTaskIncrementMutexHeldCount
 .text.xTimerCreateTimerTask
                0x000000000001f8a4       0x88 _build/timers.o
                0x000000000001f8a4                xTimerCreateTimerTask
 .text.xTimerCreate
                0x000000000001f92c       0xa8 _build/timers.o
                0x000000000001f92c                xTimerCreate
 .text.xTimerGenericCommand
                0x000000000001f9d4       0x58 _build/timers.o
                0x000000000001f9d4                xTimerGenericCommand
 .text.prvTimerTask
                0x000000000001fa2c      0x2c8 _build/timers.o
 .text.xTimerIsTimerActive
                0x000000000001fcf4       0x18 _build/timers.o
                0x000000000001fcf4                xTimerIsTimerActive
 .text.pvTimerGetTimerID
                0x000000000001fd0c       0x14 _build/timers.o
                0x000000000001fd0c                pvTimerGetTimerID
 .text.nrf_drv_common_irq_enable
                0x000000000001fd20       0x50 _build/nrf_drv_common.o
                0x000000000001fd20                nrf_drv_common_irq_enable
 .text.sd_flash_write
                0x000000000001fd70        0x4 _build/pstorage.o
 .text.sd_flash_page_erase
                0x000000000001fd74        0x4 _build/pstorage.o
 .text.flash_api_err_code_process
                0x000000000001fd78       0x60 _build/pstorage.o
 .text.state_entry_action_run
                0x000000000001fdd8      0x19c _build/pstorage.o
 .text.clear_operation_execute
                0x000000000001ff74      0x160 _build/pstorage.o
 .text.unlikely.cmd_queue_enqueue
                0x00000000000200d4       0x98 _build/pstorage.o
 .text.tail_restore_state_run
                0x000000000002016c       0xc4 _build/pstorage.o
 .text.state_write_data_swap_entry_run
                0x0000000000020230       0xb0 _build/pstorage.o
 .text.state_restore_head_entry_run
                0x00000000000202e0       0xb0 _build/pstorage.o
 .text.data_to_swap_write_state_run
                0x0000000000020390       0xac _build/pstorage.o
 .text.state_restore_tail_entry_run
                0x000000000002043c       0xc0 _build/pstorage.o
 .text.state_erase_data_page_entry_run
                0x00000000000204fc       0x74 _build/pstorage.o
 .text.swap_erase_state_run
                0x0000000000020570       0xd8 _build/pstorage.o
 .text.state_swap_erase_entry_run
                0x0000000000020648       0xa0 _build/pstorage.o
 .text.store_cmd_flash_write_execute
                0x00000000000206e8      0x120 _build/pstorage.o
 .text.head_restore_state_run
                0x0000000000020808      0x1d8 _build/pstorage.o
 .text.data_page_erase_state_run
                0x00000000000209e0      0x254 _build/pstorage.o
 .text.command_end_procedure_run
                0x0000000000020c34       0xc4 _build/pstorage.o
 .text.pstorage_sys_event_handler
                0x0000000000020cf8      0x1d4 _build/pstorage.o
                0x0000000000020cf8                pstorage_sys_event_handler
 .text.pstorage_init
                0x0000000000020ecc      0x150 _build/pstorage.o
                0x0000000000020ecc                pstorage_init
 .text.pstorage_register
                0x000000000002101c       0xe8 _build/pstorage.o
                0x000000000002101c                pstorage_register
 .text.pstorage_block_identifier_get
                0x0000000000021104       0x58 _build/pstorage.o
                0x0000000000021104                pstorage_block_identifier_get
 .text.pstorage_store
                0x000000000002115c       0x80 _build/pstorage.o
                0x000000000002115c                pstorage_store
 .text.pstorage_update
                0x00000000000211dc       0x80 _build/pstorage.o
                0x00000000000211dc                pstorage_update
 .text.pstorage_load
                0x000000000002125c       0xa4 _build/pstorage.o
                0x000000000002125c                pstorage_load
 .text.pstorage_clear
                0x0000000000021300       0x8c _build/pstorage.o
                0x0000000000021300                pstorage_clear
 .text.pstorage_access_status_get
                0x000000000002138c       0x24 _build/pstorage.o
                0x000000000002138c                pstorage_access_status_get
 .text.nrf_drv_clock_lfclk_request
                0x00000000000213b0        0xc _build/nrf_drv_clock.o
                0x00000000000213b0                nrf_drv_clock_lfclk_request
 .text.nrf_drv_gpiote_init
                0x00000000000213bc       0x70 _build/nrf_drv_gpiote.o
                0x00000000000213bc                nrf_drv_gpiote_init
 .text.nrf_drv_gpiote_is_init
                0x000000000002142c       0x14 _build/nrf_drv_gpiote.o
                0x000000000002142c                nrf_drv_gpiote_is_init
 .text.nrf_drv_gpiote_out_init
                0x0000000000021440       0xf0 _build/nrf_drv_gpiote.o
                0x0000000000021440                nrf_drv_gpiote_out_init
 .text.nrf_drv_gpiote_out_uninit
                0x0000000000021530       0x48 _build/nrf_drv_gpiote.o
                0x0000000000021530                nrf_drv_gpiote_out_uninit
 .text.nrf_drv_gpiote_out_task_enable
                0x0000000000021578       0x38 _build/nrf_drv_gpiote.o
                0x0000000000021578                nrf_drv_gpiote_out_task_enable
 .text.nrf_drv_gpiote_out_task_disable
                0x00000000000215b0       0x24 _build/nrf_drv_gpiote.o
                0x00000000000215b0                nrf_drv_gpiote_out_task_disable
 .text.nrf_drv_gpiote_out_task_addr_get
                0x00000000000215d4       0x1c _build/nrf_drv_gpiote.o
                0x00000000000215d4                nrf_drv_gpiote_out_task_addr_get
 .text.nrf_drv_gpiote_out_task_force
                0x00000000000215f0       0x30 _build/nrf_drv_gpiote.o
                0x00000000000215f0                nrf_drv_gpiote_out_task_force
 .text.nrf_drv_gpiote_in_init
                0x0000000000021620      0x194 _build/nrf_drv_gpiote.o
                0x0000000000021620                nrf_drv_gpiote_in_init
 .text.nrf_drv_gpiote_in_event_enable
                0x00000000000217b4       0xc4 _build/nrf_drv_gpiote.o
                0x00000000000217b4                nrf_drv_gpiote_in_event_enable
 .text.nrf_drv_gpiote_in_event_disable
                0x0000000000021878       0x60 _build/nrf_drv_gpiote.o
                0x0000000000021878                nrf_drv_gpiote_in_event_disable
 .text.nrf_drv_gpiote_in_is_set
                0x00000000000218d8       0x14 _build/nrf_drv_gpiote.o
                0x00000000000218d8                nrf_drv_gpiote_in_is_set
 .text.GPIOTE_IRQHandler
                0x00000000000218ec      0x3d0 _build/nrf_drv_gpiote.o
                0x00000000000218ec                GPIOTE_IRQHandler
 .text.SAADC_IRQHandler
                0x0000000000021cbc       0xcc _build/nrf_drv_saadc.o
                0x0000000000021cbc                SAADC_IRQHandler
 .text.nrf_drv_saadc_init
                0x0000000000021d88       0x70 _build/nrf_drv_saadc.o
                0x0000000000021d88                nrf_drv_saadc_init
 .text.nrf_drv_saadc_channel_init
                0x0000000000021df8       0x5c _build/nrf_drv_saadc.o
                0x0000000000021df8                nrf_drv_saadc_channel_init
 .text.nrf_drv_saadc_sample_convert
                0x0000000000021e54      0x1a4 _build/nrf_drv_saadc.o
                0x0000000000021e54                nrf_drv_saadc_sample_convert
 .text.nrf_drv_ppi_init
                0x0000000000021ff8       0x14 _build/nrf_drv_ppi.o
                0x0000000000021ff8                nrf_drv_ppi_init
 .text.nrf_drv_ppi_channel_alloc
                0x000000000002200c       0x78 _build/nrf_drv_ppi.o
                0x000000000002200c                nrf_drv_ppi_channel_alloc
 .text.nrf_drv_ppi_channel_free
                0x0000000000022084       0x4c _build/nrf_drv_ppi.o
                0x0000000000022084                nrf_drv_ppi_channel_free
 .text.nrf_drv_ppi_channel_assign
                0x00000000000220d0       0x4c _build/nrf_drv_ppi.o
                0x00000000000220d0                nrf_drv_ppi_channel_assign
 .text.nrf_drv_ppi_channel_enable
                0x000000000002211c       0x40 _build/nrf_drv_ppi.o
                0x000000000002211c                nrf_drv_ppi_channel_enable
 .text.nrf_drv_ppi_channel_disable
                0x000000000002215c       0x40 _build/nrf_drv_ppi.o
                0x000000000002215c                nrf_drv_ppi_channel_disable
 .text.nrf_drv_ppi_group_alloc
                0x000000000002219c       0x74 _build/nrf_drv_ppi.o
                0x000000000002219c                nrf_drv_ppi_group_alloc
 .text.nrf_drv_ppi_group_free
                0x0000000000022210       0x54 _build/nrf_drv_ppi.o
                0x0000000000022210                nrf_drv_ppi_group_free
 .text.nrf_drv_ppi_group_enable
                0x0000000000022264       0x30 _build/nrf_drv_ppi.o
                0x0000000000022264                nrf_drv_ppi_group_enable
 .text.nrf_drv_ppi_channels_remove_from_group
                0x0000000000022294       0x64 _build/nrf_drv_ppi.o
                0x0000000000022294                nrf_drv_ppi_channels_remove_from_group
 .text.nrf_drv_ppi_channels_include_in_group
                0x00000000000222f8       0x64 _build/nrf_drv_ppi.o
                0x00000000000222f8                nrf_drv_ppi_channels_include_in_group
 .text.nrf_drv_timer_init
                0x000000000002235c       0xc8 _build/nrf_drv_timer.o
                0x000000000002235c                nrf_drv_timer_init
 .text.nrf_drv_timer_uninit
                0x0000000000022424       0x5c _build/nrf_drv_timer.o
                0x0000000000022424                nrf_drv_timer_uninit
 .text.nrf_drv_timer_enable
                0x0000000000022480       0x1c _build/nrf_drv_timer.o
                0x0000000000022480                nrf_drv_timer_enable
 .text.nrf_drv_timer_disable
                0x000000000002249c       0x1c _build/nrf_drv_timer.o
                0x000000000002249c                nrf_drv_timer_disable
 .text.nrf_drv_timer_clear
                0x00000000000224b8        0x8 _build/nrf_drv_timer.o
                0x00000000000224b8                nrf_drv_timer_clear
 .text.nrf_drv_timer_compare
                0x00000000000224c0       0x28 _build/nrf_drv_timer.o
                0x00000000000224c0                nrf_drv_timer_compare
 .text.nrf_drv_timer_extended_compare
                0x00000000000224e8       0x48 _build/nrf_drv_timer.o
                0x00000000000224e8                nrf_drv_timer_extended_compare
 .text.nrf_drv_timer_compare_int_enable
                0x0000000000022530       0x24 _build/nrf_drv_timer.o
                0x0000000000022530                nrf_drv_timer_compare_int_enable
 .text.nrf_drv_timer_compare_int_disable
                0x0000000000022554       0x10 _build/nrf_drv_timer.o
                0x0000000000022554                nrf_drv_timer_compare_int_disable
 .text.TIMER0_IRQHandler
                0x0000000000022564       0xa8 _build/nrf_drv_timer.o
                0x0000000000022564                TIMER0_IRQHandler
 .text.TIMER1_IRQHandler
                0x000000000002260c       0xa8 _build/nrf_drv_timer.o
                0x000000000002260c                TIMER1_IRQHandler
 .text.PWM0_IRQHandler
                0x00000000000226b4       0x88 _build/nrf_drv_pwm.o
                0x00000000000226b4                PWM0_IRQHandler
 .text.PWM1_IRQHandler
                0x000000000002273c       0x88 _build/nrf_drv_pwm.o
                0x000000000002273c                PWM1_IRQHandler
 .text.nrf_saadc_channel_init
                0x00000000000227c4       0x58 _build/nrf_saadc.o
                0x00000000000227c4                nrf_saadc_channel_init
 .text.alert_timer_handler
                0x000000000002281c       0x1c _build/bsp.o
 .text.bsp_button_event_handler
                0x0000000000022838       0xc4 _build/bsp.o
 .text.leds_timer_handler
                0x00000000000228fc      0x3b4 _build/bsp.o
 .text.button_timer_handler
                0x0000000000022cb0       0x44 _build/bsp.o
 .text.bsp_button_is_pressed
                0x0000000000022cf4       0x30 _build/bsp.o
                0x0000000000022cf4                bsp_button_is_pressed
 .text.bsp_indication_set
                0x0000000000022d24      0x404 _build/bsp.o
                0x0000000000022d24                bsp_indication_set
 .text.bsp_init
                0x0000000000023128       0xbc _build/bsp.o
                0x0000000000023128                bsp_init
 .text.bsp_event_to_button_action_assign
                0x00000000000231e4       0x50 _build/bsp.o
                0x00000000000231e4                bsp_event_to_button_action_assign
 .text.bsp_wakeup_buttons_set
                0x0000000000023234       0x88 _build/bsp.o
                0x0000000000023234                bsp_wakeup_buttons_set
 .text.bsp_btn_ble_sleep_mode_prepare
                0x00000000000232bc       0x14 _build/bsp_btn_ble.o
                0x00000000000232bc                bsp_btn_ble_sleep_mode_prepare
 .text.bsp_btn_ble_on_ble_evt
                0x00000000000232d0       0xb0 _build/bsp_btn_ble.o
                0x00000000000232d0                bsp_btn_ble_on_ble_evt
 .text.bsp_btn_ble_init
                0x0000000000023380       0x8c _build/bsp_btn_ble.o
                0x0000000000023380                bsp_btn_ble_init
 .text.IDLE     0x000000000002340c       0x20 _build/main.o
                0x000000000002340c                IDLE
 .text.SAMPLING
                0x000000000002342c       0x20 _build/main.o
                0x000000000002342c                SAMPLING
 .text.adc_sampling
                0x000000000002344c       0x18 _build/main.o
                0x000000000002344c                adc_sampling
 .text.start_timers
                0x0000000000023464       0x34 _build/main.o
                0x0000000000023464                start_timers
 .text.vApplicationIdleHook
                0x0000000000023498       0x1c _build/main.o
                0x0000000000023498                vApplicationIdleHook
 .text.startup.main
                0x00000000000234b4       0x44 _build/main.o
                0x00000000000234b4                main
 .text.sd_ble_gap_disconnect
                0x00000000000234f8        0x4 _build/ble_main.o
 .text.sd_ble_gap_ppcp_set
                0x00000000000234fc        0x4 _build/ble_main.o
 .text.sd_ble_gap_device_name_set
                0x0000000000023500        0x4 _build/ble_main.o
 .text.sd_power_system_off
                0x0000000000023504        0x4 _build/ble_main.o
 .text.conn_params_error_handler
                0x0000000000023508        0x4 _build/ble_main.o
 .text.device_manager_evt_handler
                0x000000000002350c       0x14 _build/ble_main.o
 .text.sys_evt_dispatch
                0x0000000000023520       0x14 _build/ble_main.o
 .text.on_ble_data_receive
                0x0000000000023534       0x44 _build/ble_main.o
 .text.on_conn_params_evt
                0x0000000000023578       0x24 _build/ble_main.o
 .text.ble_evt_dispatch
                0x000000000002359c       0x64 _build/ble_main.o
 .text.bsp_event_handler
                0x0000000000023600       0x5c _build/ble_main.o
                0x0000000000023600                bsp_event_handler
 .text.on_adv_evt
                0x000000000002365c       0x3c _build/ble_main.o
 .text.timers_init
                0x0000000000023698       0x20 _build/ble_main.o
                0x0000000000023698                timers_init
 .text.gap_params_init
                0x00000000000236b8       0x68 _build/ble_main.o
                0x00000000000236b8                gap_params_init
 .text.services_init
                0x0000000000023720       0x10 _build/ble_main.o
                0x0000000000023720                services_init
 .text.conn_params_init
                0x0000000000023730       0x4c _build/ble_main.o
                0x0000000000023730                conn_params_init
 .text.ble_stack_init
                0x000000000002377c       0x8c _build/ble_main.o
                0x000000000002377c                ble_stack_init
 .text.device_manager_init
                0x0000000000023808       0x78 _build/ble_main.o
                0x0000000000023808                device_manager_init
 .text.advertising_init
                0x0000000000023880       0x58 _build/ble_main.o
                0x0000000000023880                advertising_init
 .text.buttons_leds_init
                0x00000000000238d8       0x44 _build/ble_main.o
                0x00000000000238d8                buttons_leds_init
 .text.pwm_ready_callback
                0x000000000002391c        0xc _build/hal.o
                0x000000000002391c                pwm_ready_callback
 .text.saadc_callback
                0x0000000000023928        0x4 _build/hal.o
 .text.ble_stack_task
                0x000000000002392c       0x5c _build/hal.o
                0x000000000002392c                ble_stack_task
 .text.pwm_sin_wave_update
                0x0000000000023988       0x54 _build/hal.o
                0x0000000000023988                pwm_sin_wave_update
 .text.debounce
                0x00000000000239dc       0x28 _build/hal.o
 .text.adc_button_handler
                0x0000000000023a04       0x88 _build/hal.o
 .text.adc_sample
                0x0000000000023a8c       0x80 _build/hal.o
                0x0000000000023a8c                adc_sample
 .text.is_sampling
                0x0000000000023b0c        0xc _build/hal.o
                0x0000000000023b0c                is_sampling
 .text.set_sampling_indicator
                0x0000000000023b18       0x18 _build/hal.o
                0x0000000000023b18                set_sampling_indicator
 .text.init_hal
                0x0000000000023b30      0x15c _build/hal.o
                0x0000000000023b30                init_hal
 .text.sd_ble_gatts_service_add
                0x0000000000023c8c        0x4 _build/ble_rs.o
 .text.sd_ble_gatts_characteristic_add
                0x0000000000023c90        0x4 _build/ble_rs.o
 .text.sd_ble_gatts_value_get
                0x0000000000023c94        0x4 _build/ble_rs.o
 .text.sd_ble_gatts_hvx
                0x0000000000023c98        0x4 _build/ble_rs.o
 .text.sd_ble_uuid_vs_add
                0x0000000000023c9c        0x4 _build/ble_rs.o
 .text.ble_rs_on_ble_evt
                0x0000000000023ca0       0x88 _build/ble_rs.o
                0x0000000000023ca0                ble_rs_on_ble_evt
 .text.ble_rs_init
                0x0000000000023d28      0x3c8 _build/ble_rs.o
                0x0000000000023d28                ble_rs_init
 .text.main_rotor_characteristic_update
                0x00000000000240f0       0x4c _build/ble_rs.o
                0x00000000000240f0                main_rotor_characteristic_update
 .text.tail_rotor_characteristic_update
                0x000000000002413c       0x4c _build/ble_rs.o
                0x000000000002413c                tail_rotor_characteristic_update
 .text.sd_ble_gap_address_get
                0x0000000000024188        0x4 _build/ble_advdata.o
 .text.sd_ble_gap_adv_data_set
                0x000000000002418c        0x4 _build/ble_advdata.o
 .text.sd_ble_gap_appearance_get
                0x0000000000024190        0x4 _build/ble_advdata.o
 .text.sd_ble_gap_device_name_get
                0x0000000000024194        0x4 _build/ble_advdata.o
 .text.sd_ble_uuid_encode
                0x0000000000024198        0x4 _build/ble_advdata.o
 .text.name_encode
                0x000000000002419c       0x90 _build/ble_advdata.o
 .text.uuid_list_sized_encode
                0x000000000002422c       0xc0 _build/ble_advdata.o
 .text.adv_data_encode
                0x00000000000242ec      0x554 _build/ble_advdata.o
                0x00000000000242ec                adv_data_encode
 .text.ble_advdata_set
                0x0000000000024840      0x5b8 _build/ble_advdata.o
                0x0000000000024840                ble_advdata_set
 .text.sd_ble_gap_adv_start
                0x0000000000024df8        0x4 _build/ble_advertising.o
 .text.sd_ble_gap_adv_stop
                0x0000000000024dfc        0x4 _build/ble_advertising.o
 .text.ble_advertising_init
                0x0000000000024e00      0x188 _build/ble_advertising.o
                0x0000000000024e00                ble_advertising_init
 .text.ble_advertising_start
                0x0000000000024f88      0x2b8 _build/ble_advertising.o
                0x0000000000024f88                ble_advertising_start
 .text.ble_advertising_on_ble_evt
                0x0000000000025240       0xb8 _build/ble_advertising.o
                0x0000000000025240                ble_advertising_on_ble_evt
 .text.ble_advertising_on_sys_evt
                0x00000000000252f8       0x38 _build/ble_advertising.o
                0x00000000000252f8                ble_advertising_on_sys_evt
 .text.ble_advertising_restart_without_whitelist
                0x0000000000025330       0x68 _build/ble_advertising.o
                0x0000000000025330                ble_advertising_restart_without_whitelist
 .text.sd_ble_gap_conn_param_update
                0x0000000000025398        0x4 _build/ble_conn_params.o
 .text.sd_ble_gap_disconnect
                0x000000000002539c        0x4 _build/ble_conn_params.o
 .text.sd_ble_gap_ppcp_set
                0x00000000000253a0        0x4 _build/ble_conn_params.o
 .text.sd_ble_gap_ppcp_get
                0x00000000000253a4        0x4 _build/ble_conn_params.o
 .text.update_timeout_handler
                0x00000000000253a8       0x74 _build/ble_conn_params.o
 .text.conn_params_negotiation
                0x000000000002541c       0x94 _build/ble_conn_params.o
 .text.ble_conn_params_init
                0x00000000000254b0       0x74 _build/ble_conn_params.o
                0x00000000000254b0                ble_conn_params_init
 .text.ble_conn_params_on_ble_evt
                0x0000000000025524       0xb4 _build/ble_conn_params.o
                0x0000000000025524                ble_conn_params_on_ble_evt
 .text.sd_ble_gap_sec_params_reply
                0x00000000000255d8        0x4 _build/device_manager_peripheral.o
 .text.sd_ble_gap_sec_info_reply
                0x00000000000255dc        0x4 _build/device_manager_peripheral.o
 .text.sd_ble_gatts_service_changed
                0x00000000000255e0        0x4 _build/device_manager_peripheral.o
 .text.sd_ble_gatts_sys_attr_set
                0x00000000000255e4        0x4 _build/device_manager_peripheral.o
 .text.sd_ble_gatts_sys_attr_get
                0x00000000000255e8        0x4 _build/device_manager_peripheral.o
 .text.storage_operation_dummy_handler
                0x00000000000255ec        0x4 _build/device_manager_peripheral.o
 .text.no_service_context_store
                0x00000000000255f0        0x4 _build/device_manager_peripheral.o
 .text.gattc_context_store
                0x00000000000255f4        0x4 _build/device_manager_peripheral.o
 .text.no_service_context_load
                0x00000000000255f8        0x4 _build/device_manager_peripheral.o
 .text.gattc_context_load
                0x00000000000255fc        0x4 _build/device_manager_peripheral.o
 .text.no_service_context_apply
                0x0000000000025600        0x4 _build/device_manager_peripheral.o
 .text.gattc_context_apply
                0x0000000000025604        0x4 _build/device_manager_peripheral.o
 .text.gatts_context_apply
                0x0000000000025608       0xe4 _build/device_manager_peripheral.o
 .text.gatts_context_store
                0x00000000000256ec       0xd8 _build/device_manager_peripheral.o
 .text.gatts_context_load
                0x00000000000257c4       0x34 _build/device_manager_peripheral.o
 .text.dm_pstorage_cb_handler
                0x00000000000257f8      0x170 _build/device_manager_peripheral.o
 .text.gattsc_context_load
                0x0000000000025968       0x34 _build/device_manager_peripheral.o
 .text.gattsc_context_apply
                0x000000000002599c       0xd0 _build/device_manager_peripheral.o
 .text.gattsc_context_store
                0x0000000000025a6c       0xd8 _build/device_manager_peripheral.o
 .text.dm_init  0x0000000000025b44      0x148 _build/device_manager_peripheral.o
                0x0000000000025b44                dm_init
 .text.dm_register
                0x0000000000025c8c       0x74 _build/device_manager_peripheral.o
                0x0000000000025c8c                dm_register
 .text.bond_data_load
                0x0000000000025d00       0x4c _build/device_manager_peripheral.o
                0x0000000000025d00                bond_data_load
 .text.dm_ble_evt_handler
                0x0000000000025d4c      0x71c _build/device_manager_peripheral.o
                0x0000000000025d4c                dm_ble_evt_handler
 .text.SystemInit
                0x0000000000026468      0x2b0 _build/system_nrf52.o
                0x0000000000026468                SystemInit
 .text.sd_evt_get
                0x0000000000026718        0x4 _build/softdevice_handler.o
 .text.sd_softdevice_enable
                0x000000000002671c        0x4 _build/softdevice_handler.o
 .text.sd_ble_enable
                0x0000000000026720        0x4 _build/softdevice_handler.o
 .text.sd_ble_evt_get
                0x0000000000026724        0x4 _build/softdevice_handler.o
 .text.softdevice_fault_handler
                0x0000000000026728        0x8 _build/softdevice_handler.o
                0x0000000000026728                softdevice_fault_handler
 .text.intern_softdevice_events_execute.part.0
                0x0000000000026730       0xc8 _build/softdevice_handler.o
 .text.intern_softdevice_events_execute
                0x00000000000267f8       0x10 _build/softdevice_handler.o
                0x00000000000267f8                intern_softdevice_events_execute
 .text.softdevice_handler_init
                0x0000000000026808       0x88 _build/softdevice_handler.o
                0x0000000000026808                softdevice_handler_init
 .text.softdevice_ble_evt_handler_set
                0x0000000000026890       0x14 _build/softdevice_handler.o
                0x0000000000026890                softdevice_ble_evt_handler_set
 .text.softdevice_sys_evt_handler_set
                0x00000000000268a4       0x14 _build/softdevice_handler.o
                0x00000000000268a4                softdevice_sys_evt_handler_set
 .text.SWI2_EGU2_IRQHandler
                0x00000000000268b8       0x30 _build/softdevice_handler.o
                0x00000000000268b8                SWI2_EGU2_IRQHandler
 .text.softdevice_enable_get_default_config
                0x00000000000268e8       0x30 _build/softdevice_handler.o
                0x00000000000268e8                softdevice_enable_get_default_config
 .text.sd_check_ram_start
                0x0000000000026918       0x48 _build/softdevice_handler.o
                0x0000000000026918                sd_check_ram_start
 .text.softdevice_enable
                0x0000000000026960       0x7c _build/softdevice_handler.o
                0x0000000000026960                softdevice_enable
 .text          0x00000000000269dc       0x3c _build/gcc_startup_nrf52.o
                0x00000000000269dc                Reset_Handler
                0x0000000000026a04                NMI_Handler
                0x0000000000026a06                HardFault_Handler
                0x0000000000026a08                MemoryManagement_Handler
                0x0000000000026a0a                BusFault_Handler
                0x0000000000026a0c                UsageFault_Handler
                0x0000000000026a10                DebugMonitor_Handler
                0x0000000000026a14                SysTick_Handler
                0x0000000000026a16                TIMER3_IRQHandler
                0x0000000000026a16                FPU_IRQHandler
                0x0000000000026a16                SPIM0_SPIS0_TWIM0_TWIS0_SPI0_TWI0_IRQHandler
                0x0000000000026a16                UARTE0_UART0_IRQHandler
                0x0000000000026a16                TIMER4_IRQHandler
                0x0000000000026a16                I2S_IRQHandler
                0x0000000000026a16                SWI4_EGU4_IRQHandler
                0x0000000000026a16                PWM2_IRQHandler
                0x0000000000026a16                ECB_IRQHandler
                0x0000000000026a16                SPIM1_SPIS1_TWIM1_TWIS1_SPI1_TWI1_IRQHandler
                0x0000000000026a16                Default_Handler
                0x0000000000026a16                CCM_AAR_IRQHandler
                0x0000000000026a16                WDT_IRQHandler
                0x0000000000026a16                SWI5_EGU5_IRQHandler
                0x0000000000026a16                RNG_IRQHandler
                0x0000000000026a16                RTC2_IRQHandler
                0x0000000000026a16                SWI3_EGU3_IRQHandler
                0x0000000000026a16                SWI1_EGU1_IRQHandler
                0x0000000000026a16                SPIM2_SPIS2_SPI2_IRQHandler
                0x0000000000026a16                NFCT_IRQHandler
                0x0000000000026a16                MWU_IRQHandler
                0x0000000000026a16                TIMER2_IRQHandler
                0x0000000000026a16                COMP_LPCOMP_IRQHandler
                0x0000000000026a16                RTC0_IRQHandler
                0x0000000000026a16                SWI0_EGU0_IRQHandler
                0x0000000000026a16                POWER_CLOCK_IRQHandler
                0x0000000000026a16                RADIO_IRQHandler
                0x0000000000026a16                PDM_IRQHandler
                0x0000000000026a16                TEMP_IRQHandler
                0x0000000000026a16                QDEC_IRQHandler
 .text.memcmp   0x0000000000026a18       0x20 /usr/local/opt/gcc-arm-none-eabi-4_9-2015q2/bin/../lib/gcc/arm-none-eabi/4.9.3/../../../../arm-none-eabi/lib/armv7e-m/fpu/libc_nano.a(lib_a-memcmp.o)
                0x0000000000026a18                memcmp
 .text.memcpy   0x0000000000026a38       0x16 /usr/local/opt/gcc-arm-none-eabi-4_9-2015q2/bin/../lib/gcc/arm-none-eabi/4.9.3/../../../../arm-none-eabi/lib/armv7e-m/fpu/libc_nano.a(lib_a-memcpy.o)
                0x0000000000026a38                memcpy
 .text.strcpy   0x0000000000026a4e       0x10 /usr/local/opt/gcc-arm-none-eabi-4_9-2015q2/bin/../lib/gcc/arm-none-eabi/4.9.3/../../../../arm-none-eabi/lib/armv7e-m/fpu/libc_nano.a(lib_a-strcpy.o)
                0x0000000000026a4e                strcpy
 .text.strlen   0x0000000000026a5e       0x10 /usr/local/opt/gcc-arm-none-eabi-4_9-2015q2/bin/../lib/gcc/arm-none-eabi/4.9.3/../../../../arm-none-eabi/lib/armv7e-m/fpu/libc_nano.a(lib_a-strlen.o)
                0x0000000000026a5e                strlen
 *(.init)
 *fill*         0x0000000000026a6e        0x2 
 .init          0x0000000000026a70        0x4 /usr/local/opt/gcc-arm-none-eabi-4_9-2015q2/bin/../lib/gcc/arm-none-eabi/4.9.3/armv7e-m/fpu/crti.o
                0x0000000000026a70                _init
 .init          0x0000000000026a74        0x8 /usr/local/opt/gcc-arm-none-eabi-4_9-2015q2/bin/../lib/gcc/arm-none-eabi/4.9.3/armv7e-m/fpu/crtn.o
 *(.fini)
 .fini          0x0000000000026a7c        0x4 /usr/local/opt/gcc-arm-none-eabi-4_9-2015q2/bin/../lib/gcc/arm-none-eabi/4.9.3/armv7e-m/fpu/crti.o
                0x0000000000026a7c                _fini
 .fini          0x0000000000026a80        0x8 /usr/local/opt/gcc-arm-none-eabi-4_9-2015q2/bin/../lib/gcc/arm-none-eabi/4.9.3/armv7e-m/fpu/crtn.o
 *crtbegin.o(.ctors)
 *crtbegin?.o(.ctors)
 *(EXCLUDE_FILE(*crtend.o *crtend?.o) .ctors)
 *(SORT(.ctors.*))
 *(.ctors)
 *crtbegin.o(.dtors)
 *crtbegin?.o(.dtors)
 *(EXCLUDE_FILE(*crtend.o *crtend?.o) .dtors)
 *(SORT(.dtors.*))
 *(.dtors)
 *(.rodata*)
 .rodata.str1.1
                0x0000000000026a88        0x2 /usr/local/opt/gcc-arm-none-eabi-4_9-2015q2/bin/../lib/gcc/arm-none-eabi/4.9.3/../../../../arm-none-eabi/lib/armv7e-m/fpu/libc_nano.a(lib_a-impure.o)
 *fill*         0x0000000000026a8a        0x2 
 .rodata._global_impure_ptr
                0x0000000000026a8c        0x4 /usr/local/opt/gcc-arm-none-eabi-4_9-2015q2/bin/../lib/gcc/arm-none-eabi/4.9.3/../../../../arm-none-eabi/lib/armv7e-m/fpu/libc_nano.a(lib_a-impure.o)
                0x0000000000026a8c                _global_impure_ptr
 .rodata.m_detection_delay_timer_id
                0x0000000000026a90        0x4 _build/app_button.o
 .rodata.str1.4
                0x0000000000026a94        0x2 _build/app_timer_freertos.o
 *fill*         0x0000000000026a96        0x2 
 .rodata.str1.4
                0x0000000000026a98        0xe _build/nrf_log.o
 *fill*         0x0000000000026aa6        0x2 
 .rodata.str1.4
                0x0000000000026aa8       0x17 _build/SEGGER_RTT.o
 *fill*         0x0000000000026abf        0x1 
 .rodata._aV2C.4323
                0x0000000000026ac0       0x10 _build/SEGGER_RTT_printf.o
 .rodata.str1.4
                0x0000000000026ad0       0x10 _build/timers.o
 .rodata.swap_sub_state_sm_lut.7858
                0x0000000000026ae0       0x14 _build/pstorage.o
 .rodata.swap_sub_state_sm_lut.7933
                0x0000000000026af4       0x14 _build/pstorage.o
 .rodata.m_default_config
                0x0000000000026b08        0x3 _build/nrf_drv_saadc.o
 *fill*         0x0000000000026b0b        0x1 
 .rodata.m_default_config
                0x0000000000026b0c       0x10 _build/nrf_drv_timer.o
 .rodata.m_button_timer_id
                0x0000000000026b1c        0x4 _build/bsp.o
 .rodata.m_buttons_list
                0x0000000000026b20       0x10 _build/bsp.o
 .rodata.m_leds_timer_id
                0x0000000000026b30        0x4 _build/bsp.o
 .rodata.app_buttons
                0x0000000000026b34       0x20 _build/bsp.o
 .rodata.m_alert_timer_id
                0x0000000000026b54        0x4 _build/bsp.o
 .rodata.str1.4
                0x0000000000026b58        0xa _build/main.o
 *fill*         0x0000000000026b62        0x2 
 .rodata        0x0000000000026b64        0x4 _build/ble_main.o
 .rodata.str1.4
                0x0000000000026b68        0xb _build/ble_main.o
 *fill*         0x0000000000026b73        0x1 
 .rodata        0x0000000000026b74       0x28 _build/hal.o
 .rodata.m_pwm_PWM1_timer
                0x0000000000026b9c        0x8 _build/hal.o
                0x0000000000026b9c                m_pwm_PWM1_timer
 .rodata.sin_table
                0x0000000000026ba4       0x64 _build/hal.o
                0x0000000000026ba4                sin_table
 .rodata.PWM1   0x0000000000026c08        0x8 _build/hal.o
                0x0000000000026c08                PWM1
 .rodata.str1.4
                0x0000000000026c10       0x24 _build/hal.o
 .rodata        0x0000000000026c34       0x10 _build/ble_rs.o
 .rodata.m_conn_params_timer_id
                0x0000000000026c44        0x4 _build/ble_conn_params.o
 .rodata.m_service_context_store
                0x0000000000026c48       0x10 _build/device_manager_peripheral.o
                0x0000000000026c48                m_service_context_store
 .rodata.m_service_context_load
                0x0000000000026c58       0x10 _build/device_manager_peripheral.o
                0x0000000000026c58                m_service_context_load
 .rodata.m_service_context_apply
                0x0000000000026c68       0x10 _build/device_manager_peripheral.o
                0x0000000000026c68                m_service_context_apply
 .rodata.m_context_init_len
                0x0000000000026c78        0x4 _build/device_manager_peripheral.o
                0x0000000000026c78                m_context_init_len
 .rodata.str1.4
                0x0000000000026c7c      0x100 _build/softdevice_handler.o
 *(.eh_frame*)
 .eh_frame      0x0000000000026d7c        0x0 /usr/local/opt/gcc-arm-none-eabi-4_9-2015q2/bin/../lib/gcc/arm-none-eabi/4.9.3/armv7e-m/fpu/crtbegin.o
 .eh_frame      0x0000000000026d7c        0x4 /usr/local/opt/gcc-arm-none-eabi-4_9-2015q2/bin/../lib/gcc/arm-none-eabi/4.9.3/armv7e-m/fpu/crtend.o

.glue_7         0x0000000000026d80        0x0
 .glue_7        0x0000000000000000        0x0 linker stubs

.glue_7t        0x0000000000026d80        0x0
 .glue_7t       0x0000000000000000        0x0 linker stubs

.vfp11_veneer   0x0000000000026d80        0x0
 .vfp11_veneer  0x0000000000000000        0x0 linker stubs

.v4_bx          0x0000000000026d80        0x0
 .v4_bx         0x0000000000000000        0x0 linker stubs

.iplt           0x0000000000026d80        0x0
 .iplt          0x0000000000000000        0x0 /usr/local/opt/gcc-arm-none-eabi-4_9-2015q2/bin/../lib/gcc/arm-none-eabi/4.9.3/armv7e-m/fpu/crtbegin.o

.ARM.extab
 *(.ARM.extab* .gnu.linkonce.armextab.*)
                0x0000000000026d80                __exidx_start = .

.ARM.exidx      0x0000000000026d80        0x8
 *(.ARM.exidx* .gnu.linkonce.armexidx.*)
 .ARM.exidx     0x0000000000026d80        0x8 /usr/local/opt/gcc-arm-none-eabi-4_9-2015q2/bin/../lib/gcc/arm-none-eabi/4.9.3/../../../../arm-none-eabi/lib/armv7e-m/fpu/crt0.o
                0x0000000000026d88                __exidx_end = .
                0x0000000000026d88                __etext = .

.rel.dyn        0x0000000000026d88        0x0
 .rel.iplt      0x0000000000000000        0x0 /usr/local/opt/gcc-arm-none-eabi-4_9-2015q2/bin/../lib/gcc/arm-none-eabi/4.9.3/armv7e-m/fpu/crtbegin.o

.data           0x0000000020001fe8       0x78 load address 0x0000000000026d88
                0x0000000020001fe8                __data_start__ = .
 *(vtable)
 *(.data*)
 .data.impure_data
                0x0000000020001fe8       0x60 /usr/local/opt/gcc-arm-none-eabi-4_9-2015q2/bin/../lib/gcc/arm-none-eabi/4.9.3/../../../../arm-none-eabi/lib/armv7e-m/fpu/libc_nano.a(lib_a-impure.o)
 .data.xNextTaskUnblockTime
                0x0000000020002048        0x4 _build/tasks.o
 .data.m_conn_handle
                0x000000002000204c        0x2 _build/ble_main.o
 .data.current_slave_link_conn_handle.7744
                0x000000002000204e        0x2 _build/ble_advertising.o
 .data.SystemCoreClock
                0x0000000020002050        0x4 _build/system_nrf52.o
                0x0000000020002050                SystemCoreClock
                0x0000000020002054                . = ALIGN (0x4)
                0x0000000020002054                PROVIDE (__preinit_array_start, .)
 *(.preinit_array)
                0x0000000020002054                PROVIDE (__preinit_array_end, .)
                0x0000000020002054                . = ALIGN (0x4)
                0x0000000020002054                PROVIDE (__init_array_start, .)
 *(SORT(.init_array.*))
 *(.init_array)
 .init_array    0x0000000020002054        0x4 /usr/local/opt/gcc-arm-none-eabi-4_9-2015q2/bin/../lib/gcc/arm-none-eabi/4.9.3/armv7e-m/fpu/crtbegin.o
                0x0000000020002058                PROVIDE (__init_array_end, .)
                0x0000000020002058                . = ALIGN (0x4)
                0x0000000020002058                PROVIDE (__fini_array_start, .)
 *(SORT(.fini_array.*))
 *(.fini_array)
 .fini_array    0x0000000020002058        0x4 /usr/local/opt/gcc-arm-none-eabi-4_9-2015q2/bin/../lib/gcc/arm-none-eabi/4.9.3/armv7e-m/fpu/crtbegin.o
                0x000000002000205c                PROVIDE (__fini_array_end, .)
 *(.jcr*)
 .jcr           0x000000002000205c        0x0 /usr/local/opt/gcc-arm-none-eabi-4_9-2015q2/bin/../lib/gcc/arm-none-eabi/4.9.3/armv7e-m/fpu/crtbegin.o
 .jcr           0x000000002000205c        0x4 /usr/local/opt/gcc-arm-none-eabi-4_9-2015q2/bin/../lib/gcc/arm-none-eabi/4.9.3/armv7e-m/fpu/crtend.o
                0x0000000020002060                . = ALIGN (0x4)
                0x0000000020002060                __data_end__ = .
LOAD /usr/local/opt/gcc-arm-none-eabi-4_9-2015q2/bin/../lib/gcc/arm-none-eabi/4.9.3/armv7e-m/fpu/crti.o
LOAD /usr/local/opt/gcc-arm-none-eabi-4_9-2015q2/bin/../lib/gcc/arm-none-eabi/4.9.3/armv7e-m/fpu/crtbegin.o
LOAD /usr/local/opt/gcc-arm-none-eabi-4_9-2015q2/bin/../lib/gcc/arm-none-eabi/4.9.3/../../../../arm-none-eabi/lib/armv7e-m/fpu/crt0.o
LOAD /usr/local/opt/gcc-arm-none-eabi-4_9-2015q2/bin/../lib/gcc/arm-none-eabi/4.9.3/../../../../arm-none-eabi/lib/armv7e-m/fpu/libc_nano.a
LOAD /usr/local/opt/gcc-arm-none-eabi-4_9-2015q2/bin/../lib/gcc/arm-none-eabi/4.9.3/../../../../arm-none-eabi/lib/armv7e-m/fpu/libnosys.a
LOAD _build/app_button.o
LOAD _build/app_error.o
LOAD _build/app_error_weak.o
LOAD _build/app_timer_freertos.o
LOAD _build/app_trace.o
LOAD _build/app_util_platform.o
LOAD _build/fstorage.o
LOAD _build/nrf_assert.o
LOAD _build/nrf_log.o
LOAD _build/sensorsim.o
LOAD _build/app_gpiote.o
LOAD _build/app_pwm.o
LOAD _build/RTT_Syscalls_GCC.o
LOAD _build/SEGGER_RTT.o
LOAD _build/SEGGER_RTT_printf.o
LOAD _build/croutine.o
LOAD _build/event_groups.o
LOAD _build/heap_1.o
LOAD _build/list.o
LOAD _build/port.o
LOAD _build/port_cmsis.o
LOAD _build/port_cmsis_systick.o
LOAD _build/queue.o
LOAD _build/tasks.o
LOAD _build/timers.o
LOAD _build/app_fifo.o
LOAD _build/nrf_delay.o
LOAD _build/nrf_drv_common.o
LOAD _build/pstorage.o
LOAD _build/nrf_drv_clock.o
LOAD _build/nrf_drv_gpiote.o
LOAD _build/nrf_drv_saadc.o
LOAD _build/nrf_drv_ppi.o
LOAD _build/nrf_drv_timer.o
LOAD _build/nrf_drv_pwm.o
LOAD _build/nrf_saadc.o
LOAD _build/bsp.o
LOAD _build/bsp_btn_ble.o
LOAD _build/main.o
LOAD _build/ble_main.o
LOAD _build/hal.o
LOAD _build/ble_rs.o
LOAD _build/ble_advdata.o
LOAD _build/ble_advertising.o
LOAD _build/ble_conn_params.o
LOAD _build/ble_srv_common.o
LOAD _build/device_manager_peripheral.o
LOAD _build/system_nrf52.o
LOAD _build/softdevice_handler.o
LOAD _build/gcc_startup_nrf52.o
LOAD /usr/local/opt/gcc-arm-none-eabi-4_9-2015q2/bin/../lib/gcc/arm-none-eabi/4.9.3/../../../../arm-none-eabi/lib/armv7e-m/fpu/libm.a
START GROUP
LOAD /usr/local/opt/gcc-arm-none-eabi-4_9-2015q2/bin/../lib/gcc/arm-none-eabi/4.9.3/armv7e-m/fpu/libgcc.a
LOAD /usr/local/opt/gcc-arm-none-eabi-4_9-2015q2/bin/../lib/gcc/arm-none-eabi/4.9.3/../../../../arm-none-eabi/lib/armv7e-m/fpu/libc_nano.a
END GROUP
START GROUP
LOAD /usr/local/opt/gcc-arm-none-eabi-4_9-2015q2/bin/../lib/gcc/arm-none-eabi/4.9.3/armv7e-m/fpu/libgcc.a
LOAD /usr/local/opt/gcc-arm-none-eabi-4_9-2015q2/bin/../lib/gcc/arm-none-eabi/4.9.3/../../../../arm-none-eabi/lib/armv7e-m/fpu/libc_nano.a
END GROUP
LOAD /usr/local/opt/gcc-arm-none-eabi-4_9-2015q2/bin/../lib/gcc/arm-none-eabi/4.9.3/armv7e-m/fpu/crtend.o
LOAD /usr/local/opt/gcc-arm-none-eabi-4_9-2015q2/bin/../lib/gcc/arm-none-eabi/4.9.3/armv7e-m/fpu/crtn.o
START GROUP
LOAD /usr/local/opt/gcc-arm-none-eabi-4_9-2015q2/bin/../lib/gcc/arm-none-eabi/4.9.3/armv7e-m/fpu/libgcc.a
LOAD /usr/local/opt/gcc-arm-none-eabi-4_9-2015q2/bin/../lib/gcc/arm-none-eabi/4.9.3/../../../../arm-none-eabi/lib/armv7e-m/fpu/libc.a
LOAD /usr/local/opt/gcc-arm-none-eabi-4_9-2015q2/bin/../lib/gcc/arm-none-eabi/4.9.3/../../../../arm-none-eabi/lib/armv7e-m/fpu/libnosys.a
END GROUP

.igot.plt       0x0000000020002060        0x0 load address 0x0000000000026e00
 .igot.plt      0x0000000000000000        0x0 /usr/local/opt/gcc-arm-none-eabi-4_9-2015q2/bin/../lib/gcc/arm-none-eabi/4.9.3/armv7e-m/fpu/crtbegin.o

.fs_data        0x0000000020002060        0x0
                0x0000000020002060                PROVIDE (__start_fs_data, .)
 *(.fs_data)
                0x0000000020002060                PROVIDE (__stop_fs_data, .)

.bss            0x0000000020002060     0x2258 load address 0x0000000000026e00
                0x0000000020002060                . = ALIGN (0x4)
                0x0000000020002060                __bss_start__ = .
 *(.bss*)
 .bss           0x0000000020002060       0x1c /usr/local/opt/gcc-arm-none-eabi-4_9-2015q2/bin/../lib/gcc/arm-none-eabi/4.9.3/armv7e-m/fpu/crtbegin.o
 .bss.m_detection_delay
                0x000000002000207c        0x4 _build/app_button.o
 .bss.mp_buttons
                0x0000000020002080        0x4 _build/app_button.o
 .bss.m_button_count
                0x0000000020002084        0x1 _build/app_button.o
 *fill*         0x0000000020002085        0x3 
 .bss.m_detection_delay_timer_id_data
                0x0000000020002088       0x20 _build/app_button.o
 .bss.m_pin_state
                0x00000000200020a8        0x4 _build/app_button.o
 .bss.m_pin_transition
                0x00000000200020ac        0x4 _build/app_button.o
 .bss.m_prescaler
                0x00000000200020b0        0x4 _build/app_timer_freertos.o
 .bss.m_queue   0x00000000200020b4       0x58 _build/fstorage.o
 .bss.buf_down  0x000000002000210c       0x10 _build/nrf_log.o
 .bss.buf_normal_up
                0x000000002000211c      0x400 _build/nrf_log.o
 .bss.initialized.6985
                0x000000002000251c        0x1 _build/nrf_log.o
 *fill*         0x000000002000251d        0x3 
 .bss.m_instances
                0x0000000020002520        0x8 _build/app_pwm.o
 .bss.m_pwm_busy
                0x0000000020002528        0x2 _build/app_pwm.o
 *fill*         0x000000002000252a        0x2 
 .bss.m_pwm_target_value
                0x000000002000252c        0x8 _build/app_pwm.o
 .bss.m_use_ppi_delay_workaround
                0x0000000020002534        0x1 _build/app_pwm.o
 *fill*         0x0000000020002535        0x3 
 .bss._acDownBuffer
                0x0000000020002538       0x10 _build/SEGGER_RTT.o
 .bss._acUpBuffer
                0x0000000020002548      0x400 _build/SEGGER_RTT.o
 .bss.xNextFreeByte
                0x0000000020002948        0x4 _build/heap_1.o
 .bss.ucHeap    0x000000002000294c     0x1000 _build/heap_1.o
 .bss.pucAlignedHeap.7763
                0x000000002000394c        0x4 _build/heap_1.o
 .bss.uxCriticalNesting
                0x0000000020003950        0x4 _build/port_cmsis.o
 .bss.xNumOfOverflows
                0x0000000020003954        0x4 _build/tasks.o
 .bss.pxDelayedTaskList
                0x0000000020003958        0x4 _build/tasks.o
 .bss.xSchedulerRunning
                0x000000002000395c        0x4 _build/tasks.o
 .bss.uxTasksDeleted
                0x0000000020003960        0x4 _build/tasks.o
 .bss.xTasksWaitingTermination
                0x0000000020003964       0x14 _build/tasks.o
 .bss.xSuspendedTaskList
                0x0000000020003978       0x14 _build/tasks.o
 .bss.pxReadyTasksLists
                0x000000002000398c       0x3c _build/tasks.o
 .bss.uxSchedulerSuspended
                0x00000000200039c8        0x4 _build/tasks.o
 .bss.pxCurrentTCB
                0x00000000200039cc        0x4 _build/tasks.o
                0x00000000200039cc                pxCurrentTCB
 .bss.xPendingReadyList
                0x00000000200039d0       0x14 _build/tasks.o
 .bss.xIdleTaskHandle
                0x00000000200039e4        0x4 _build/tasks.o
 .bss.xTickCount
                0x00000000200039e8        0x4 _build/tasks.o
 .bss.pxOverflowDelayedTaskList
                0x00000000200039ec        0x4 _build/tasks.o
 .bss.uxTaskNumber
                0x00000000200039f0        0x4 _build/tasks.o
 .bss.xDelayedTaskList1
                0x00000000200039f4       0x14 _build/tasks.o
 .bss.xDelayedTaskList2
                0x0000000020003a08       0x14 _build/tasks.o
 .bss.uxPendedTicks
                0x0000000020003a1c        0x4 _build/tasks.o
 .bss.uxCurrentNumberOfTasks
                0x0000000020003a20        0x4 _build/tasks.o
 .bss.uxTopReadyPriority
                0x0000000020003a24        0x4 _build/tasks.o
 .bss.xYieldPending
                0x0000000020003a28        0x4 _build/tasks.o
 .bss.pxCurrentTimerList
                0x0000000020003a2c        0x4 _build/timers.o
 .bss.xActiveTimerList1
                0x0000000020003a30       0x14 _build/timers.o
 .bss.xActiveTimerList2
                0x0000000020003a44       0x14 _build/timers.o
 .bss.xLastTime.8019
                0x0000000020003a58        0x4 _build/timers.o
 .bss.xTimerQueue
                0x0000000020003a5c        0x4 _build/timers.o
 .bss.pxOverflowTimerList
                0x0000000020003a60        0x4 _build/timers.o
 .bss.xTimerTaskHandle
                0x0000000020003a64        0x4 _build/timers.o
 .bss.m_cmd_queue
                0x0000000020003a68       0xcc _build/pstorage.o
 .bss.m_num_of_bytes_written
                0x0000000020003b34        0x4 _build/pstorage.o
 .bss.m_tail_word_size
                0x0000000020003b38        0x4 _build/pstorage.o
 .bss.m_app_table
                0x0000000020003b3c       0x18 _build/pstorage.o
 .bss.m_next_app_instance
                0x0000000020003b54        0x2 _build/pstorage.o
 *fill*         0x0000000020003b56        0x2 
 .bss.m_flags   0x0000000020003b58        0x4 _build/pstorage.o
 .bss.m_swap_sub_state
                0x0000000020003b5c        0x1 _build/pstorage.o
 .bss.m_state   0x0000000020003b5d        0x1 _build/pstorage.o
 *fill*         0x0000000020003b5e        0x2 
 .bss.m_next_page_addr
                0x0000000020003b60        0x4 _build/pstorage.o
 .bss.m_app_data_size
                0x0000000020003b64        0x4 _build/pstorage.o
 .bss.m_num_of_command_retries
                0x0000000020003b68        0x4 _build/pstorage.o
 .bss.m_head_word_size
                0x0000000020003b6c        0x4 _build/pstorage.o
 .bss.m_current_page_id
                0x0000000020003b70        0x4 _build/pstorage.o
 .bss.m_cb      0x0000000020003b74       0x58 _build/nrf_drv_gpiote.o
 .bss.m_cb      0x0000000020003bcc       0x2c _build/nrf_drv_saadc.o
 .bss.m_drv_state
                0x0000000020003bf8        0x1 _build/nrf_drv_ppi.o
 .bss.m_groups_allocated
                0x0000000020003bf9        0x1 _build/nrf_drv_ppi.o
 *fill*         0x0000000020003bfa        0x2 
 .bss.m_channels_allocated
                0x0000000020003bfc        0x4 _build/nrf_drv_ppi.o
 .bss.m_cb      0x0000000020003c00       0x18 _build/nrf_drv_timer.o
 .bss.m_cb      0x0000000020003c18       0x10 _build/nrf_drv_pwm.o
 .bss.m_leds_timer_id_data
                0x0000000020003c28       0x20 _build/bsp.o
 .bss.m_alert_mask
                0x0000000020003c48        0x4 _build/bsp.o
 .bss.release_event_at_push.7198
                0x0000000020003c4c        0x4 _build/bsp.o
 .bss.m_indication_type
                0x0000000020003c50        0x4 _build/bsp.o
 .bss.m_app_ticks_per_100ms
                0x0000000020003c54        0x4 _build/bsp.o
 .bss.m_registered_callback
                0x0000000020003c58        0x4 _build/bsp.o
 .bss.m_button_timer_id_data
                0x0000000020003c5c       0x20 _build/bsp.o
 .bss.m_stable_state
                0x0000000020003c7c        0x1 _build/bsp.o
 *fill*         0x0000000020003c7d        0x3 
 .bss.m_alert_timer_id_data
                0x0000000020003c80       0x20 _build/bsp.o
 .bss.current_long_push_pin_no.7197
                0x0000000020003ca0        0x1 _build/bsp.o
 *fill*         0x0000000020003ca1        0x3 
 .bss.m_events_list
                0x0000000020003ca4        0xc _build/bsp.o
 .bss.m_error_handler
                0x0000000020003cb0        0x4 _build/bsp_btn_ble.o
 .bss.m_num_connections
                0x0000000020003cb4        0x4 _build/bsp_btn_ble.o
 .bss.adc_sampling_timer
                0x0000000020003cb8        0x4 _build/main.o
 .bss.sampling_sm
                0x0000000020003cbc        0x8 _build/main.o
 .bss.APP_TIMER_BUF.10031
                0x0000000020003cc4      0x1c8 _build/ble_main.o
 .bss.m_app_handle
                0x0000000020003e8c        0x1 _build/ble_main.o
 *fill*         0x0000000020003e8d        0x3 
 .bss.BLE_EVT_BUFFER.10104
                0x0000000020003e90       0x48 _build/ble_main.o
 .bss.sampling  0x0000000020003ed8        0x1 _build/hal.o
 *fill*         0x0000000020003ed9        0x3 
 .bss.m_ble_event_ready
                0x0000000020003edc        0x4 _build/hal.o
 .bss.counter.11322
                0x0000000020003ee0        0x4 _build/hal.o
 .bss.m_ble_stack_task
                0x0000000020003ee4        0x4 _build/hal.o
 .bss.ready_flag
                0x0000000020003ee8        0x1 _build/hal.o
 *fill*         0x0000000020003ee9        0x1 
 .bss.tail_rotor_value.11306
                0x0000000020003eea        0x2 _build/hal.o
 .bss.debounce_timer
                0x0000000020003eec        0x4 _build/hal.o
 .bss.sin_wave_timer
                0x0000000020003ef0        0x4 _build/hal.o
 .bss.main_rotor_value.11305
                0x0000000020003ef4        0x2 _build/hal.o
 *fill*         0x0000000020003ef6        0x2 
 .bss.m_advdata
                0x0000000020003ef8       0x38 _build/ble_advertising.o
 .bss.m_manuf_specific_data
                0x0000000020003f30        0xc _build/ble_advertising.o
 .bss.m_evt_handler
                0x0000000020003f3c        0x4 _build/ble_advertising.o
 .bss.m_advertising_start_pending
                0x0000000020003f40        0x1 _build/ble_advertising.o
 *fill*         0x0000000020003f41        0x3 
 .bss.m_manuf_data_array
                0x0000000020003f44       0x1f _build/ble_advertising.o
 .bss.m_whitelist_temporarily_disabled
                0x0000000020003f63        0x1 _build/ble_advertising.o
 .bss.m_error_handler
                0x0000000020003f64        0x4 _build/ble_advertising.o
 .bss.m_peer_address
                0x0000000020003f68        0x7 _build/ble_advertising.o
 *fill*         0x0000000020003f6f        0x1 
 .bss.m_adv_modes_config
                0x0000000020003f70       0x24 _build/ble_advertising.o
 .bss.mp_whitelist_addr
                0x0000000020003f94       0x20 _build/ble_advertising.o
 .bss.m_tx_power_level
                0x0000000020003fb4        0x1 _build/ble_advertising.o
 *fill*         0x0000000020003fb5        0x3 
 .bss.m_whitelist
                0x0000000020003fb8       0x10 _build/ble_advertising.o
 .bss.m_service_data_array
                0x0000000020003fc8       0x1f _build/ble_advertising.o
 .bss.m_whitelist_reply_expected
                0x0000000020003fe7        0x1 _build/ble_advertising.o
 .bss.mp_whitelist_irk
                0x0000000020003fe8       0x20 _build/ble_advertising.o
 .bss.m_adv_mode_current
                0x0000000020004008        0x1 _build/ble_advertising.o
 .bss.m_peer_addr_reply_expected
                0x0000000020004009        0x1 _build/ble_advertising.o
 *fill*         0x000000002000400a        0x2 
 .bss.m_slave_conn_int
                0x000000002000400c        0x4 _build/ble_advertising.o
 .bss.m_service_data
                0x0000000020004010        0xc _build/ble_advertising.o
 .bss.m_adv_evt
                0x000000002000401c        0x1 _build/ble_advertising.o
 .bss.m_change_param
                0x000000002000401d        0x1 _build/ble_conn_params.o
 *fill*         0x000000002000401e        0x2 
 .bss.m_current_conn_params
                0x0000000020004020        0x8 _build/ble_conn_params.o
 .bss.m_update_count
                0x0000000020004028        0x1 _build/ble_conn_params.o
 *fill*         0x0000000020004029        0x3 
 .bss.m_conn_params_config
                0x000000002000402c       0x1c _build/ble_conn_params.o
 .bss.m_conn_params_timer_id_data
                0x0000000020004048       0x20 _build/ble_conn_params.o
 .bss.m_conn_handle
                0x0000000020004068        0x2 _build/ble_conn_params.o
 *fill*         0x000000002000406a        0x2 
 .bss.m_preferred_conn_params
                0x000000002000406c        0x8 _build/ble_conn_params.o
 .bss.m_app_context_table
                0x0000000020004074       0x1c _build/device_manager_peripheral.o
 .bss.m_irk_index_table
                0x0000000020004090        0x7 _build/device_manager_peripheral.o
 .bss.m_module_initialized
                0x0000000020004097        0x1 _build/device_manager_peripheral.o
 .bss.m_connection_table
                0x0000000020004098        0xc _build/device_manager_peripheral.o
 .bss.m_peer_table
                0x00000000200040a4       0xc4 _build/device_manager_peripheral.o
 .bss.m_storage_handle
                0x0000000020004168        0x8 _build/device_manager_peripheral.o
 .bss.m_bond_table
                0x0000000020004170       0x1c _build/device_manager_peripheral.o
 .bss.m_gatts_table
                0x000000002000418c       0x24 _build/device_manager_peripheral.o
 .bss.m_peer_addr_update
                0x00000000200041b0        0x4 _build/device_manager_peripheral.o
 .bss.m_application_table
                0x00000000200041b4        0xc _build/device_manager_peripheral.o
 .bss.m_softdevice_enabled
                0x00000000200041c0        0x1 _build/softdevice_handler.o
 *fill*         0x00000000200041c1        0x1 
 .bss.m_ble_evt_buffer_size
                0x00000000200041c2        0x2 _build/softdevice_handler.o
 .bss.mp_ble_evt_buffer
                0x00000000200041c4        0x4 _build/softdevice_handler.o
 .bss.m_sys_evt_handler
                0x00000000200041c8        0x4 _build/softdevice_handler.o
 .bss.m_ble_evt_handler
                0x00000000200041cc        0x4 _build/softdevice_handler.o
 .bss.m_evt_schedule_func
                0x00000000200041d0        0x4 _build/softdevice_handler.o
 *(COMMON)
 COMMON         0x00000000200041d4        0x4 _build/app_pwm.o
                0x00000000200041d4                m_pwm_ready_counter
 COMMON         0x00000000200041d8       0x78 _build/SEGGER_RTT.o
                0x00000000200041d8                _SEGGER_RTT
 COMMON         0x0000000020004250       0x10 _build/queue.o
                0x0000000020004250                xQueueRegistry
 COMMON         0x0000000020004260       0x28 _build/main.o
                0x0000000020004260                m_rs
 COMMON         0x0000000020004288       0x24 _build/hal.o
                0x0000000020004288                m_pwm_PWM1_cb
 COMMON         0x00000000200042ac        0xc _build/softdevice_handler.o
                0x00000000200042ac                nrf_nvic_state
                0x00000000200042b8                . = ALIGN (0x4)
                0x00000000200042b8                __bss_end__ = .

.heap           0x00000000200042b8     0x2000
                0x00000000200042b8                __end__ = .
                0x00000000200042b8                PROVIDE (end, .)
 *(.heap*)
 .heap          0x00000000200042b8     0x2000 _build/gcc_startup_nrf52.o
                0x00000000200042b8                __HeapBase
                0x00000000200062b8                __HeapLimit = .

.stack_dummy    0x00000000200042b8     0x2000
 *(.stack*)
 .stack         0x00000000200042b8     0x2000 _build/gcc_startup_nrf52.o
                0x0000000020010000                __StackTop = (ORIGIN (RAM) + 0xe018)
                0x000000002000e000                __StackLimit = (__StackTop - SIZEOF (.stack_dummy))
                0x0000000020010000                PROVIDE (__stack, __StackTop)
                0x0000000000000001                ASSERT ((__StackLimit >= __HeapLimit), region RAM overflowed with stack)
OUTPUT(_build/nrf52832_xxaa_s132.out elf32-littlearm)

.ARM.attributes
                0x0000000000000000       0x30
 .ARM.attributes
                0x0000000000000000       0x22 /usr/local/opt/gcc-arm-none-eabi-4_9-2015q2/bin/../lib/gcc/arm-none-eabi/4.9.3/armv7e-m/fpu/crti.o
 .ARM.attributes
                0x0000000000000022       0x34 /usr/local/opt/gcc-arm-none-eabi-4_9-2015q2/bin/../lib/gcc/arm-none-eabi/4.9.3/armv7e-m/fpu/crtbegin.o
 .ARM.attributes
                0x0000000000000056       0x20 /usr/local/opt/gcc-arm-none-eabi-4_9-2015q2/bin/../lib/gcc/arm-none-eabi/4.9.3/../../../../arm-none-eabi/lib/armv7e-m/fpu/crt0.o
 .ARM.attributes
                0x0000000000000076       0x34 /usr/local/opt/gcc-arm-none-eabi-4_9-2015q2/bin/../lib/gcc/arm-none-eabi/4.9.3/../../../../arm-none-eabi/lib/armv7e-m/fpu/libc_nano.a(lib_a-exit.o)
 .ARM.attributes
                0x00000000000000aa       0x34 /usr/local/opt/gcc-arm-none-eabi-4_9-2015q2/bin/../lib/gcc/arm-none-eabi/4.9.3/../../../../arm-none-eabi/lib/armv7e-m/fpu/libc_nano.a(lib_a-impure.o)
 .ARM.attributes
                0x00000000000000de       0x34 /usr/local/opt/gcc-arm-none-eabi-4_9-2015q2/bin/../lib/gcc/arm-none-eabi/4.9.3/../../../../arm-none-eabi/lib/armv7e-m/fpu/libc_nano.a(lib_a-init.o)
 .ARM.attributes
                0x0000000000000112       0x34 /usr/local/opt/gcc-arm-none-eabi-4_9-2015q2/bin/../lib/gcc/arm-none-eabi/4.9.3/../../../../arm-none-eabi/lib/armv7e-m/fpu/libc_nano.a(lib_a-memset.o)
 .ARM.attributes
                0x0000000000000146       0x34 /usr/local/opt/gcc-arm-none-eabi-4_9-2015q2/bin/../lib/gcc/arm-none-eabi/4.9.3/../../../../arm-none-eabi/lib/armv7e-m/fpu/libnosys.a(_exit.o)
 .ARM.attributes
                0x000000000000017a       0x39 _build/app_button.o
 .ARM.attributes
                0x00000000000001b3       0x39 _build/app_error.o
 .ARM.attributes
                0x00000000000001ec       0x39 _build/app_error_weak.o
 .ARM.attributes
                0x0000000000000225       0x39 _build/app_timer_freertos.o
 .ARM.attributes
                0x000000000000025e       0x39 _build/app_util_platform.o
 .ARM.attributes
                0x0000000000000297       0x39 _build/fstorage.o
 .ARM.attributes
                0x00000000000002d0       0x39 _build/nrf_log.o
 .ARM.attributes
                0x0000000000000309       0x39 _build/app_pwm.o
 .ARM.attributes
                0x0000000000000342       0x39 _build/SEGGER_RTT.o
 .ARM.attributes
                0x000000000000037b       0x39 _build/SEGGER_RTT_printf.o
 .ARM.attributes
                0x00000000000003b4       0x39 _build/heap_1.o
 .ARM.attributes
                0x00000000000003ed       0x39 _build/list.o
 .ARM.attributes
                0x0000000000000426       0x39 _build/port.o
 .ARM.attributes
                0x000000000000045f       0x39 _build/port_cmsis.o
 .ARM.attributes
                0x0000000000000498       0x39 _build/port_cmsis_systick.o
 .ARM.attributes
                0x00000000000004d1       0x39 _build/queue.o
 .ARM.attributes
                0x000000000000050a       0x39 _build/tasks.o
 .ARM.attributes
                0x0000000000000543       0x39 _build/timers.o
 .ARM.attributes
                0x000000000000057c       0x39 _build/nrf_drv_common.o
 .ARM.attributes
                0x00000000000005b5       0x39 _build/pstorage.o
 .ARM.attributes
                0x00000000000005ee       0x39 _build/nrf_drv_clock.o
 .ARM.attributes
                0x0000000000000627       0x39 _build/nrf_drv_gpiote.o
 .ARM.attributes
                0x0000000000000660       0x39 _build/nrf_drv_saadc.o
 .ARM.attributes
                0x0000000000000699       0x39 _build/nrf_drv_ppi.o
 .ARM.attributes
                0x00000000000006d2       0x39 _build/nrf_drv_timer.o
 .ARM.attributes
                0x000000000000070b       0x39 _build/nrf_drv_pwm.o
 .ARM.attributes
                0x0000000000000744       0x39 _build/nrf_saadc.o
 .ARM.attributes
                0x000000000000077d       0x39 _build/bsp.o
 .ARM.attributes
                0x00000000000007b6       0x39 _build/bsp_btn_ble.o
 .ARM.attributes
                0x00000000000007ef       0x39 _build/main.o
 .ARM.attributes
                0x0000000000000828       0x39 _build/ble_main.o
 .ARM.attributes
                0x0000000000000861       0x39 _build/hal.o
 .ARM.attributes
                0x000000000000089a       0x39 _build/ble_rs.o
 .ARM.attributes
                0x00000000000008d3       0x39 _build/ble_advdata.o
 .ARM.attributes
                0x000000000000090c       0x39 _build/ble_advertising.o
 .ARM.attributes
                0x0000000000000945       0x39 _build/ble_conn_params.o
 .ARM.attributes
                0x000000000000097e       0x39 _build/device_manager_peripheral.o
 .ARM.attributes
                0x00000000000009b7       0x39 _build/system_nrf52.o
 .ARM.attributes
                0x00000000000009f0       0x39 _build/softdevice_handler.o
 .ARM.attributes
                0x0000000000000a29       0x1c _build/gcc_startup_nrf52.o
 .ARM.attributes
                0x0000000000000a45       0x34 /usr/local/opt/gcc-arm-none-eabi-4_9-2015q2/bin/../lib/gcc/arm-none-eabi/4.9.3/../../../../arm-none-eabi/lib/armv7e-m/fpu/libc_nano.a(lib_a-memcmp.o)
 .ARM.attributes
                0x0000000000000a79       0x34 /usr/local/opt/gcc-arm-none-eabi-4_9-2015q2/bin/../lib/gcc/arm-none-eabi/4.9.3/../../../../arm-none-eabi/lib/armv7e-m/fpu/libc_nano.a(lib_a-memcpy.o)
 .ARM.attributes
                0x0000000000000aad       0x34 /usr/local/opt/gcc-arm-none-eabi-4_9-2015q2/bin/../lib/gcc/arm-none-eabi/4.9.3/../../../../arm-none-eabi/lib/armv7e-m/fpu/libc_nano.a(lib_a-strcpy.o)
 .ARM.attributes
                0x0000000000000ae1       0x34 /usr/local/opt/gcc-arm-none-eabi-4_9-2015q2/bin/../lib/gcc/arm-none-eabi/4.9.3/../../../../arm-none-eabi/lib/armv7e-m/fpu/libc_nano.a(lib_a-strlen.o)
 .ARM.attributes
                0x0000000000000b15       0x34 /usr/local/opt/gcc-arm-none-eabi-4_9-2015q2/bin/../lib/gcc/arm-none-eabi/4.9.3/armv7e-m/fpu/crtend.o
 .ARM.attributes
                0x0000000000000b49       0x22 /usr/local/opt/gcc-arm-none-eabi-4_9-2015q2/bin/../lib/gcc/arm-none-eabi/4.9.3/armv7e-m/fpu/crtn.o

.comment        0x0000000000000000       0x70
 .comment       0x0000000000000000       0x70 _build/app_button.o
                                         0x71 (size before relaxing)
 .comment       0x0000000000000000       0x71 _build/app_error.o
 .comment       0x0000000000000000       0x71 _build/app_error_weak.o
 .comment       0x0000000000000000       0x71 _build/app_timer_freertos.o
 .comment       0x0000000000000000       0x71 _build/app_util_platform.o
 .comment       0x0000000000000000       0x71 _build/fstorage.o
 .comment       0x0000000000000000       0x71 _build/nrf_log.o
 .comment       0x0000000000000000       0x71 _build/app_pwm.o
 .comment       0x0000000000000000       0x71 _build/SEGGER_RTT.o
 .comment       0x0000000000000000       0x71 _build/SEGGER_RTT_printf.o
 .comment       0x0000000000000000       0x71 _build/heap_1.o
 .comment       0x0000000000000000       0x71 _build/list.o
 .comment       0x0000000000000000       0x71 _build/port.o
 .comment       0x0000000000000000       0x71 _build/port_cmsis.o
 .comment       0x0000000000000000       0x71 _build/port_cmsis_systick.o
 .comment       0x0000000000000000       0x71 _build/queue.o
 .comment       0x0000000000000000       0x71 _build/tasks.o
 .comment       0x0000000000000000       0x71 _build/timers.o
 .comment       0x0000000000000000       0x71 _build/nrf_drv_common.o
 .comment       0x0000000000000000       0x71 _build/pstorage.o
 .comment       0x0000000000000000       0x71 _build/nrf_drv_clock.o
 .comment       0x0000000000000000       0x71 _build/nrf_drv_gpiote.o
 .comment       0x0000000000000000       0x71 _build/nrf_drv_saadc.o
 .comment       0x0000000000000000       0x71 _build/nrf_drv_ppi.o
 .comment       0x0000000000000000       0x71 _build/nrf_drv_timer.o
 .comment       0x0000000000000000       0x71 _build/nrf_drv_pwm.o
 .comment       0x0000000000000000       0x71 _build/nrf_saadc.o
 .comment       0x0000000000000000       0x71 _build/bsp.o
 .comment       0x0000000000000000       0x71 _build/bsp_btn_ble.o
 .comment       0x0000000000000000       0x71 _build/main.o
 .comment       0x0000000000000000       0x71 _build/ble_main.o
 .comment       0x0000000000000000       0x71 _build/hal.o
 .comment       0x0000000000000000       0x71 _build/ble_rs.o
 .comment       0x0000000000000000       0x71 _build/ble_advdata.o
 .comment       0x0000000000000000       0x71 _build/ble_advertising.o
 .comment       0x0000000000000000       0x71 _build/ble_conn_params.o
 .comment       0x0000000000000000       0x71 _build/device_manager_peripheral.o
 .comment       0x0000000000000000       0x71 _build/system_nrf52.o
 .comment       0x0000000000000000       0x71 _build/softdevice_handler.o

.debug_frame    0x0000000000000000     0x3900
 .debug_frame   0x0000000000000000       0x28 /usr/local/opt/gcc-arm-none-eabi-4_9-2015q2/bin/../lib/gcc/arm-none-eabi/4.9.3/../../../../arm-none-eabi/lib/armv7e-m/fpu/libc_nano.a(lib_a-exit.o)
 .debug_frame   0x0000000000000028       0x2c /usr/local/opt/gcc-arm-none-eabi-4_9-2015q2/bin/../lib/gcc/arm-none-eabi/4.9.3/../../../../arm-none-eabi/lib/armv7e-m/fpu/libc_nano.a(lib_a-init.o)
 .debug_frame   0x0000000000000054       0x20 /usr/local/opt/gcc-arm-none-eabi-4_9-2015q2/bin/../lib/gcc/arm-none-eabi/4.9.3/../../../../arm-none-eabi/lib/armv7e-m/fpu/libc_nano.a(lib_a-memset.o)
 .debug_frame   0x0000000000000074       0x20 /usr/local/opt/gcc-arm-none-eabi-4_9-2015q2/bin/../lib/gcc/arm-none-eabi/4.9.3/../../../../arm-none-eabi/lib/armv7e-m/fpu/libnosys.a(_exit.o)
 .debug_frame   0x0000000000000094       0xe4 _build/app_button.o
 .debug_frame   0x0000000000000178       0x70 _build/app_error.o
 .debug_frame   0x00000000000001e8       0x20 _build/app_error_weak.o
 .debug_frame   0x0000000000000208       0xc0 _build/app_timer_freertos.o
 .debug_frame   0x00000000000002c8       0x74 _build/app_util_platform.o
 .debug_frame   0x000000000000033c      0x134 _build/fstorage.o
 .debug_frame   0x0000000000000470      0x15c _build/nrf_log.o
 .debug_frame   0x00000000000005cc      0x208 _build/app_pwm.o
 .debug_frame   0x00000000000007d4      0x2dc _build/SEGGER_RTT.o
 .debug_frame   0x0000000000000ab0       0xa0 _build/SEGGER_RTT_printf.o
 .debug_frame   0x0000000000000b50       0x5c _build/heap_1.o
 .debug_frame   0x0000000000000bac       0x70 _build/list.o
 .debug_frame   0x0000000000000c1c       0x40 _build/port.o
 .debug_frame   0x0000000000000c5c       0x84 _build/port_cmsis.o
 .debug_frame   0x0000000000000ce0       0x80 _build/port_cmsis_systick.o
 .debug_frame   0x0000000000000d60      0x26c _build/queue.o
 .debug_frame   0x0000000000000fcc      0x544 _build/tasks.o
 .debug_frame   0x0000000000001510      0x17c _build/timers.o
 .debug_frame   0x000000000000168c       0x2c _build/nrf_drv_common.o
 .debug_frame   0x00000000000016b8      0x5a8 _build/pstorage.o
 .debug_frame   0x0000000000001c60      0x168 _build/nrf_drv_clock.o
 .debug_frame   0x0000000000001dc8      0x210 _build/nrf_drv_gpiote.o
 .debug_frame   0x0000000000001fd8      0x178 _build/nrf_drv_saadc.o
 .debug_frame   0x0000000000002150      0x1cc _build/nrf_drv_ppi.o
 .debug_frame   0x000000000000231c      0x178 _build/nrf_drv_timer.o
 .debug_frame   0x0000000000002494      0x118 _build/nrf_drv_pwm.o
 .debug_frame   0x00000000000025ac       0x34 _build/nrf_saadc.o
 .debug_frame   0x00000000000025e0      0x24c _build/bsp.o
 .debug_frame   0x000000000000282c       0x70 _build/bsp_btn_ble.o
 .debug_frame   0x000000000000289c       0xac _build/main.o
 .debug_frame   0x0000000000002948      0x228 _build/ble_main.o
 .debug_frame   0x0000000000002b70      0x15c _build/hal.o
 .debug_frame   0x0000000000002ccc      0x118 _build/ble_rs.o
 .debug_frame   0x0000000000002de4      0x124 _build/ble_advdata.o
 .debug_frame   0x0000000000002f08      0x14c _build/ble_advertising.o
 .debug_frame   0x0000000000003054      0x13c _build/ble_conn_params.o
 .debug_frame   0x0000000000003190      0x4f8 _build/device_manager_peripheral.o
 .debug_frame   0x0000000000003688       0x40 _build/system_nrf52.o
 .debug_frame   0x00000000000036c8      0x1a8 _build/softdevice_handler.o
 .debug_frame   0x0000000000003870       0x28 /usr/local/opt/gcc-arm-none-eabi-4_9-2015q2/bin/../lib/gcc/arm-none-eabi/4.9.3/../../../../arm-none-eabi/lib/armv7e-m/fpu/libc_nano.a(lib_a-memcmp.o)
 .debug_frame   0x0000000000003898       0x28 /usr/local/opt/gcc-arm-none-eabi-4_9-2015q2/bin/../lib/gcc/arm-none-eabi/4.9.3/../../../../arm-none-eabi/lib/armv7e-m/fpu/libc_nano.a(lib_a-memcpy.o)
 .debug_frame   0x00000000000038c0       0x20 /usr/local/opt/gcc-arm-none-eabi-4_9-2015q2/bin/../lib/gcc/arm-none-eabi/4.9.3/../../../../arm-none-eabi/lib/armv7e-m/fpu/libc_nano.a(lib_a-strcpy.o)
 .debug_frame   0x00000000000038e0       0x20 /usr/local/opt/gcc-arm-none-eabi-4_9-2015q2/bin/../lib/gcc/arm-none-eabi/4.9.3/../../../../arm-none-eabi/lib/armv7e-m/fpu/libc_nano.a(lib_a-strlen.o)

.debug_info     0x0000000000000000    0x357b5
 .debug_info    0x0000000000000000      0x6d1 _build/app_button.o
 .debug_info    0x00000000000006d1      0x35b _build/app_error.o
 .debug_info    0x0000000000000a2c      0x315 _build/app_error_weak.o
 .debug_info    0x0000000000000d41      0xac7 _build/app_timer_freertos.o
 .debug_info    0x0000000000001808      0x618 _build/app_util_platform.o
 .debug_info    0x0000000000001e20     0x1200 _build/fstorage.o
 .debug_info    0x0000000000003020      0x59e _build/nrf_log.o
 .debug_info    0x00000000000035be     0x2f9a _build/app_pwm.o
 .debug_info    0x0000000000006558     0x20fe _build/SEGGER_RTT.o
 .debug_info    0x0000000000008656      0x7d5 _build/SEGGER_RTT_printf.o
 .debug_info    0x0000000000008e2b      0x1f8 _build/heap_1.o
 .debug_info    0x0000000000009023      0x2df _build/list.o
 .debug_info    0x0000000000009302      0x104 _build/port.o
 .debug_info    0x0000000000009406      0x881 _build/port_cmsis.o
 .debug_info    0x0000000000009c87      0xfca _build/port_cmsis_systick.o
 .debug_info    0x000000000000ac51     0x1caf _build/queue.o
 .debug_info    0x000000000000c900     0x2c09 _build/tasks.o
 .debug_info    0x000000000000f509     0x16a6 _build/timers.o
 .debug_info    0x0000000000010baf      0x602 _build/nrf_drv_common.o
 .debug_info    0x00000000000111b1     0x3624 _build/pstorage.o
 .debug_info    0x00000000000147d5      0x888 _build/nrf_drv_clock.o
 .debug_info    0x000000000001505d     0x20e5 _build/nrf_drv_gpiote.o
 .debug_info    0x0000000000017142     0x1ab5 _build/nrf_drv_saadc.o
 .debug_info    0x0000000000018bf7     0x11b5 _build/nrf_drv_ppi.o
 .debug_info    0x0000000000019dac     0x16bc _build/nrf_drv_timer.o
 .debug_info    0x000000000001b468     0x21f0 _build/nrf_drv_pwm.o
 .debug_info    0x000000000001d658      0x65a _build/nrf_saadc.o
 .debug_info    0x000000000001dcb2     0x10cb _build/bsp.o
 .debug_info    0x000000000001ed7d     0x175d _build/bsp_btn_ble.o
 .debug_info    0x00000000000204da      0x61e _build/main.o
 .debug_info    0x0000000000020af8     0x355c _build/ble_main.o
 .debug_info    0x0000000000024054     0x1d84 _build/hal.o
 .debug_info    0x0000000000025dd8     0x26d4 _build/ble_rs.o
 .debug_info    0x00000000000284ac     0x1caf _build/ble_advdata.o
 .debug_info    0x000000000002a15b     0x219c _build/ble_advertising.o
 .debug_info    0x000000000002c2f7     0x1c6b _build/ble_conn_params.o
 .debug_info    0x000000000002df62     0x4382 _build/device_manager_peripheral.o
 .debug_info    0x00000000000322e4      0xdc1 _build/system_nrf52.o
 .debug_info    0x00000000000330a5     0x2710 _build/softdevice_handler.o

.debug_abbrev   0x0000000000000000     0x7b96
 .debug_abbrev  0x0000000000000000      0x21e _build/app_button.o
 .debug_abbrev  0x000000000000021e      0x141 _build/app_error.o
 .debug_abbrev  0x000000000000035f      0x128 _build/app_error_weak.o
 .debug_abbrev  0x0000000000000487      0x29f _build/app_timer_freertos.o
 .debug_abbrev  0x0000000000000726      0x225 _build/app_util_platform.o
 .debug_abbrev  0x000000000000094b      0x3e9 _build/fstorage.o
 .debug_abbrev  0x0000000000000d34      0x244 _build/nrf_log.o
 .debug_abbrev  0x0000000000000f78      0x4bc _build/app_pwm.o
 .debug_abbrev  0x0000000000001434      0x2ee _build/SEGGER_RTT.o
 .debug_abbrev  0x0000000000001722      0x275 _build/SEGGER_RTT_printf.o
 .debug_abbrev  0x0000000000001997      0x158 _build/heap_1.o
 .debug_abbrev  0x0000000000001aef      0x10a _build/list.o
 .debug_abbrev  0x0000000000001bf9       0x7b _build/port.o
 .debug_abbrev  0x0000000000001c74      0x2cd _build/port_cmsis.o
 .debug_abbrev  0x0000000000001f41      0x343 _build/port_cmsis_systick.o
 .debug_abbrev  0x0000000000002284      0x3e4 _build/queue.o
 .debug_abbrev  0x0000000000002668      0x496 _build/tasks.o
 .debug_abbrev  0x0000000000002afe      0x3e3 _build/timers.o
 .debug_abbrev  0x0000000000002ee1      0x1a2 _build/nrf_drv_common.o
 .debug_abbrev  0x0000000000003083      0x43e _build/pstorage.o
 .debug_abbrev  0x00000000000034c1      0x3b1 _build/nrf_drv_clock.o
 .debug_abbrev  0x0000000000003872      0x488 _build/nrf_drv_gpiote.o
 .debug_abbrev  0x0000000000003cfa      0x486 _build/nrf_drv_saadc.o
 .debug_abbrev  0x0000000000004180      0x364 _build/nrf_drv_ppi.o
 .debug_abbrev  0x00000000000044e4      0x342 _build/nrf_drv_timer.o
 .debug_abbrev  0x0000000000004826      0x3f0 _build/nrf_drv_pwm.o
 .debug_abbrev  0x0000000000004c16      0x189 _build/nrf_saadc.o
 .debug_abbrev  0x0000000000004d9f      0x3e7 _build/bsp.o
 .debug_abbrev  0x0000000000005186      0x303 _build/bsp_btn_ble.o
 .debug_abbrev  0x0000000000005489      0x23b _build/main.o
 .debug_abbrev  0x00000000000056c4      0x512 _build/ble_main.o
 .debug_abbrev  0x0000000000005bd6      0x401 _build/hal.o
 .debug_abbrev  0x0000000000005fd7      0x407 _build/ble_rs.o
 .debug_abbrev  0x00000000000063de      0x36d _build/ble_advdata.o
 .debug_abbrev  0x000000000000674b      0x443 _build/ble_advertising.o
 .debug_abbrev  0x0000000000006b8e      0x445 _build/ble_conn_params.o
 .debug_abbrev  0x0000000000006fd3      0x47f _build/device_manager_peripheral.o
 .debug_abbrev  0x0000000000007452      0x1d3 _build/system_nrf52.o
 .debug_abbrev  0x0000000000007625      0x571 _build/softdevice_handler.o

.debug_loc      0x0000000000000000    0x1db33
 .debug_loc     0x0000000000000000      0x3d7 _build/app_button.o
 .debug_loc     0x00000000000003d7      0x145 _build/app_error.o
 .debug_loc     0x000000000000051c       0x42 _build/app_error_weak.o
 .debug_loc     0x000000000000055e      0x434 _build/app_timer_freertos.o
 .debug_loc     0x0000000000000992       0x1e _build/app_util_platform.o
 .debug_loc     0x00000000000009b0      0x904 _build/fstorage.o
 .debug_loc     0x00000000000012b4      0x1ea _build/nrf_log.o
 .debug_loc     0x000000000000149e     0x22fc _build/app_pwm.o
 .debug_loc     0x000000000000379a     0x3d63 _build/SEGGER_RTT.o
 .debug_loc     0x00000000000074fd     0x1051 _build/SEGGER_RTT_printf.o
 .debug_loc     0x000000000000854e       0xae _build/heap_1.o
 .debug_loc     0x00000000000085fc       0x70 _build/list.o
 .debug_loc     0x000000000000866c       0x67 _build/port_cmsis.o
 .debug_loc     0x00000000000086d3      0x149 _build/port_cmsis_systick.o
 .debug_loc     0x000000000000881c     0x12d0 _build/queue.o
 .debug_loc     0x0000000000009aec     0x1c75 _build/tasks.o
 .debug_loc     0x000000000000b761      0xe70 _build/timers.o
 .debug_loc     0x000000000000c5d1       0xd6 _build/nrf_drv_common.o
 .debug_loc     0x000000000000c6a7     0x3f40 _build/pstorage.o
 .debug_loc     0x00000000000105e7      0x1a1 _build/nrf_drv_clock.o
 .debug_loc     0x0000000000010788     0x1c11 _build/nrf_drv_gpiote.o
 .debug_loc     0x0000000000012399      0xc63 _build/nrf_drv_saadc.o
 .debug_loc     0x0000000000012ffc      0xa24 _build/nrf_drv_ppi.o
 .debug_loc     0x0000000000013a20      0xa37 _build/nrf_drv_timer.o
 .debug_loc     0x0000000000014457     0x1806 _build/nrf_drv_pwm.o
 .debug_loc     0x0000000000015c5d       0x1f _build/nrf_saadc.o
 .debug_loc     0x0000000000015c7c     0x1870 _build/bsp.o
 .debug_loc     0x00000000000174ec      0x191 _build/bsp_btn_ble.o
 .debug_loc     0x000000000001767d       0x9c _build/main.o
 .debug_loc     0x0000000000017719      0x879 _build/ble_main.o
 .debug_loc     0x0000000000017f92      0x2cb _build/hal.o
 .debug_loc     0x000000000001825d      0x427 _build/ble_rs.o
 .debug_loc     0x0000000000018684     0x1d3f _build/ble_advdata.o
 .debug_loc     0x000000000001a3c3      0x5eb _build/ble_advertising.o
 .debug_loc     0x000000000001a9ae      0x3b8 _build/ble_conn_params.o
 .debug_loc     0x000000000001ad66     0x28ca _build/device_manager_peripheral.o
 .debug_loc     0x000000000001d630      0x503 _build/softdevice_handler.o

.debug_aranges  0x0000000000000000     0x1150
 .debug_aranges
                0x0000000000000000       0x48 _build/app_button.o
 .debug_aranges
                0x0000000000000048       0x30 _build/app_error.o
 .debug_aranges
                0x0000000000000078       0x20 _build/app_error_weak.o
 .debug_aranges
                0x0000000000000098       0x40 _build/app_timer_freertos.o
 .debug_aranges
                0x00000000000000d8       0x38 _build/app_util_platform.o
 .debug_aranges
                0x0000000000000110       0x60 _build/fstorage.o
 .debug_aranges
                0x0000000000000170       0x60 _build/nrf_log.o
 .debug_aranges
                0x00000000000001d0       0x88 _build/app_pwm.o
 .debug_aranges
                0x0000000000000258       0xa0 _build/SEGGER_RTT.o
 .debug_aranges
                0x00000000000002f8       0x30 _build/SEGGER_RTT_printf.o
 .debug_aranges
                0x0000000000000328       0x38 _build/heap_1.o
 .debug_aranges
                0x0000000000000360       0x40 _build/list.o
 .debug_aranges
                0x00000000000003a0       0x30 _build/port.o
 .debug_aranges
                0x00000000000003d0       0x48 _build/port_cmsis.o
 .debug_aranges
                0x0000000000000418       0x38 _build/port_cmsis_systick.o
 .debug_aranges
                0x0000000000000450       0xc0 _build/queue.o
 .debug_aranges
                0x0000000000000510      0x180 _build/tasks.o
 .debug_aranges